Component: ARM Compiler 5.05 update 2 (build 169) Tool: armlink [4d0f33]

==============================================================================

Section Cross References

    startup_stm32l073xx.o(STACK) refers (Special) to heapauxi.o(.text) for __use_two_region_memory
    startup_stm32l073xx.o(HEAP) refers (Special) to heapauxi.o(.text) for __use_two_region_memory
    startup_stm32l073xx.o(RESET) refers (Special) to heapauxi.o(.text) for __use_two_region_memory
    startup_stm32l073xx.o(RESET) refers to startup_stm32l073xx.o(STACK) for __initial_sp
    startup_stm32l073xx.o(RESET) refers to startup_stm32l073xx.o(.text) for Reset_Handler
    startup_stm32l073xx.o(RESET) refers to tnos_cpu_rvds.o(CODE) for HardFault_Handler
    startup_stm32l073xx.o(RESET) refers to tnos_dev.o(i.USART4_5_IRQHandler) for USART4_5_IRQHandler
    startup_stm32l073xx.o(RESET) refers to tnos_dev.o(i.TIM3_IRQHandler) for TIM3_IRQHandler
    startup_stm32l073xx.o(.text) refers (Special) to heapauxi.o(.text) for __use_two_region_memory
    startup_stm32l073xx.o(.text) refers to __main.o(!!!main) for __main
    startup_stm32l073xx.o(.text) refers to startup_stm32l073xx.o(HEAP) for Heap_Mem
    startup_stm32l073xx.o(.text) refers to startup_stm32l073xx.o(STACK) for Stack_Mem
    tnos_idle.o(i.idle_task) refers to tnos_core.o(i.irq_disable) for irq_disable
    tnos_idle.o(i.idle_task) refers to tnos_dev.o(i.get_time_tick2) for get_time_tick2
    tnos_idle.o(i.idle_task) refers to tnos_core.o(i.irq_enable) for irq_enable
    tnos_idle.o(i.idle_task) refers to tnos_core.o(i.tnos_sched) for tnos_sched
    tnos_idle.o(i.idle_task) refers to main.o(i.tnos_idle_hook) for tnos_idle_hook
    tnos_idle.o(i.idle_task) refers to xtimer.o(i.pass_ticks) for pass_ticks
    tnos_idle.o(i.idle_task) refers to tnos_core.o(i.tnos_sched_lock) for tnos_sched_lock
    tnos_idle.o(i.idle_task) refers to xprintf.o(i.xprintf) for xprintf
    tnos_idle.o(i.idle_task) refers to tnos_cpu_c.o(i.tnos_taks_stk_check) for tnos_taks_stk_check
    tnos_idle.o(i.idle_task) refers to aeabi_sdiv.o(.text) for __aeabi_uidivmod
    tnos_idle.o(i.idle_task) refers to tnos_core.o(i.tnos_sched_unlock) for tnos_sched_unlock
    tnos_idle.o(i.idle_task) refers to tnos_core.o(.bss) for gs_idle_tcb
    tnos_idle.o(i.idle_task) refers to xtimer.o(.data) for g_tick
    tnos_test.o(i.task1) refers to xtimer.o(i.ttimer_set) for ttimer_set
    tnos_test.o(i.task1) refers to tnos_sem.o(i.tnos_sem_wait) for tnos_sem_wait
    tnos_test.o(i.task1) refers to xprintf.o(i.xprintf) for xprintf
    tnos_test.o(i.task1) refers to xtimer.o(i.ttimer_is_timeout) for ttimer_is_timeout
    tnos_test.o(i.task1) refers to xtimer.o(i.ttimer_repeat_abs) for ttimer_repeat_abs
    tnos_test.o(i.task1) refers to tnos_sem.o(i.tnos_sem_post) for tnos_sem_post
    tnos_test.o(i.task1) refers to tnos_test.o(.bss) for .bss
    tnos_test.o(i.task1) refers to tnos_test.o(.data) for .data
    tnos_test.o(i.tnos_app_init) refers to xutils.o(i.xsnprintf) for xsnprintf
    tnos_test.o(i.tnos_app_init) refers to tnos_core.o(i.tnos_task_create) for tnos_task_create
    tnos_test.o(i.tnos_app_init) refers to tnos_sem.o(i.tnos_sem_init) for tnos_sem_init
    tnos_test.o(i.tnos_app_init) refers to tnos_sem.o(i.tnos_sem_post) for tnos_sem_post
    tnos_test.o(i.tnos_app_init) refers to tnos_test.o(.bss) for .bss
    tnos_test.o(i.tnos_app_init) refers to tnos_test.o(i.task1) for task1
    tnos_core.o(i.irq_disable) refers to tnos_core.o(.data) for .data
    tnos_core.o(i.irq_enable) refers to xprintf.o(i.xprintf) for xprintf
    tnos_core.o(i.irq_enable) refers to tnos_core.o(i.tnos_assert) for tnos_assert
    tnos_core.o(i.irq_enable) refers to tnos_core.o(.data) for .data
    tnos_core.o(i.irq_enable) refers to tnos_core.o(.constdata) for .constdata
    tnos_core.o(i.tnos_assert) refers to xprintf.o(i.xprintf) for xprintf
    tnos_core.o(i.tnos_delay_ms) refers to tnos_core.o(i.irq_disable) for irq_disable
    tnos_core.o(i.tnos_delay_ms) refers to tnos_core.o(i.tnos_sched_noral) for tnos_sched_noral
    tnos_core.o(i.tnos_delay_ms) refers to tnos_core.o(i.irq_enable) for irq_enable
    tnos_core.o(i.tnos_delay_ms) refers to xtimer.o(i.ttimer_delay_ms) for ttimer_delay_ms
    tnos_core.o(i.tnos_delay_ms) refers to tnos_core.o(.data) for .data
    tnos_core.o(i.tnos_delay_ms) refers to tnos_core.o(.bss) for .bss
    tnos_core.o(i.tnos_do_sched) refers to clist.o(i.list_remove) for list_remove
    tnos_core.o(i.tnos_do_sched) refers to tnos_core.o(i.tnos_set_ready) for tnos_set_ready
    tnos_core.o(i.tnos_do_sched) refers to xtimer.o(i.ttimer_time_less2) for ttimer_time_less2
    tnos_core.o(i.tnos_do_sched) refers to xtimer.o(i.ttimer_set2) for ttimer_set2
    tnos_core.o(i.tnos_do_sched) refers to tnos_core.o(i.tnos_insert_delay) for tnos_insert_delay
    tnos_core.o(i.tnos_do_sched) refers to clist.o(i.list_insert_before) for list_insert_before
[...]
    .ARM.Collect$$libinit$$00000030          0x08000234   Section        0  libinit2.o(.ARM.Collect$$libinit$$00000030)
    .ARM.Collect$$libinit$$00000032          0x08000234   Section        0  libinit2.o(.ARM.Collect$$libinit$$00000032)
    .ARM.Collect$$libinit$$00000033          0x08000234   Section        2  libinit2.o(.ARM.Collect$$libinit$$00000033)
    .ARM.Collect$$libshutdown$$00000000      0x08000236   Section        2  libshutdown.o(.ARM.Collect$$libshutdown$$00000000)
    .ARM.Collect$$libshutdown$$00000003      0x08000238   Section        0  libshutdown2.o(.ARM.Collect$$libshutdown$$00000003)
    .ARM.Collect$$libshutdown$$00000006      0x08000238   Section        0  libshutdown2.o(.ARM.Collect$$libshutdown$$00000006)
    .ARM.Collect$$libshutdown$$00000009      0x08000238   Section        0  libshutdown2.o(.ARM.Collect$$libshutdown$$00000009)
    .ARM.Collect$$libshutdown$$0000000B      0x08000238   Section        0  libshutdown2.o(.ARM.Collect$$libshutdown$$0000000B)
    .ARM.Collect$$libshutdown$$0000000E      0x08000238   Section        0  libshutdown2.o(.ARM.Collect$$libshutdown$$0000000E)
    .ARM.Collect$$libshutdown$$0000000F      0x08000238   Section        2  libshutdown2.o(.ARM.Collect$$libshutdown$$0000000F)
    .ARM.Collect$$rtentry$$00000000          0x0800023a   Section        0  __rtentry.o(.ARM.Collect$$rtentry$$00000000)
    .ARM.Collect$$rtentry$$00000002          0x0800023a   Section        0  __rtentry2.o(.ARM.Collect$$rtentry$$00000002)
    .ARM.Collect$$rtentry$$00000004          0x0800023a   Section        6  __rtentry4.o(.ARM.Collect$$rtentry$$00000004)
    .ARM.Collect$$rtentry$$00000009          0x08000240   Section        0  __rtentry2.o(.ARM.Collect$$rtentry$$00000009)
    .ARM.Collect$$rtentry$$0000000A          0x08000240   Section        4  __rtentry2.o(.ARM.Collect$$rtentry$$0000000A)
    .ARM.Collect$$rtentry$$0000000C          0x08000244   Section        0  __rtentry2.o(.ARM.Collect$$rtentry$$0000000C)
    .ARM.Collect$$rtentry$$0000000D          0x08000244   Section        8  __rtentry2.o(.ARM.Collect$$rtentry$$0000000D)
    .ARM.Collect$$rtexit$$00000000           0x0800024c   Section        2  rtexit.o(.ARM.Collect$$rtexit$$00000000)
    .ARM.Collect$$rtexit$$00000002           0x0800024e   Section        0  rtexit2.o(.ARM.Collect$$rtexit$$00000002)
    .ARM.Collect$$rtexit$$00000003           0x0800024e   Section        4  rtexit2.o(.ARM.Collect$$rtexit$$00000003)
    .ARM.Collect$$rtexit$$00000004           0x08000252   Section        6  rtexit2.o(.ARM.Collect$$rtexit$$00000004)
    .emb_text                                0x08000258   Section        6  tnos_cpu_c.o(.emb_text)
    .emb_text                                0x08000260   Section       56  rt_memcpy.o(.emb_text)
    .text                                    0x08000298   Section       44  startup_stm32l073xx.o(.text)
    .text                                    0x080002c4   Section        0  lludiv.o(.text)
    .text                                    0x080003c8   Section        0  c89vsnprintf.o(.text)
    .text                                    0x08000400   Section        0  strlen.o(.text)
    .text                                    0x08000444   Section        0  rt_memcpy.o(.text)
    .text                                    0x080004c6   Section        0  rt_memclr.o(.text)
    .text                                    0x08000506   Section      346  aeabi_sdiv.o(.text)
    .text                                    0x08000660   Section        0  heapauxi.o(.text)
    .text                                    0x08000666   Section        0  _printf_pad.o(.text)
    .text                                    0x080006b4   Section        0  _printf_truncate.o(.text)
    .text                                    0x080006d8   Section        0  _printf_str.o(.text)
    .text                                    0x0800072c   Section        0  _printf_dec.o(.text)
    .text                                    0x08000798   Section        0  _printf_charcount.o(.text)
    .text                                    0x080007c0   Section        0  _printf_char_common.o(.text)
    _printf_input_char                       0x080007c1   Thumb Code    10  _printf_char_common.o(.text)
    .text                                    0x080007f0   Section        0  _sputc.o(.text)
    .text                                    0x080007fa   Section        0  _snputc.o(.text)
    .text                                    0x0800080c   Section        0  _printf_wctomb.o(.text)
    .text                                    0x080008c8   Section        0  _printf_longlong_dec.o(.text)
    .text                                    0x08000938   Section        0  _printf_oct_int_ll.o(.text)
    _printf_longlong_oct_internal            0x08000939   Thumb Code     0  _printf_oct_int_ll.o(.text)
    .text                                    0x080009a8   Section        0  _printf_hex_int_ll_ptr.o(.text)
    _printf_hex_common                       0x080009a9   Thumb Code     0  _printf_hex_int_ll_ptr.o(.text)
    .text                                    0x08000a40   Section        0  __printf_flags_ss_wp.o(.text)
    .text                                    0x08000bc8   Section        0  lludiv10.o(.text)
    .text                                    0x08000c42   Section        0  _printf_intcommon.o(.text)
    .text                                    0x08000cf4   Section        0  _printf_fp_dec.o(.text)
    _fp_digits                               0x08000cf7   Thumb Code   408  _printf_fp_dec.o(.text)
    .text                                    0x08001108   Section        0  _printf_char.o(.text)
    .text                                    0x08001136   Section        0  _printf_wchar.o(.text)
    .text                                    0x08001164   Section        0  _wcrtomb.o(.text)
    .text                                    0x080011a4   Section        0  rtudiv10.o(.text)
    .text                                    0x080011cc   Section       62  sys_stackheap_outer.o(.text)
    .text                                    0x0800120c   Section       16  rt_ctype_table.o(.text)
    .text                                    0x0800121c   Section        8  rt_locale_intlibspace.o(.text)
    .text                                    0x08001224   Section        0  _printf_fp_infnan.o(.text)
    .text                                    0x080012ac   Section        0  bigflt0.o(.text)
    .text                                    0x08001374   Section        0  btod.o(.text)
    btod_internal_mul                        0x080013b5   Thumb Code   456  btod.o(.text)
    btod_internal_div                        0x0800157d   Thumb Code   494  btod.o(.text)
    .text                                    0x0800181c   Section        0  exit.o(.text)
    .text                                    0x08001828   Section        8  libspace.o(.text)
    .text                                    0x08001830   Section        0  strcmp.o(.text)
    .text                                    0x080018b8   Section        0  sys_exit.o(.text)
    .text                                    0x080018c4   Section        2  use_no_semi.o(.text)
    .text                                    0x080018c6   Section        0  indicate_semi.o(.text)
    CODE                                     0x080018c8   Section      124  tnos_cpu_rvds.o(CODE)
    i.HAL_GPIO_Init                          0x08001944   Section        0  stm32l0xx_hal_gpio.o(i.HAL_GPIO_Init)
    i.HAL_GPIO_WritePin                      0x08001ac8   Section        0  stm32l0xx_hal_gpio.o(i.HAL_GPIO_WritePin)
    i.HAL_GetTick                            0x08001ad4   Section        0  stm32l0xx_hal.o(i.HAL_GetTick)
    i.HAL_RCCEx_GetPeriphCLKFreq             0x08001ae0   Section        0  stm32l0xx_hal_rcc_ex.o(i.HAL_RCCEx_GetPeriphCLKFreq)
    i.HAL_RCC_GetPCLK1Freq                   0x08001ca8   Section        0  stm32l0xx_hal_rcc.o(i.HAL_RCC_GetPCLK1Freq)
    i.HAL_RCC_GetPCLK2Freq                   0x08001cc8   Section        0  stm32l0xx_hal_rcc.o(i.HAL_RCC_GetPCLK2Freq)
    i.HAL_RCC_GetSysClockFreq                0x08001ce8   Section        0  stm32l0xx_hal_rcc.o(i.HAL_RCC_GetSysClockFreq)
    i.HAL_UART_Init                          0x08001d60   Section        0  stm32l0xx_hal_uart.o(i.HAL_UART_Init)
    i.HAL_UART_MspInit                       0x08001dcc   Section        0  stm32l0xx_hal_uart.o(i.HAL_UART_MspInit)
    i.LL_APB1_GRP1_EnableClock               0x08001dd0   Section        0  tnos_dev.o(i.LL_APB1_GRP1_EnableClock)
    LL_APB1_GRP1_EnableClock                 0x08001dd1   Thumb Code    18  tnos_dev.o(i.LL_APB1_GRP1_EnableClock)
    i.LL_IOP_GRP1_EnableClock                0x08001de8   Section        0  system_init.o(i.LL_IOP_GRP1_EnableClock)
    LL_IOP_GRP1_EnableClock                  0x08001de9   Thumb Code    18  system_init.o(i.LL_IOP_GRP1_EnableClock)
    i.LL_SetSystemCoreClock                  0x08001e00   Section        0  stm32l0xx_ll_utils.o(i.LL_SetSystemCoreClock)
    i.NVIC_SetPriority                       0x08001e0c   Section        0  system_init.o(i.NVIC_SetPriority)
    NVIC_SetPriority                         0x08001e0d   Thumb Code    60  system_init.o(i.NVIC_SetPriority)
    i.TIM3_IRQHandler                        0x08001e50   Section        0  tnos_dev.o(i.TIM3_IRQHandler)
    i.UART_AdvFeatureConfig                  0x08001e58   Section        0  stm32l0xx_hal_uart.o(i.UART_AdvFeatureConfig)
    i.UART_CheckIdleState                    0x08001f24   Section        0  stm32l0xx_hal_uart.o(i.UART_CheckIdleState)
    i.UART_SetConfig                         0x08001f84   Section        0  stm32l0xx_hal_uart.o(i.UART_SetConfig)
    i.UART_WaitOnFlagUntilTimeout            0x080021b4   Section        0  stm32l0xx_hal_uart.o(i.UART_WaitOnFlagUntilTimeout)
    i.USART4_5_IRQHandler                    0x08002218   Section        0  tnos_dev.o(i.USART4_5_IRQHandler)
    i.__ARM_common_ll_muluu                  0x08002244   Section        0  btod.o(i.__ARM_common_ll_muluu)
    i.__ARM_common_switch8                   0x08002274   Section        0  stm32l0xx_hal_tim.o(i.__ARM_common_switch8)
    i.__ARM_fpclassify                       0x08002290   Section        0  fpclassify.o(i.__ARM_fpclassify)
    i._is_digit                              0x080022bc   Section        0  __printf_wp.o(i._is_digit)
    i.get_time_tick                          0x080022ca   Section        0  xtimer.o(i.get_time_tick)
    get_time_tick                            0x080022cb   Thumb Code    20  xtimer.o(i.get_time_tick)
    i.get_time_tick2                         0x080022e0   Section        0  tnos_dev.o(i.get_time_tick2)
    i.hardfault_handler_proc                 0x0800231c   Section        0  tnos_cpu_c.o(i.hardfault_handler_proc)
    i.idle_task                              0x08002460   Section        0  tnos_idle.o(i.idle_task)
    i.irq_disable                            0x0800255c   Section        0  tnos_core.o(i.irq_disable)
    i.irq_enable                             0x0800256c   Section        0  tnos_core.o(i.irq_enable)
    i.list_insert_after                      0x080025bc   Section        0  clist.o(i.list_insert_after)
    i.list_insert_before                     0x080025ca   Section        0  clist.o(i.list_insert_before)
    i.list_remove                            0x080025d8   Section        0  clist.o(i.list_remove)
    i.main                                   0x080025ee   Section        0  main.o(i.main)
    i.pass_ticks                             0x080025f8   Section        0  xtimer.o(i.pass_ticks)
    i.sys_clock_init                         0x08002620   Section        0  system_init.o(i.sys_clock_init)
    sys_clock_init                           0x08002621   Thumb Code   150  system_init.o(i.sys_clock_init)
    i.task1                                  0x080026c8   Section        0  tnos_test.o(i.task1)
    task1                                    0x080026c9   Thumb Code   134  tnos_test.o(i.task1)
    i.time_add                               0x0800278c   Section        0  xtimer.o(i.time_add)
    time_add                                 0x0800278d   Thumb Code    52  xtimer.o(i.time_add)
    i.tnos_app_init                          0x080027c4   Section        0  tnos_test.o(i.tnos_app_init)
    i.tnos_assert                            0x08002860   Section        0  tnos_core.o(i.tnos_assert)
    i.tnos_board_other_init                  0x080028a0   Section        0  system_init.o(i.tnos_board_other_init)
    i.tnos_board_sys_pro_init                0x080028a2   Section        0  system_init.o(i.tnos_board_sys_pro_init)
    i.tnos_delay_ms                          0x080028e0   Section        0  tnos_core.o(i.tnos_delay_ms)
    i.tnos_do_sched                          0x08002918   Section        0  tnos_core.o(i.tnos_do_sched)
    tnos_do_sched                            0x08002919   Thumb Code   482  tnos_core.o(i.tnos_do_sched)
    i.tnos_idle_hook                         0x08002b10   Section        0  main.o(i.tnos_idle_hook)
    i.tnos_insert_delay                      0x08002b14   Section        0  tnos_core.o(i.tnos_insert_delay)
    tnos_insert_delay                        0x08002b15   Thumb Code    68  tnos_core.o(i.tnos_insert_delay)
    i.tnos_irq_delay1                        0x08002b5c   Section        0  tnos_core.o(i.tnos_irq_delay1)
    i.tnos_sched                             0x08002b66   Section        0  tnos_core.o(i.tnos_sched)
    i.tnos_sched_lock                        0x08002b80   Section        0  tnos_core.o(i.tnos_sched_lock)
    i.tnos_sched_noral                       0x08002b98   Section        0  tnos_core.o(i.tnos_sched_noral)
    tnos_sched_noral                         0x08002b99   Thumb Code    54  tnos_core.o(i.tnos_sched_noral)
    i.tnos_sched_unlock                      0x08002bd4   Section        0  tnos_core.o(i.tnos_sched_unlock)
    i.tnos_sem_init                          0x08002bfc   Section        0  tnos_sem.o(i.tnos_sem_init)
    i.tnos_sem_post                          0x08002c38   Section        0  tnos_sem.o(i.tnos_sem_post)
    i.tnos_sem_wait                          0x08002c6c   Section        0  tnos_sem.o(i.tnos_sem_wait)
    i.tnos_set_ready                         0x08002ca8   Section        0  tnos_core.o(i.tnos_set_ready)
    tnos_set_ready                           0x08002ca9   Thumb Code    66  tnos_core.o(i.tnos_set_ready)
    i.tnos_singal_init                       0x08002cf0   Section        0  tnos_core.o(i.tnos_singal_init)
    i.tnos_singal_send                       0x08002cf8   Section        0  tnos_core.o(i.tnos_singal_send)
    i.tnos_singal_wait_ms                    0x08002d48   Section        0  tnos_core.o(i.tnos_singal_wait_ms)
    i.tnos_start_rdy                         0x08002dd0   Section        0  tnos_cpu_c.o(i.tnos_start_rdy)
    i.tnos_startup                           0x08002dec   Section        0  tnos_core.o(i.tnos_startup)
    i.tnos_taks_stk_check                    0x08002ea8   Section        0  tnos_cpu_c.o(i.tnos_taks_stk_check)
    i.tnos_task_create                       0x08002ed0   Section        0  tnos_core.o(i.tnos_task_create)
    i.tnos_task_return                       0x08002f94   Section        0  tnos_core.o(i.tnos_task_return)
    i.tnos_task_stk_init                     0x08002fa4   Section        0  tnos_cpu_c.o(i.tnos_task_stk_init)
    i.tnos_tick_proess                       0x08002fe8   Section        0  tnos_core.o(i.tnos_tick_proess)
    i.tnos_tim_ms_init                       0x08003064   Section        0  tnos_dev.o(i.tnos_tim_ms_init)
    i.tnos_tim_ms_set                        0x08003068   Section        0  tnos_dev.o(i.tnos_tim_ms_set)
    i.tnos_val_init                          0x08003094   Section        0  tnos_core.o(i.tnos_val_init)
    tnos_val_init                            0x08003095   Thumb Code    92  tnos_core.o(i.tnos_val_init)
    i.ttimer_delay_ms                        0x08003108   Section        0  xtimer.o(i.ttimer_delay_ms)
    i.ttimer_init                            0x0800311c   Section        0  tnos_dev.o(i.ttimer_init)
    i.ttimer_is_timeout                      0x08003158   Section        0  xtimer.o(i.ttimer_is_timeout)
    i.ttimer_is_timeout2                     0x0800316c   Section        0  xtimer.o(i.ttimer_is_timeout2)
    i.ttimer_repeat_abs                      0x0800319c   Section        0  xtimer.o(i.ttimer_repeat_abs)
    i.ttimer_set                             0x080031ae   Section        0  xtimer.o(i.ttimer_set)
    i.ttimer_set2                            0x080031c8   Section        0  xtimer.o(i.ttimer_set2)
    i.ttimer_time_less2                      0x080031f4   Section        0  xtimer.o(i.ttimer_time_less2)
    i.ttimer_wait_timeout                    0x08003232   Section        0  xtimer.o(i.ttimer_wait_timeout)
    i.xprintf                                0x08003242   Section        0  xprintf.o(i.xprintf)
    i.xprintf_get_char                       0x08003258   Section        0  xprintf.o(i.xprintf_get_char)
    i.xprintf_init                           0x08003280   Section        0  tnos_dev.o(i.xprintf_init)
    i.xprintf_init_com                       0x0800330c   Section        0  xprintf.o(i.xprintf_init_com)
    i.xprintf_msg_put_irq                    0x08003324   Section        0  tnos_dev.o(i.xprintf_msg_put_irq)
    i.xprintf_put_char                       0x0800333c   Section        0  tnos_dev.o(i.xprintf_put_char)
    i.xprintf_w                              0x0800334c   Section        0  xprintf.o(i.xprintf_w)
    i.xsnprintf                              0x08003362   Section        0  xutils.o(i.xsnprintf)
    i.xstrlen                                0x08003376   Section        0  xutils.o(i.xstrlen)
    i.xstrncpy                               0x08003384   Section        0  xutils.o(i.xstrncpy)
    i.xvprintf                               0x080033bc   Section        0  xprintf.o(i.xvprintf)
    i.xvsnprintf                             0x08003430   Section        0  xutils.o(i.xvsnprintf)
    locale$$code                             0x08003458   Section       44  lc_numeric_c.o(locale$$code)
    locale$$code                             0x08003484   Section       44  lc_ctype_c.o(locale$$code)
    x$fpl$printf1                            0x080034b0   Section       16  printf1.o(x$fpl$printf1)
    .constdata                               0x080034c0   Section       82  tnos_core.o(.constdata)
    x$fpl$usenofp                            0x080034c0   Section        0  usenofp.o(x$fpl$usenofp)
    gs_higth_rdy_tab                         0x080034c0   Data          16  tnos_core.o(.constdata)
    __FUNCTION__                             0x080034d0   Data          11  tnos_core.o(.constdata)
    __FUNCTION__                             0x080034db   Data          17  tnos_core.o(.constdata)
    __FUNCTION__                             0x080034ec   Data          13  tnos_core.o(.constdata)
    __FUNCTION__                             0x080034f9   Data          13  tnos_core.o(.constdata)
    __FUNCTION__                             0x08003506   Data          12  tnos_core.o(.constdata)
    .constdata                               0x08003512   Section       42  tnos_sem.o(.constdata)
    __FUNCTION__                             0x08003512   Data          14  tnos_sem.o(.constdata)
    __FUNCTION__                             0x08003520   Data          14  tnos_sem.o(.constdata)
    __FUNCTION__                             0x0800352e   Data          14  tnos_sem.o(.constdata)
    .constdata                               0x0800353c   Section       25  system_stm32l0xx.o(.constdata)
    .constdata                               0x08003555   Section        8  system_stm32l0xx.o(.constdata)
    .constdata                               0x08003560   Section        8  _printf_wctomb.o(.constdata)
    initial_mbstate                          0x08003560   Data           8  _printf_wctomb.o(.constdata)
    .constdata                               0x08003568   Section       40  _printf_hex_int_ll_ptr.o(.constdata)
    uc_hextab                                0x08003568   Data          20  _printf_hex_int_ll_ptr.o(.constdata)
    lc_hextab                                0x0800357c   Data          20  _printf_hex_int_ll_ptr.o(.constdata)
    .constdata                               0x08003590   Section       17  __printf_flags_ss_wp.o(.constdata)
    maptable                                 0x08003590   Data          17  __printf_flags_ss_wp.o(.constdata)
    .constdata                               0x080035a4   Section      148  bigflt0.o(.constdata)
    tenpwrs_x                                0x080035a4   Data          60  bigflt0.o(.constdata)
    tenpwrs_i                                0x080035e0   Data          64  bigflt0.o(.constdata)
    .conststring                             0x08003638   Section      137  tnos_core.o(.conststring)
    locale$$data                             0x080036e4   Section       28  lc_numeric_c.o(locale$$data)
    __lcnum_c_name                           0x080036e8   Data           2  lc_numeric_c.o(locale$$data)
    __lcnum_c_start                          0x080036f0   Data           0  lc_numeric_c.o(locale$$data)
    __lcnum_c_point                          0x080036fc   Data           0  lc_numeric_c.o(locale$$data)
    __lcnum_c_thousands                      0x080036fe   Data           0  lc_numeric_c.o(locale$$data)
    __lcnum_c_grouping                       0x080036ff   Data           0  lc_numeric_c.o(locale$$data)
    locale$$data                             0x08003700   Section      272  lc_ctype_c.o(locale$$data)
    __lcnum_c_end                            0x08003700   Data           0  lc_numeric_c.o(locale$$data)
    __lcctype_c_name                         0x08003704   Data           2  lc_ctype_c.o(locale$$data)
    __lcctype_c_start                        0x0800370c   Data           0  lc_ctype_c.o(locale$$data)
    __lcctype_c_end                          0x08003810   Data           0  lc_ctype_c.o(locale$$data)
    .data                                    0x20000000   Section        8  tnos_test.o(.data)
    gs_cnt                                   0x20000000   Data           4  tnos_test.o(.data)
    gs_cnt_all                               0x20000004   Data           4  tnos_test.o(.data)
    .data                                    0x20000008   Section       36  tnos_core.o(.data)
    cnt                                      0x20000008   Data           1  tnos_core.o(.data)
    cnt                                      0x20000009   Data           1  tnos_core.o(.data)
    gs_rdy_grop                              0x2000000a   Data           1  tnos_core.o(.data)
    gs_rdy_wait_grop                         0x2000000b   Data           1  tnos_core.o(.data)
    gs_tnos_shed_lock_cnt                    0x2000000c   Data           2  tnos_core.o(.data)
    gs_irq_cnt                               0x2000000e   Data           2  tnos_core.o(.data)
    gs_idle_sec                              0x20000018   Data           4  tnos_core.o(.data)
    gs_prdy                                  0x2000001c   Data           4  tnos_core.o(.data)
    gs_prdy_wait                             0x20000020   Data           4  tnos_core.o(.data)
    gs_list_head_delay                       0x20000024   Data           8  tnos_core.o(.data)
    .data                                    0x2000002c   Section        8  xtimer.o(.data)
    .data                                    0x20000034   Section        4  system_stm32l0xx.o(.data)
    .data                                    0x20000038   Section        4  stm32l0xx_hal.o(.data)
    .bss                                     0x2000003c   Section    12696  tnos_test.o(.bss)
    tcb                                      0x2000003c   Data        1768  tnos_test.o(.bss)
    sem                                      0x20000724   Data         312  tnos_test.o(.bss)
    stk                                      0x2000085c   Data       10400  tnos_test.o(.bss)
    gs_delay_tab                             0x200030fc   Data         108  tnos_test.o(.bss)
    gs_wait_tab                              0x20003168   Data         108  tnos_test.o(.bss)
    .bss                                     0x200031d4   Section      644  tnos_core.o(.bss)
    gs_idle_stk                              0x20003218   Data         512  tnos_core.o(.bss)
    gs_list_rdy                              0x20003418   Data          64  tnos_core.o(.bss)
    .bss                                     0x20003458   Section       24  xprintf.o(.bss)
    gs_printf_ctrl                           0x20003458   Data          24  xprintf.o(.bss)
    .bss                                     0x20003470   Section     2200  tnos_dev.o(.bss)
    gs_buf_fmt                               0x20003470   Data         200  tnos_dev.o(.bss)
    gs_buf_send_irq                          0x20003538   Data        2000  tnos_dev.o(.bss)
    .bss                                     0x20003d08   Section       96  libspace.o(.bss)
    HEAP                                     0x20003d68   Section        0  startup_stm32l073xx.o(HEAP)
    STACK                                    0x20003d68   Section     1000  startup_stm32l073xx.o(STACK)
    Heap_Mem                                 0x20003d68   Data           0  startup_stm32l073xx.o(HEAP)
    Stack_Mem                                0x20003d68   Data        1000  startup_stm32l073xx.o(STACK)
    __initial_sp                             0x20004150   Data           0  startup_stm32l073xx.o(STACK)

    Global Symbols

    Symbol Name                              Value     Ov Type        Size  Object(Section)

    BuildAttributes$$THM_ISAv3M$S$PE$A:L22$X:L11$S22$IEEE1$IW$USESV6$~STKCKD$USESV7$~SHL$OTIME$ROPI$IEEEJ$EBA8$UX$STANDARDLIB$REQ8$PRES8$EABIv2 0x00000000   Number         0  anon$$obj.o ABSOLUTE
    __ARM_use_no_argv                        0x00000000   Number         0  main.o ABSOLUTE
    _printf_flags                            0x00000000   Number         0  printf_stubs.o ABSOLUTE
    _printf_return_value                     0x00000000   Number         0  printf_stubs.o ABSOLUTE
    _printf_sizespec                         0x00000000   Number         0  printf_stubs.o ABSOLUTE
    _printf_widthprec                        0x00000000   Number         0  printf_stubs.o ABSOLUTE
    __ARM_exceptions_init                     - Undefined Weak Reference
    __alloca_initialize                       - Undefined Weak Reference
    __arm_preinit_                            - Undefined Weak Reference
    __cpp_initialize__aeabi_                  - Undefined Weak Reference
    __cxa_finalize                            - Undefined Weak Reference
    __sigvec_lookup                           - Undefined Weak Reference
    _atexit_init                              - Undefined Weak Reference
    _call_atexit_fns                          - Undefined Weak Reference
    _clock_init                               - Undefined Weak Reference
    _fp_trap_init                             - Undefined Weak Reference
    _fp_trap_shutdown                         - Undefined Weak Reference
    _get_lc_collate                           - Undefined Weak Reference
    _get_lc_monetary                          - Undefined Weak Reference
    _get_lc_time                              - Undefined Weak Reference
    _getenv_init                              - Undefined Weak Reference
    _handle_redirection                       - Undefined Weak Reference
    _init_alloc                               - Undefined Weak Reference
    _init_user_alloc                          - Undefined Weak Reference
    _initio                                   - Undefined Weak Reference
    _printf_fp_hex                            - Undefined Weak Reference
    _printf_mbtowc                            - Undefined Weak Reference
    _printf_wc                                - Undefined Weak Reference
    _rand_init                                - Undefined Weak Reference
    _signal_finish                            - Undefined Weak Reference
    _signal_init                              - Undefined Weak Reference
    _terminate_alloc                          - Undefined Weak Reference
    _terminate_user_alloc                     - Undefined Weak Reference
    _terminateio                              - Undefined Weak Reference
    __Vectors_Size                           0x000000b8   Number         0  startup_stm32l073xx.o ABSOLUTE
    __Vectors                                0x08000000   Data           4  startup_stm32l073xx.o(RESET)
    __Vectors_End                            0x080000b8   Data           0  startup_stm32l073xx.o(RESET)
    __main                                   0x080000b9   Thumb Code     8  __main.o(!!!main)
    __scatterload                            0x080000c1   Thumb Code     0  __scatter.o(!!!scatter)
    __scatterload_rt2                        0x080000c1   Thumb Code    52  __scatter.o(!!!scatter)
    __scatterload_rt2_thumb_only             0x080000c1   Thumb Code     0  __scatter.o(!!!scatter)
    __scatterload_null                       0x080000d1   Thumb Code     0  __scatter.o(!!!scatter)
    __scatterload_copy                       0x080000fd   Thumb Code    26  __scatter_copy.o(!!handler_copy)
    __scatterload_zeroinit                   0x08000119   Thumb Code    28  __scatter_zi.o(!!handler_zi)
    _printf_percent                          0x08000135   Thumb Code     0  _printf_percent.o(.ARM.Collect$$_printf_percent$$00000000)
    _printf_n                                0x08000137   Thumb Code     0  _printf_n.o(.ARM.Collect$$_printf_percent$$00000001)
    _printf_p                                0x08000141   Thumb Code     0  _printf_p.o(.ARM.Collect$$_printf_percent$$00000002)
    _printf_f                                0x0800014b   Thumb Code     0  _printf_f.o(.ARM.Collect$$_printf_percent$$00000003)
    _printf_e                                0x08000155   Thumb Code     0  _printf_e.o(.ARM.Collect$$_printf_percent$$00000004)
    _printf_g                                0x0800015f   Thumb Code     0  _printf_g.o(.ARM.Collect$$_printf_percent$$00000005)
    _printf_a                                0x08000169   Thumb Code     0  _printf_a.o(.ARM.Collect$$_printf_percent$$00000006)
    _printf_ll                               0x08000173   Thumb Code     0  _printf_ll.o(.ARM.Collect$$_printf_percent$$00000007)
    _printf_i                                0x0800017d   Thumb Code     0  _printf_i.o(.ARM.Collect$$_printf_percent$$00000008)
    _printf_d                                0x08000187   Thumb Code     0  _printf_d.o(.ARM.Collect$$_printf_percent$$00000009)
    _printf_u                                0x08000191   Thumb Code     0  _printf_u.o(.ARM.Collect$$_printf_percent$$0000000A)
    _printf_o                                0x0800019b   Thumb Code     0  _printf_o.o(.ARM.Collect$$_printf_percent$$0000000B)
    _printf_x                                0x080001a5   Thumb Code     0  _printf_x.o(.ARM.Collect$$_printf_percent$$0000000C)
    _printf_lli                              0x080001af   Thumb Code     0  _printf_lli.o(.ARM.Collect$$_printf_percent$$0000000D)
    _printf_lld                              0x080001b9   Thumb Code     0  _printf_lld.o(.ARM.Collect$$_printf_percent$$0000000E)
    _printf_llu                              0x080001c3   Thumb Code     0  _printf_llu.o(.ARM.Collect$$_printf_percent$$0000000F)
    _printf_llo                              0x080001cd   Thumb Code     0  _printf_llo.o(.ARM.Collect$$_printf_percent$$00000010)
    _printf_llx                              0x080001d7   Thumb Code     0  _printf_llx.o(.ARM.Collect$$_printf_percent$$00000011)
    _printf_l                                0x080001e1   Thumb Code     0  _printf_l.o(.ARM.Collect$$_printf_percent$$00000012)
    _printf_c                                0x080001eb   Thumb Code     0  _printf_c.o(.ARM.Collect$$_printf_percent$$00000013)
    _printf_s                                0x080001f5   Thumb Code     0  _printf_s.o(.ARM.Collect$$_printf_percent$$00000014)
    _printf_lc                               0x080001ff   Thumb Code     0  _printf_lc.o(.ARM.Collect$$_printf_percent$$00000015)
    _printf_ls                               0x08000209   Thumb Code     0  _printf_ls.o(.ARM.Collect$$_printf_percent$$00000016)
    _printf_percent_end                      0x08000213   Thumb Code     0  _printf_percent_end.o(.ARM.Collect$$_printf_percent$$00000017)
    __rt_lib_init                            0x08000217   Thumb Code     0  libinit.o(.ARM.Collect$$libinit$$00000000)
    __rt_lib_init_fp_1                       0x08000219   Thumb Code     0  libinit2.o(.ARM.Collect$$libinit$$00000002)
    __rt_lib_init_heap_1                     0x08000219   Thumb Code     0  libinit2.o(.ARM.Collect$$libinit$$0000000A)
    __rt_lib_init_lc_common                  0x08000219   Thumb Code     0  libinit2.o(.ARM.Collect$$libinit$$0000000F)
    __rt_lib_init_preinit_1                  0x08000219   Thumb Code     0  libinit2.o(.ARM.Collect$$libinit$$00000004)
    __rt_lib_init_rand_1                     0x08000219   Thumb Code     0  libinit2.o(.ARM.Collect$$libinit$$0000000E)
    __rt_lib_init_user_alloc_1               0x08000219   Thumb Code     0  libinit2.o(.ARM.Collect$$libinit$$0000000C)
    __rt_lib_init_lc_collate_1               0x0800021f   Thumb Code     0  libinit2.o(.ARM.Collect$$libinit$$00000011)
    __rt_lib_init_lc_ctype_2                 0x0800021f   Thumb Code     0  libinit2.o(.ARM.Collect$$libinit$$00000012)
    __rt_lib_init_lc_ctype_1                 0x0800022b   Thumb Code     0  libinit2.o(.ARM.Collect$$libinit$$00000013)
    __rt_lib_init_lc_monetary_1              0x0800022b   Thumb Code     0  libinit2.o(.ARM.Collect$$libinit$$00000015)
    __rt_lib_init_lc_numeric_2               0x0800022b   Thumb Code     0  libinit2.o(.ARM.Collect$$libinit$$00000016)
    __rt_lib_init_alloca_1                   0x08000235   Thumb Code     0  libinit2.o(.ARM.Collect$$libinit$$0000002E)
    __rt_lib_init_argv_1                     0x08000235   Thumb Code     0  libinit2.o(.ARM.Collect$$libinit$$0000002C)
    __rt_lib_init_atexit_1                   0x08000235   Thumb Code     0  libinit2.o(.ARM.Collect$$libinit$$0000001B)
    __rt_lib_init_clock_1                    0x08000235   Thumb Code     0  libinit2.o(.ARM.Collect$$libinit$$00000021)
    __rt_lib_init_cpp_1                      0x08000235   Thumb Code     0  libinit2.o(.ARM.Collect$$libinit$$00000032)
    __rt_lib_init_exceptions_1               0x08000235   Thumb Code     0  libinit2.o(.ARM.Collect$$libinit$$00000030)
    __rt_lib_init_fp_trap_1                  0x08000235   Thumb Code     0  libinit2.o(.ARM.Collect$$libinit$$0000001F)
    __rt_lib_init_getenv_1                   0x08000235   Thumb Code     0  libinit2.o(.ARM.Collect$$libinit$$00000023)
    __rt_lib_init_lc_numeric_1               0x08000235   Thumb Code     0  libinit2.o(.ARM.Collect$$libinit$$00000017)
    __rt_lib_init_lc_time_1                  0x08000235   Thumb Code     0  libinit2.o(.ARM.Collect$$libinit$$00000019)
    __rt_lib_init_return                     0x08000235   Thumb Code     0  libinit2.o(.ARM.Collect$$libinit$$00000033)
    __rt_lib_init_signal_1                   0x08000235   Thumb Code     0  libinit2.o(.ARM.Collect$$libinit$$0000001D)
    __rt_lib_init_stdio_1                    0x08000235   Thumb Code     0  libinit2.o(.ARM.Collect$$libinit$$00000025)
    __rt_lib_shutdown                        0x08000237   Thumb Code     0  libshutdown.o(.ARM.Collect$$libshutdown$$00000000)
    __rt_lib_shutdown_fp_trap_1              0x08000239   Thumb Code     0  libshutdown2.o(.ARM.Collect$$libshutdown$$00000006)
    __rt_lib_shutdown_heap_1                 0x08000239   Thumb Code     0  libshutdown2.o(.ARM.Collect$$libshutdown$$0000000E)
    __rt_lib_shutdown_return                 0x08000239   Thumb Code     0  libshutdown2.o(.ARM.Collect$$libshutdown$$0000000F)
    __rt_lib_shutdown_signal_1               0x08000239   Thumb Code     0  libshutdown2.o(.ARM.Collect$$libshutdown$$00000009)
    __rt_lib_shutdown_stdio_1                0x08000239   Thumb Code     0  libshutdown2.o(.ARM.Collect$$libshutdown$$00000003)
    __rt_lib_shutdown_user_alloc_1           0x08000239   Thumb Code     0  libshutdown2.o(.ARM.Collect$$libshutdown$$0000000B)
    __rt_entry                               0x0800023b   Thumb Code     0  __rtentry.o(.ARM.Collect$$rtentry$$00000000)
    __rt_entry_presh_1                       0x0800023b   Thumb Code     0  __rtentry2.o(.ARM.Collect$$rtentry$$00000002)
    __rt_entry_sh                            0x0800023b   Thumb Code     0  __rtentry4.o(.ARM.Collect$$rtentry$$00000004)
    __rt_entry_li                            0x08000241   Thumb Code     0  __rtentry2.o(.ARM.Collect$$rtentry$$0000000A)
    __rt_entry_postsh_1                      0x08000241   Thumb Code     0  __rtentry2.o(.ARM.Collect$$rtentry$$00000009)
    __rt_entry_main                          0x08000245   Thumb Code     0  __rtentry2.o(.ARM.Collect$$rtentry$$0000000D)
    __rt_entry_postli_1                      0x08000245   Thumb Code     0  __rtentry2.o(.ARM.Collect$$rtentry$$0000000C)
    __rt_exit                                0x0800024d   Thumb Code     0  rtexit.o(.ARM.Collect$$rtexit$$00000000)
    __rt_exit_ls                             0x0800024f   Thumb Code     0  rtexit2.o(.ARM.Collect$$rtexit$$00000003)
    __rt_exit_prels_1                        0x0800024f   Thumb Code     0  rtexit2.o(.ARM.Collect$$rtexit$$00000002)
    __rt_exit_exit                           0x08000253   Thumb Code     0  rtexit2.o(.ARM.Collect$$rtexit$$00000004)
    __set_PSP                                0x08000259   Thumb Code     6  tnos_cpu_c.o(.emb_text)
    __aeabi_memcpy4                          0x08000261   Thumb Code    56  rt_memcpy.o(.emb_text)
    __aeabi_memcpy8                          0x08000261   Thumb Code     0  rt_memcpy.o(.emb_text)
    Reset_Handler                            0x08000299   Thumb Code     4  startup_stm32l073xx.o(.text)
    NMI_Handler                              0x0800029d   Thumb Code     2  startup_stm32l073xx.o(.text)
    SVC_Handler                              0x080002a1   Thumb Code     2  startup_stm32l073xx.o(.text)
    SysTick_Handler                          0x080002a5   Thumb Code     2  startup_stm32l073xx.o(.text)
    ADC1_COMP_IRQHandler                     0x080002a7   Thumb Code     0  startup_stm32l073xx.o(.text)
    DMA1_Channel1_IRQHandler                 0x080002a7   Thumb Code     0  startup_stm32l073xx.o(.text)
    DMA1_Channel2_3_IRQHandler               0x080002a7   Thumb Code     0  startup_stm32l073xx.o(.text)
    DMA1_Channel4_5_6_7_IRQHandler           0x080002a7   Thumb Code     0  startup_stm32l073xx.o(.text)
    EXTI0_1_IRQHandler                       0x080002a7   Thumb Code     0  startup_stm32l073xx.o(.text)
    EXTI2_3_IRQHandler                       0x080002a7   Thumb Code     0  startup_stm32l073xx.o(.text)
    EXTI4_15_IRQHandler                      0x080002a7   Thumb Code     0  startup_stm32l073xx.o(.text)
    FLASH_IRQHandler                         0x080002a7   Thumb Code     0  startup_stm32l073xx.o(.text)
    I2C1_IRQHandler                          0x080002a7   Thumb Code     0  startup_stm32l073xx.o(.text)
    I2C2_IRQHandler                          0x080002a7   Thumb Code     0  startup_stm32l073xx.o(.text)
    I2C3_IRQHandler                          0x080002a7   Thumb Code     0  startup_stm32l073xx.o(.text)
    LCD_IRQHandler                           0x080002a7   Thumb Code     0  startup_stm32l073xx.o(.text)
    LPTIM1_IRQHandler                        0x080002a7   Thumb Code     0  startup_stm32l073xx.o(.text)
    PVD_IRQHandler                           0x080002a7   Thumb Code     0  startup_stm32l073xx.o(.text)
    RCC_CRS_IRQHandler                       0x080002a7   Thumb Code     0  startup_stm32l073xx.o(.text)
    RNG_LPUART1_IRQHandler                   0x080002a7   Thumb Code     0  startup_stm32l073xx.o(.text)
    RTC_IRQHandler                           0x080002a7   Thumb Code     0  startup_stm32l073xx.o(.text)
    SPI1_IRQHandler                          0x080002a7   Thumb Code     0  startup_stm32l073xx.o(.text)
    SPI2_IRQHandler                          0x080002a7   Thumb Code     0  startup_stm32l073xx.o(.text)
    TIM21_IRQHandler                         0x080002a7   Thumb Code     0  startup_stm32l073xx.o(.text)
    TIM22_IRQHandler                         0x080002a7   Thumb Code     0  startup_stm32l073xx.o(.text)
    TIM2_IRQHandler                          0x080002a7   Thumb Code     0  startup_stm32l073xx.o(.text)
    TIM6_DAC_IRQHandler                      0x080002a7   Thumb Code     0  startup_stm32l073xx.o(.text)
    TIM7_IRQHandler                          0x080002a7   Thumb Code     0  startup_stm32l073xx.o(.text)
    TSC_IRQHandler                           0x080002a7   Thumb Code     0  startup_stm32l073xx.o(.text)
    USART1_IRQHandler                        0x080002a7   Thumb Code     0  startup_stm32l073xx.o(.text)
    USART2_IRQHandler                        0x080002a7   Thumb Code     0  startup_stm32l073xx.o(.text)
    USB_IRQHandler                           0x080002a7   Thumb Code     0  startup_stm32l073xx.o(.text)
    WWDG_IRQHandler                          0x080002a7   Thumb Code     0  startup_stm32l073xx.o(.text)
    __user_initial_stackheap                 0x080002a9   Thumb Code     0  startup_stm32l073xx.o(.text)
    __aeabi_uldivmod                         0x080002c5   Thumb Code   258  lludiv.o(.text)
    _ll_udiv                                 0x080002c5   Thumb Code     0  lludiv.o(.text)
    __c89vsnprintf                           0x080003c9   Thumb Code    50  c89vsnprintf.o(.text)
    strlen                                   0x08000401   Thumb Code    62  strlen.o(.text)
    __aeabi_memcpy                           0x08000445   Thumb Code   130  rt_memcpy.o(.text)
    __rt_memcpy                              0x08000445   Thumb Code     0  rt_memcpy.o(.text)
    _memset_w                                0x080004c7   Thumb Code    26  rt_memclr.o(.text)
    _memset                                  0x080004e1   Thumb Code    30  rt_memclr.o(.text)
    __aeabi_memclr                           0x080004ff   Thumb Code     4  rt_memclr.o(.text)
    __rt_memclr                              0x080004ff   Thumb Code     0  rt_memclr.o(.text)
    __aeabi_memclr4                          0x08000503   Thumb Code     0  rt_memclr.o(.text)
    __aeabi_memclr8                          0x08000503   Thumb Code     0  rt_memclr.o(.text)
    __rt_memclr_w                            0x08000503   Thumb Code     4  rt_memclr.o(.text)
    __aeabi_uidiv                            0x08000507   Thumb Code     0  aeabi_sdiv.o(.text)
    __aeabi_uidivmod                         0x08000507   Thumb Code    20  aeabi_sdiv.o(.text)
    __aeabi_idiv                             0x0800051b   Thumb Code     0  aeabi_sdiv.o(.text)
    __aeabi_idivmod                          0x0800051b   Thumb Code   326  aeabi_sdiv.o(.text)
    __use_two_region_memory                  0x08000661   Thumb Code     2  heapauxi.o(.text)
    __rt_heap_escrow$2region                 0x08000663   Thumb Code     2  heapauxi.o(.text)
    __rt_heap_expand$2region                 0x08000665   Thumb Code     2  heapauxi.o(.text)
    _printf_pre_padding                      0x08000667   Thumb Code    44  _printf_pad.o(.text)
    _printf_post_padding                     0x08000693   Thumb Code    34  _printf_pad.o(.text)
    _printf_truncate_signed                  0x080006b5   Thumb Code    18  _printf_truncate.o(.text)
    _printf_truncate_unsigned                0x080006c7   Thumb Code    18  _printf_truncate.o(.text)
    _printf_str                              0x080006d9   Thumb Code    82  _printf_str.o(.text)
    _printf_int_dec                          0x0800072d   Thumb Code    90  _printf_dec.o(.text)
    _printf_charcount                        0x08000799   Thumb Code    38  _printf_charcount.o(.text)
    _printf_char_common                      0x080007cb   Thumb Code    32  _printf_char_common.o(.text)
    _sputc                                   0x080007f1   Thumb Code    10  _sputc.o(.text)
    _snputc                                  0x080007fb   Thumb Code    16  _snputc.o(.text)
    _printf_wctomb                           0x0800080d   Thumb Code   182  _printf_wctomb.o(.text)
    _printf_longlong_dec                     0x080008c9   Thumb Code    94  _printf_longlong_dec.o(.text)
    _printf_longlong_oct                     0x08000939   Thumb Code    68  _printf_oct_int_ll.o(.text)
    _printf_int_oct                          0x0800097d   Thumb Code    24  _printf_oct_int_ll.o(.text)
    _printf_ll_oct                           0x08000995   Thumb Code    10  _printf_oct_int_ll.o(.text)
    _printf_longlong_hex                     0x080009a9   Thumb Code    88  _printf_hex_int_ll_ptr.o(.text)
    _printf_int_hex                          0x08000a01   Thumb Code    28  _printf_hex_int_ll_ptr.o(.text)
    _printf_ll_hex                           0x08000a1d   Thumb Code    10  _printf_hex_int_ll_ptr.o(.text)
    _printf_hex_ptr                          0x08000a27   Thumb Code    22  _printf_hex_int_ll_ptr.o(.text)
    __printf                                 0x08000a41   Thumb Code   386  __printf_flags_ss_wp.o(.text)
    _ll_udiv10                               0x08000bc9   Thumb Code   122  lludiv10.o(.text)
    _printf_int_common                       0x08000c43   Thumb Code   176  _printf_intcommon.o(.text)
    __lib_sel_fp_printf                      0x08000cf5   Thumb Code     2  _printf_fp_dec.o(.text)
    _printf_fp_dec_real                      0x08000e8f   Thumb Code   620  _printf_fp_dec.o(.text)
    _printf_cs_common                        0x08001109   Thumb Code    22  _printf_char.o(.text)
    _printf_char                             0x0800111f   Thumb Code    16  _printf_char.o(.text)
    _printf_string                           0x0800112f   Thumb Code     8  _printf_char.o(.text)
    _printf_lcs_common                       0x08001137   Thumb Code    22  _printf_wchar.o(.text)
    _printf_wchar                            0x0800114d   Thumb Code    16  _printf_wchar.o(.text)
    _printf_wstring                          0x0800115d   Thumb Code     8  _printf_wchar.o(.text)
    _wcrtomb                                 0x08001165   Thumb Code    64  _wcrtomb.o(.text)
    __rt_udiv10                              0x080011a5   Thumb Code    40  rtudiv10.o(.text)
    __user_setup_stackheap                   0x080011cd   Thumb Code    62  sys_stackheap_outer.o(.text)
    __rt_ctype_table                         0x0800120d   Thumb Code    16  rt_ctype_table.o(.text)
    __rt_locale                              0x0800121d   Thumb Code     8  rt_locale_intlibspace.o(.text)
    _printf_fp_infnan                        0x08001225   Thumb Code   120  _printf_fp_infnan.o(.text)
    _btod_etento                             0x080012ad   Thumb Code   196  bigflt0.o(.text)
    _btod_d2e                                0x08001375   Thumb Code    64  btod.o(.text)
    _btod_emul                               0x0800176b   Thumb Code    24  btod.o(.text)
    _btod_emuld                              0x08001783   Thumb Code    60  btod.o(.text)
    _btod_ediv                               0x080017bf   Thumb Code    22  btod.o(.text)
    _btod_edivd                              0x080017d5   Thumb Code    60  btod.o(.text)
    exit                                     0x0800181d   Thumb Code    12  exit.o(.text)
    __user_libspace                          0x08001829   Thumb Code     8  libspace.o(.text)
    __user_perproc_libspace                  0x08001829   Thumb Code     0  libspace.o(.text)
    __user_perthread_libspace                0x08001829   Thumb Code     0  libspace.o(.text)
    strcmp                                   0x08001831   Thumb Code   132  strcmp.o(.text)
    _sys_exit                                0x080018b9   Thumb Code     8  sys_exit.o(.text)
    __I$use$semihosting                      0x080018c5   Thumb Code     0  use_no_semi.o(.text)
    __use_no_semihosting_swi                 0x080018c5   Thumb Code     2  use_no_semi.o(.text)
    __semihosting_library_function           0x080018c7   Thumb Code     0  indicate_semi.o(.text)
    PendSV_Handler                           0x080018c9   Thumb Code    74  tnos_cpu_rvds.o(CODE)
    HardFault_Handler                        0x08001915   Thumb Code    38  tnos_cpu_rvds.o(CODE)
    HAL_GPIO_Init                            0x08001945   Thumb Code   356  stm32l0xx_hal_gpio.o(i.HAL_GPIO_Init)
    HAL_GPIO_WritePin                        0x08001ac9   Thumb Code    12  stm32l0xx_hal_gpio.o(i.HAL_GPIO_WritePin)
    HAL_GetTick                              0x08001ad5   Thumb Code     6  stm32l0xx_hal.o(i.HAL_GetTick)
    HAL_RCCEx_GetPeriphCLKFreq               0x08001ae1   Thumb Code   414  stm32l0xx_hal_rcc_ex.o(i.HAL_RCCEx_GetPeriphCLKFreq)
    HAL_RCC_GetPCLK1Freq                     0x08001ca9   Thumb Code    20  stm32l0xx_hal_rcc.o(i.HAL_RCC_GetPCLK1Freq)
    HAL_RCC_GetPCLK2Freq                     0x08001cc9   Thumb Code    20  stm32l0xx_hal_rcc.o(i.HAL_RCC_GetPCLK2Freq)
    HAL_RCC_GetSysClockFreq                  0x08001ce9   Thumb Code   100  stm32l0xx_hal_rcc.o(i.HAL_RCC_GetSysClockFreq)
    HAL_UART_Init                            0x08001d61   Thumb Code   108  stm32l0xx_hal_uart.o(i.HAL_UART_Init)
    HAL_UART_MspInit                         0x08001dcd   Thumb Code     2  stm32l0xx_hal_uart.o(i.HAL_UART_MspInit)
    LL_SetSystemCoreClock                    0x08001e01   Thumb Code     6  stm32l0xx_ll_utils.o(i.LL_SetSystemCoreClock)
    TIM3_IRQHandler                          0x08001e51   Thumb Code     8  tnos_dev.o(i.TIM3_IRQHandler)
    UART_AdvFeatureConfig                    0x08001e59   Thumb Code   202  stm32l0xx_hal_uart.o(i.UART_AdvFeatureConfig)
    UART_CheckIdleState                      0x08001f25   Thumb Code    90  stm32l0xx_hal_uart.o(i.UART_CheckIdleState)
    UART_SetConfig                           0x08001f85   Thumb Code   510  stm32l0xx_hal_uart.o(i.UART_SetConfig)
    UART_WaitOnFlagUntilTimeout              0x080021b5   Thumb Code    98  stm32l0xx_hal_uart.o(i.UART_WaitOnFlagUntilTimeout)
    USART4_5_IRQHandler                      0x08002219   Thumb Code    38  tnos_dev.o(i.USART4_5_IRQHandler)
    __ARM_common_ll_muluu                    0x08002245   Thumb Code    48  btod.o(i.__ARM_common_ll_muluu)
    __ARM_common_switch8                     0x08002275   Thumb Code    26  stm32l0xx_hal_tim.o(i.__ARM_common_switch8)
    __ARM_fpclassify                         0x08002291   Thumb Code    40  fpclassify.o(i.__ARM_fpclassify)
    _is_digit                                0x080022bd   Thumb Code    14  __printf_wp.o(i._is_digit)
    get_time_tick2                           0x080022e1   Thumb Code    52  tnos_dev.o(i.get_time_tick2)
    hardfault_handler_proc                   0x0800231d   Thumb Code   132  tnos_cpu_c.o(i.hardfault_handler_proc)
    idle_task                                0x08002461   Thumb Code   196  tnos_idle.o(i.idle_task)
    irq_disable                              0x0800255d   Thumb Code    12  tnos_core.o(i.irq_disable)
    irq_enable                               0x0800256d   Thumb Code    48  tnos_core.o(i.irq_enable)
    list_insert_after                        0x080025bd   Thumb Code    14  clist.o(i.list_insert_after)
    list_insert_before                       0x080025cb   Thumb Code    14  clist.o(i.list_insert_before)
    list_remove                              0x080025d9   Thumb Code    22  clist.o(i.list_remove)
    main                                     0x080025ef   Thumb Code    10  main.o(i.main)
    pass_ticks                               0x080025f9   Thumb Code    40  xtimer.o(i.pass_ticks)
    tnos_app_init                            0x080027c5   Thumb Code   124  tnos_test.o(i.tnos_app_init)
    tnos_assert                              0x08002861   Thumb Code    14  tnos_core.o(i.tnos_assert)
    tnos_board_other_init                    0x080028a1   Thumb Code     2  system_init.o(i.tnos_board_other_init)
    tnos_board_sys_pro_init                  0x080028a3   Thumb Code    60  system_init.o(i.tnos_board_sys_pro_init)
    tnos_delay_ms                            0x080028e1   Thumb Code    46  tnos_core.o(i.tnos_delay_ms)
    tnos_idle_hook                           0x08002b11   Thumb Code     2  main.o(i.tnos_idle_hook)
    tnos_irq_delay1                          0x08002b5d   Thumb Code    10  tnos_core.o(i.tnos_irq_delay1)
    tnos_sched                               0x08002b67   Thumb Code    24  tnos_core.o(i.tnos_sched)
    tnos_sched_lock                          0x08002b81   Thumb Code    20  tnos_core.o(i.tnos_sched_lock)
    tnos_sched_unlock                        0x08002bd5   Thumb Code    36  tnos_core.o(i.tnos_sched_unlock)
    tnos_sem_init                            0x08002bfd   Thumb Code    38  tnos_sem.o(i.tnos_sem_init)
    tnos_sem_post                            0x08002c39   Thumb Code    32  tnos_sem.o(i.tnos_sem_post)
    tnos_sem_wait                            0x08002c6d   Thumb Code    40  tnos_sem.o(i.tnos_sem_wait)
    tnos_singal_init                         0x08002cf1   Thumb Code     8  tnos_core.o(i.tnos_singal_init)
    tnos_singal_send                         0x08002cf9   Thumb Code    68  tnos_core.o(i.tnos_singal_send)
    tnos_singal_wait_ms                      0x08002d49   Thumb Code   128  tnos_core.o(i.tnos_singal_wait_ms)
    tnos_start_rdy                           0x08002dd1   Thumb Code    22  tnos_cpu_c.o(i.tnos_start_rdy)
    tnos_startup                             0x08002ded   Thumb Code    92  tnos_core.o(i.tnos_startup)
    tnos_taks_stk_check                      0x08002ea9   Thumb Code    36  tnos_cpu_c.o(i.tnos_taks_stk_check)
    tnos_task_create                         0x08002ed1   Thumb Code   182  tnos_core.o(i.tnos_task_create)
    tnos_task_return                         0x08002f95   Thumb Code    10  tnos_core.o(i.tnos_task_return)
    tnos_task_stk_init                       0x08002fa5   Thumb Code    58  tnos_cpu_c.o(i.tnos_task_stk_init)
    tnos_tick_proess                         0x08002fe9   Thumb Code   118  tnos_core.o(i.tnos_tick_proess)
    tnos_tim_ms_init                         0x08003065   Thumb Code     2  tnos_dev.o(i.tnos_tim_ms_init)
    tnos_tim_ms_set                          0x08003069   Thumb Code    36  tnos_dev.o(i.tnos_tim_ms_set)
    ttimer_delay_ms                          0x08003109   Thumb Code    18  xtimer.o(i.ttimer_delay_ms)
    ttimer_init                              0x0800311d   Thumb Code    42  tnos_dev.o(i.ttimer_init)
    ttimer_is_timeout                        0x08003159   Thumb Code    20  xtimer.o(i.ttimer_is_timeout)
    ttimer_is_timeout2                       0x0800316d   Thumb Code    48  xtimer.o(i.ttimer_is_timeout2)
    ttimer_repeat_abs                        0x0800319d   Thumb Code    18  xtimer.o(i.ttimer_repeat_abs)
    ttimer_set                               0x080031af   Thumb Code    24  xtimer.o(i.ttimer_set)
    ttimer_set2                              0x080031c9   Thumb Code    38  xtimer.o(i.ttimer_set2)
    ttimer_time_less2                        0x080031f5   Thumb Code    62  xtimer.o(i.ttimer_time_less2)
    ttimer_wait_timeout                      0x08003233   Thumb Code    16  xtimer.o(i.ttimer_wait_timeout)
    xprintf                                  0x08003243   Thumb Code    22  xprintf.o(i.xprintf)
    xprintf_get_char                         0x08003259   Thumb Code    34  xprintf.o(i.xprintf_get_char)
    xprintf_init                             0x08003281   Thumb Code   122  tnos_dev.o(i.xprintf_init)
    xprintf_init_com                         0x0800330d   Thumb Code    20  xprintf.o(i.xprintf_init_com)
    xprintf_msg_put_irq                      0x08003325   Thumb Code    18  tnos_dev.o(i.xprintf_msg_put_irq)
    xprintf_put_char                         0x0800333d   Thumb Code    12  tnos_dev.o(i.xprintf_put_char)
    xprintf_w                                0x0800334d   Thumb Code    22  xprintf.o(i.xprintf_w)
    xsnprintf                                0x08003363   Thumb Code    20  xutils.o(i.xsnprintf)
    xstrlen                                  0x08003377   Thumb Code    14  xutils.o(i.xstrlen)
    xstrncpy                                 0x08003385   Thumb Code    56  xutils.o(i.xstrncpy)
    xvprintf                                 0x080033bd   Thumb Code   110  xprintf.o(i.xvprintf)
    xvsnprintf                               0x08003431   Thumb Code    40  xutils.o(i.xvsnprintf)
    _get_lc_numeric                          0x08003459   Thumb Code    44  lc_numeric_c.o(locale$$code)
    _get_lc_ctype                            0x08003485   Thumb Code    44  lc_ctype_c.o(locale$$code)
    _printf_fp_dec                           0x080034b1   Thumb Code    16  printf1.o(x$fpl$printf1)
    __I$use$fp                               0x080034c0   Number         0  usenofp.o(x$fpl$usenofp)
    AHBPrescTable                            0x0800353c   Data          16  system_stm32l0xx.o(.constdata)
    PLLMulTable                              0x0800354c   Data           9  system_stm32l0xx.o(.constdata)
    APBPrescTable                            0x08003555   Data           8  system_stm32l0xx.o(.constdata)
    Region$$Table$$Base                      0x080036c4   Number         0  anon$$obj.o(Region$$Table)
    Region$$Table$$Limit                     0x080036e4   Number         0  anon$$obj.o(Region$$Table)
    __ctype                                  0x0800370d   Data           0  lc_ctype_c.o(locale$$data)
    gs_ptnos_tcb_cur                         0x20000010   Data           4  tnos_core.o(.data)
    gs_ptnos_tcb_ready                       0x20000014   Data           4  tnos_core.o(.data)
    g_tick                                   0x2000002c   Data           8  xtimer.o(.data)
    SystemCoreClock                          0x20000034   Data           4  system_stm32l0xx.o(.data)
    uwTick                                   0x20000038   Data           4  stm32l0xx_hal.o(.data)
    gs_idle_tcb                              0x200031d4   Data          68  tnos_core.o(.bss)
    __libspace_start                         0x20003d08   Data          96  libspace.o(.bss)
    __temporary_stack_top$libspace           0x20003d68   Data           0  libspace.o(.bss)



==============================================================================

Memory Map of the image

  Image Entry point : 0x080000b9

  Load Region LR_IROM1 (Base: 0x08000000, Size: 0x0000384c, Max: 0x00030000, ABSOLUTE)

    Execution Region ER_IROM1 (Base: 0x08000000, Size: 0x00003810, Max: 0x00030000, ABSOLUTE)

    Base Addr    Size         Type   Attr      Idx    E Section Name        Object

    0x08000000   0x000000b8   Data   RO            3    RESET               startup_stm32l073xx.o
    0x080000b8   0x00000008   Code   RO         4790  * !!!main             c_p.l(__main.o)
    0x080000c0   0x0000003c   Code   RO         5103    !!!scatter          c_p.l(__scatter.o)
    0x080000fc   0x0000001a   Code   RO         5105    !!handler_copy      c_p.l(__scatter_copy.o)
    0x08000116   0x00000002   PAD
    0x08000118   0x0000001c   Code   RO         5107    !!handler_zi        c_p.l(__scatter_zi.o)
    0x08000134   0x00000002   Code   RO         4884    .ARM.Collect$$_printf_percent$$00000000  c_p.l(_printf_percent.o)
    0x08000136   0x0000000a   Code   RO         4873    .ARM.Collect$$_printf_percent$$00000001  c_p.l(_printf_n.o)
    0x08000140   0x0000000a   Code   RO         4875    .ARM.Collect$$_printf_percent$$00000002  c_p.l(_printf_p.o)
    0x0800014a   0x0000000a   Code   RO         4880    .ARM.Collect$$_printf_percent$$00000003  c_p.l(_printf_f.o)
    0x08000154   0x0000000a   Code   RO         4881    .ARM.Collect$$_printf_percent$$00000004  c_p.l(_printf_e.o)
    0x0800015e   0x0000000a   Code   RO         4882    .ARM.Collect$$_printf_percent$$00000005  c_p.l(_printf_g.o)
    0x08000168   0x0000000a   Code   RO         4883    .ARM.Collect$$_printf_percent$$00000006  c_p.l(_printf_a.o)
    0x08000172   0x0000000a   Code   RO         4888    .ARM.Collect$$_printf_percent$$00000007  c_p.l(_printf_ll.o)
    0x0800017c   0x0000000a   Code   RO         4877    .ARM.Collect$$_printf_percent$$00000008  c_p.l(_printf_i.o)
    0x08000186   0x0000000a   Code   RO         4878    .ARM.Collect$$_printf_percent$$00000009  c_p.l(_printf_d.o)
    0x08000190   0x0000000a   Code   RO         4879    .ARM.Collect$$_printf_percent$$0000000A  c_p.l(_printf_u.o)
    0x0800019a   0x0000000a   Code   RO         4876    .ARM.Collect$$_printf_percent$$0000000B  c_p.l(_printf_o.o)
    0x080001a4   0x0000000a   Code   RO         4874    .ARM.Collect$$_printf_percent$$0000000C  c_p.l(_printf_x.o)
    0x080001ae   0x0000000a   Code   RO         4885    .ARM.Collect$$_printf_percent$$0000000D  c_p.l(_printf_lli.o)
    0x080001b8   0x0000000a   Code   RO         4886    .ARM.Collect$$_printf_percent$$0000000E  c_p.l(_printf_lld.o)
    0x080001c2   0x0000000a   Code   RO         4887    .ARM.Collect$$_printf_percent$$0000000F  c_p.l(_printf_llu.o)
    0x080001cc   0x0000000a   Code   RO         4892    .ARM.Collect$$_printf_percent$$00000010  c_p.l(_printf_llo.o)
    0x080001d6   0x0000000a   Code   RO         4893    .ARM.Collect$$_printf_percent$$00000011  c_p.l(_printf_llx.o)
    0x080001e0   0x0000000a   Code   RO         4889    .ARM.Collect$$_printf_percent$$00000012  c_p.l(_printf_l.o)
    0x080001ea   0x0000000a   Code   RO         4871    .ARM.Collect$$_printf_percent$$00000013  c_p.l(_printf_c.o)
    0x080001f4   0x0000000a   Code   RO         4872    .ARM.Collect$$_printf_percent$$00000014  c_p.l(_printf_s.o)
    0x080001fe   0x0000000a   Code   RO         4890    .ARM.Collect$$_printf_percent$$00000015  c_p.l(_printf_lc.o)
    0x08000208   0x0000000a   Code   RO         4891    .ARM.Collect$$_printf_percent$$00000016  c_p.l(_printf_ls.o)
    0x08000212   0x00000004   Code   RO         4925    .ARM.Collect$$_printf_percent$$00000017  c_p.l(_printf_percent_end.o)
    0x08000216   0x00000002   Code   RO         4963    .ARM.Collect$$libinit$$00000000  c_p.l(libinit.o)
    0x08000218   0x00000000   Code   RO         4987    .ARM.Collect$$libinit$$00000002  c_p.l(libinit2.o)
    0x08000218   0x00000000   Code   RO         4989    .ARM.Collect$$libinit$$00000004  c_p.l(libinit2.o)
    0x08000218   0x00000000   Code   RO         4992    .ARM.Collect$$libinit$$0000000A  c_p.l(libinit2.o)
    0x08000218   0x00000000   Code   RO         4994    .ARM.Collect$$libinit$$0000000C  c_p.l(libinit2.o)
    0x08000218   0x00000000   Code   RO         4996    .ARM.Collect$$libinit$$0000000E  c_p.l(libinit2.o)
    0x08000218   0x00000006   Code   RO         4997    .ARM.Collect$$libinit$$0000000F  c_p.l(libinit2.o)
    0x0800021e   0x00000000   Code   RO         4999    .ARM.Collect$$libinit$$00000011  c_p.l(libinit2.o)
    0x0800021e   0x0000000c   Code   RO         5000    .ARM.Collect$$libinit$$00000012  c_p.l(libinit2.o)
    0x0800022a   0x00000000   Code   RO         5001    .ARM.Collect$$libinit$$00000013  c_p.l(libinit2.o)
    0x0800022a   0x00000000   Code   RO         5003    .ARM.Collect$$libinit$$00000015  c_p.l(libinit2.o)
    0x0800022a   0x0000000a   Code   RO         5004    .ARM.Collect$$libinit$$00000016  c_p.l(libinit2.o)
    0x08000234   0x00000000   Code   RO         5005    .ARM.Collect$$libinit$$00000017  c_p.l(libinit2.o)
    0x08000234   0x00000000   Code   RO         5007    .ARM.Collect$$libinit$$00000019  c_p.l(libinit2.o)
    0x08000234   0x00000000   Code   RO         5009    .ARM.Collect$$libinit$$0000001B  c_p.l(libinit2.o)
    0x08000234   0x00000000   Code   RO         5011    .ARM.Collect$$libinit$$0000001D  c_p.l(libinit2.o)
    0x08000234   0x00000000   Code   RO         5013    .ARM.Collect$$libinit$$0000001F  c_p.l(libinit2.o)
    0x08000234   0x00000000   Code   RO         5015    .ARM.Collect$$libinit$$00000021  c_p.l(libinit2.o)
    0x08000234   0x00000000   Code   RO         5017    .ARM.Collect$$libinit$$00000023  c_p.l(libinit2.o)
    0x08000234   0x00000000   Code   RO         5019    .ARM.Collect$$libinit$$00000025  c_p.l(libinit2.o)
    0x08000234   0x00000000   Code   RO         5023    .ARM.Collect$$libinit$$0000002C  c_p.l(libinit2.o)
    0x08000234   0x00000000   Code   RO         5025    .ARM.Collect$$libinit$$0000002E  c_p.l(libinit2.o)
    0x08000234   0x00000000   Code   RO         5027    .ARM.Collect$$libinit$$00000030  c_p.l(libinit2.o)
    0x08000234   0x00000000   Code   RO         5029    .ARM.Collect$$libinit$$00000032  c_p.l(libinit2.o)
    0x08000234   0x00000002   Code   RO         5030    .ARM.Collect$$libinit$$00000033  c_p.l(libinit2.o)
    0x08000236   0x00000002   Code   RO         5061    .ARM.Collect$$libshutdown$$00000000  c_p.l(libshutdown.o)
    0x08000238   0x00000000   Code   RO         5088    .ARM.Collect$$libshutdown$$00000003  c_p.l(libshutdown2.o)
    0x08000238   0x00000000   Code   RO         5091    .ARM.Collect$$libshutdown$$00000006  c_p.l(libshutdown2.o)
    0x08000238   0x00000000   Code   RO         5094    .ARM.Collect$$libshutdown$$00000009  c_p.l(libshutdown2.o)
    0x08000238   0x00000000   Code   RO         5096    .ARM.Collect$$libshutdown$$0000000B  c_p.l(libshutdown2.o)
    0x08000238   0x00000000   Code   RO         5099    .ARM.Collect$$libshutdown$$0000000E  c_p.l(libshutdown2.o)
    0x08000238   0x00000002   Code   RO         5100    .ARM.Collect$$libshutdown$$0000000F  c_p.l(libshutdown2.o)
    0x0800023a   0x00000000   Code   RO         4792    .ARM.Collect$$rtentry$$00000000  c_p.l(__rtentry.o)
    0x0800023a   0x00000000   Code   RO         4897    .ARM.Collect$$rtentry$$00000002  c_p.l(__rtentry2.o)
    0x0800023a   0x00000006   Code   RO         4909    .ARM.Collect$$rtentry$$00000004  c_p.l(__rtentry4.o)
    0x08000240   0x00000000   Code   RO         4899    .ARM.Collect$$rtentry$$00000009  c_p.l(__rtentry2.o)
    0x08000240   0x00000004   Code   RO         4900    .ARM.Collect$$rtentry$$0000000A  c_p.l(__rtentry2.o)
    0x08000244   0x00000000   Code   RO         4902    .ARM.Collect$$rtentry$$0000000C  c_p.l(__rtentry2.o)
    0x08000244   0x00000008   Code   RO         4903    .ARM.Collect$$rtentry$$0000000D  c_p.l(__rtentry2.o)
    0x0800024c   0x00000002   Code   RO         4973    .ARM.Collect$$rtexit$$00000000  c_p.l(rtexit.o)
    0x0800024e   0x00000000   Code   RO         5034    .ARM.Collect$$rtexit$$00000002  c_p.l(rtexit2.o)
    0x0800024e   0x00000004   Code   RO         5035    .ARM.Collect$$rtexit$$00000003  c_p.l(rtexit2.o)
    0x08000252   0x00000006   Code   RO         5036    .ARM.Collect$$rtexit$$00000004  c_p.l(rtexit2.o)
    0x08000258   0x00000006   Code   RO         1309    .emb_text           tnos_cpu_c.o
    0x0800025e   0x00000002   PAD
    0x08000260   0x00000038   Code   RO         4776    .emb_text           c_p.l(rt_memcpy.o)
    0x08000298   0x0000002c   Code   RO            4    .text               startup_stm32l073xx.o
    0x080002c4   0x00000102   Code   RO         4768    .text               c_p.l(lludiv.o)
    0x080003c6   0x00000002   PAD
    0x080003c8   0x00000038   Code   RO         4770    .text               c_p.l(c89vsnprintf.o)
    0x08000400   0x00000044   Code   RO         4774    .text               c_p.l(strlen.o)
    0x08000444   0x00000082   Code   RO         4777    .text               c_p.l(rt_memcpy.o)
    0x080004c6   0x00000040   Code   RO         4782    .text               c_p.l(rt_memclr.o)
    0x08000506   0x0000015a   Code   RO         4784    .text               c_p.l(aeabi_sdiv.o)
    0x08000660   0x00000006   Code   RO         4788    .text               c_p.l(heapauxi.o)
    0x08000666   0x0000004e   Code   RO         4803    .text               c_p.l(_printf_pad.o)
    0x080006b4   0x00000024   Code   RO         4805    .text               c_p.l(_printf_truncate.o)
    0x080006d8   0x00000052   Code   RO         4807    .text               c_p.l(_printf_str.o)
    0x0800072a   0x00000002   PAD
    0x0800072c   0x0000006c   Code   RO         4809    .text               c_p.l(_printf_dec.o)
    0x08000798   0x00000026   Code   RO         4811    .text               c_p.l(_printf_charcount.o)
    0x080007be   0x00000002   PAD
    0x080007c0   0x00000030   Code   RO         4813    .text               c_p.l(_printf_char_common.o)
    0x080007f0   0x0000000a   Code   RO         4815    .text               c_p.l(_sputc.o)
    0x080007fa   0x00000010   Code   RO         4817    .text               c_p.l(_snputc.o)
    0x0800080a   0x00000002   PAD
    0x0800080c   0x000000bc   Code   RO         4819    .text               c_p.l(_printf_wctomb.o)
    0x080008c8   0x00000070   Code   RO         4822    .text               c_p.l(_printf_longlong_dec.o)
    0x08000938   0x00000070   Code   RO         4828    .text               c_p.l(_printf_oct_int_ll.o)
    0x080009a8   0x00000098   Code   RO         4848    .text               c_p.l(_printf_hex_int_ll_ptr.o)
    0x08000a40   0x00000188   Code   RO         4868    .text               c_p.l(__printf_flags_ss_wp.o)
    0x08000bc8   0x0000007a   Code   RO         4913    .text               c_p.l(lludiv10.o)
    0x08000c42   0x000000b0   Code   RO         4915    .text               c_p.l(_printf_intcommon.o)
    0x08000cf2   0x00000002   PAD
    0x08000cf4   0x00000414   Code   RO         4917    .text               c_p.l(_printf_fp_dec.o)
    0x08001108   0x0000002e   Code   RO         4921    .text               c_p.l(_printf_char.o)
    0x08001136   0x0000002e   Code   RO         4923    .text               c_p.l(_printf_wchar.o)
    0x08001164   0x00000040   Code   RO         4926    .text               c_p.l(_wcrtomb.o)
    0x080011a4   0x00000028   Code   RO         4928    .text               c_p.l(rtudiv10.o)
    0x080011cc   0x0000003e   Code   RO         4930    .text               c_p.l(sys_stackheap_outer.o)
    0x0800120a   0x00000002   PAD
    0x0800120c   0x00000010   Code   RO         4933    .text               c_p.l(rt_ctype_table.o)
    0x0800121c   0x00000008   Code   RO         4938    .text               c_p.l(rt_locale_intlibspace.o)
    0x08001224   0x00000088   Code   RO         4940    .text               c_p.l(_printf_fp_infnan.o)
    0x080012ac   0x000000c8   Code   RO         4942    .text               c_p.l(bigflt0.o)
    0x08001374   0x000004a8   Code   RO         4945    .text               c_p.l(btod.o)
    0x0800181c   0x0000000c   Code   RO         4952    .text               c_p.l(exit.o)
    0x08001828   0x00000008   Code   RO         4969    .text               c_p.l(libspace.o)
    0x08001830   0x00000088   Code   RO         4984    .text               c_p.l(strcmp.o)
    0x080018b8   0x0000000c   Code   RO         5031    .text               c_p.l(sys_exit.o)
    0x080018c4   0x00000002   Code   RO         5050    .text               c_p.l(use_no_semi.o)
    0x080018c6   0x00000000   Code   RO         5052    .text               c_p.l(indicate_semi.o)
    0x080018c6   0x00000002   PAD
    0x080018c8   0x0000007c   Code   RO         1347    CODE                tnos_cpu_rvds.o
    0x08001944   0x00000184   Code   RO         2307    i.HAL_GPIO_Init     stm32l0xx_hal_gpio.o
    0x08001ac8   0x0000000c   Code   RO         2311    i.HAL_GPIO_WritePin  stm32l0xx_hal_gpio.o
    0x08001ad4   0x0000000c   Code   RO         1366    i.HAL_GetTick       stm32l0xx_hal.o
    0x08001ae0   0x000001c8   Code   RO         3054    i.HAL_RCCEx_GetPeriphCLKFreq  stm32l0xx_hal_rcc_ex.o
    0x08001ca8   0x00000020   Code   RO         2949    i.HAL_RCC_GetPCLK1Freq  stm32l0xx_hal_rcc.o
    0x08001cc8   0x00000020   Code   RO         2950    i.HAL_RCC_GetPCLK2Freq  stm32l0xx_hal_rcc.o
    0x08001ce8   0x00000078   Code   RO         2951    i.HAL_RCC_GetSysClockFreq  stm32l0xx_hal_rcc.o
    0x08001d60   0x0000006c   Code   RO         3956    i.HAL_UART_Init     stm32l0xx_hal_uart.o
    0x08001dcc   0x00000002   Code   RO         3958    i.HAL_UART_MspInit  stm32l0xx_hal_uart.o
    0x08001dce   0x00000002   PAD
    0x08001dd0   0x00000018   Code   RO         1217    i.LL_APB1_GRP1_EnableClock  tnos_dev.o
    0x08001de8   0x00000018   Code   RO         1120    i.LL_IOP_GRP1_EnableClock  system_init.o
    0x08001e00   0x0000000c   Code   RO         4688    i.LL_SetSystemCoreClock  stm32l0xx_ll_utils.o
    0x08001e0c   0x00000044   Code   RO         1121    i.NVIC_SetPriority  system_init.o
    0x08001e50   0x00000008   Code   RO         1218    i.TIM3_IRQHandler   tnos_dev.o
    0x08001e58   0x000000ca   Code   RO         3969    i.UART_AdvFeatureConfig  stm32l0xx_hal_uart.o
    0x08001f22   0x00000002   PAD
    0x08001f24   0x00000060   Code   RO         3970    i.UART_CheckIdleState  stm32l0xx_hal_uart.o
    0x08001f84   0x00000230   Code   RO         3984    i.UART_SetConfig    stm32l0xx_hal_uart.o
    0x080021b4   0x00000062   Code   RO         3986    i.UART_WaitOnFlagUntilTimeout  stm32l0xx_hal_uart.o
    0x08002216   0x00000002   PAD
    0x08002218   0x0000002c   Code   RO         1219    i.USART4_5_IRQHandler  tnos_dev.o
    0x08002244   0x00000030   Code   RO         4947    i.__ARM_common_ll_muluu  c_p.l(btod.o)
    0x08002274   0x0000001a   Code   RO         3883    i.__ARM_common_switch8  stm32l0xx_hal_tim.o
    0x0800228e   0x00000002   PAD
    0x08002290   0x0000002c   Code   RO         4967    i.__ARM_fpclassify  m_ps.l(fpclassify.o)
    0x080022bc   0x0000000e   Code   RO         4861    i._is_digit         c_p.l(__printf_wp.o)
    0x080022ca   0x00000014   Code   RO          551    i.get_time_tick     xtimer.o
    0x080022de   0x00000002   PAD
    0x080022e0   0x0000003c   Code   RO         1220    i.get_time_tick2    tnos_dev.o
    0x0800231c   0x00000144   Code   RO         1310    i.hardfault_handler_proc  tnos_cpu_c.o
    0x08002460   0x000000fc   Code   RO           10    i.idle_task         tnos_idle.o
    0x0800255c   0x00000010   Code   RO          112    i.irq_disable       tnos_core.o
    0x0800256c   0x00000050   Code   RO          113    i.irq_enable        tnos_core.o
    0x080025bc   0x0000000e   Code   RO          518    i.list_insert_after  clist.o
    0x080025ca   0x0000000e   Code   RO          519    i.list_insert_before  clist.o
    0x080025d8   0x00000016   Code   RO          520    i.list_remove       clist.o
    0x080025ee   0x0000000a   Code   RO          775    i.main              main.o
    0x080025f8   0x00000028   Code   RO          552    i.pass_ticks        xtimer.o
    0x08002620   0x000000a8   Code   RO         1122    i.sys_clock_init    system_init.o
    0x080026c8   0x000000c4   Code   RO           76    i.task1             tnos_test.o
    0x0800278c   0x00000038   Code   RO          555    i.time_add          xtimer.o
    0x080027c4   0x0000009c   Code   RO           77    i.tnos_app_init     tnos_test.o
    0x08002860   0x00000040   Code   RO          114    i.tnos_assert       tnos_core.o
    0x080028a0   0x00000002   Code   RO         1123    i.tnos_board_other_init  system_init.o
    0x080028a2   0x0000003c   Code   RO         1124    i.tnos_board_sys_pro_init  system_init.o
    0x080028de   0x00000002   PAD
    0x080028e0   0x00000038   Code   RO          115    i.tnos_delay_ms     tnos_core.o
    0x08002918   0x000001f8   Code   RO          116    i.tnos_do_sched     tnos_core.o
    0x08002b10   0x00000002   Code   RO          777    i.tnos_idle_hook    main.o
    0x08002b12   0x00000002   PAD
    0x08002b14   0x00000048   Code   RO          117    i.tnos_insert_delay  tnos_core.o
    0x08002b5c   0x0000000a   Code   RO          120    i.tnos_irq_delay1   tnos_core.o
    0x08002b66   0x00000018   Code   RO          123    i.tnos_sched        tnos_core.o
    0x08002b7e   0x00000002   PAD
    0x08002b80   0x00000018   Code   RO          124    i.tnos_sched_lock   tnos_core.o
    0x08002b98   0x0000003c   Code   RO          125    i.tnos_sched_noral  tnos_core.o
    0x08002bd4   0x00000028   Code   RO          126    i.tnos_sched_unlock  tnos_core.o
    0x08002bfc   0x0000003c   Code   RO          488    i.tnos_sem_init     tnos_sem.o
    0x08002c38   0x00000034   Code   RO          489    i.tnos_sem_post     tnos_sem.o
    0x08002c6c   0x0000003c   Code   RO          490    i.tnos_sem_wait     tnos_sem.o
    0x08002ca8   0x00000048   Code   RO          130    i.tnos_set_ready    tnos_core.o
    0x08002cf0   0x00000008   Code   RO          131    i.tnos_singal_init  tnos_core.o
    0x08002cf8   0x00000050   Code   RO          132    i.tnos_singal_send  tnos_core.o
    0x08002d48   0x00000088   Code   RO          133    i.tnos_singal_wait_ms  tnos_core.o
    0x08002dd0   0x0000001c   Code   RO         1311    i.tnos_start_rdy    tnos_cpu_c.o
    0x08002dec   0x000000bc   Code   RO          134    i.tnos_startup      tnos_core.o
    0x08002ea8   0x00000028   Code   RO         1312    i.tnos_taks_stk_check  tnos_cpu_c.o
    0x08002ed0   0x000000c4   Code   RO          135    i.tnos_task_create  tnos_core.o
    0x08002f94   0x00000010   Code   RO          136    i.tnos_task_return  tnos_core.o
    0x08002fa4   0x00000044   Code   RO         1313    i.tnos_task_stk_init  tnos_cpu_c.o
    0x08002fe8   0x0000007c   Code   RO          138    i.tnos_tick_proess  tnos_core.o
    0x08003064   0x00000002   Code   RO         1221    i.tnos_tim_ms_init  tnos_dev.o
    0x08003066   0x00000002   PAD
    0x08003068   0x0000002c   Code   RO         1222    i.tnos_tim_ms_set   tnos_dev.o
    0x08003094   0x00000074   Code   RO          139    i.tnos_val_init     tnos_core.o
    0x08003108   0x00000012   Code   RO          556    i.ttimer_delay_ms   xtimer.o
    0x0800311a   0x00000002   PAD
    0x0800311c   0x0000003c   Code   RO         1223    i.ttimer_init       tnos_dev.o
    0x08003158   0x00000014   Code   RO          557    i.ttimer_is_timeout  xtimer.o
    0x0800316c   0x00000030   Code   RO          558    i.ttimer_is_timeout2  xtimer.o
    0x0800319c   0x00000012   Code   RO          560    i.ttimer_repeat_abs  xtimer.o
    0x080031ae   0x00000018   Code   RO          561    i.ttimer_set        xtimer.o
    0x080031c6   0x00000002   PAD
    0x080031c8   0x0000002c   Code   RO          562    i.ttimer_set2       xtimer.o
    0x080031f4   0x0000003e   Code   RO          565    i.ttimer_time_less2  xtimer.o
    0x08003232   0x00000010   Code   RO          566    i.ttimer_wait_timeout  xtimer.o
    0x08003242   0x00000016   Code   RO          653    i.xprintf           xprintf.o
    0x08003258   0x00000028   Code   RO          654    i.xprintf_get_char  xprintf.o
    0x08003280   0x0000008c   Code   RO         1224    i.xprintf_init      tnos_dev.o
    0x0800330c   0x00000018   Code   RO          655    i.xprintf_init_com  xprintf.o
    0x08003324   0x00000018   Code   RO         1225    i.xprintf_msg_put_irq  tnos_dev.o
    0x0800333c   0x00000010   Code   RO         1226    i.xprintf_put_char  tnos_dev.o
    0x0800334c   0x00000016   Code   RO          656    i.xprintf_w         xprintf.o
    0x08003362   0x00000014   Code   RO          697    i.xsnprintf         xutils.o
    0x08003376   0x0000000e   Code   RO          698    i.xstrlen           xutils.o
    0x08003384   0x00000038   Code   RO          699    i.xstrncpy          xutils.o
    0x080033bc   0x00000074   Code   RO          657    i.xvprintf          xprintf.o
    0x08003430   0x00000028   Code   RO          702    i.xvsnprintf        xutils.o
    0x08003458   0x0000002c   Code   RO         4950    locale$$code        c_p.l(lc_numeric_c.o)
    0x08003484   0x0000002c   Code   RO         4978    locale$$code        c_p.l(lc_ctype_c.o)
    0x080034b0   0x00000010   Code   RO         4894    x$fpl$printf1       fz_ps.l(printf1.o)
    0x080034c0   0x00000000   Code   RO         4966    x$fpl$usenofp       fz_ps.l(usenofp.o)
    0x080034c0   0x00000052   Data   RO          141    .constdata          tnos_core.o
    0x08003512   0x0000002a   Data   RO          491    .constdata          tnos_sem.o
    0x0800353c   0x00000019   Data   RO         1181    .constdata          system_stm32l0xx.o
    0x08003555   0x00000008   Data   RO         1182    .constdata          system_stm32l0xx.o
    0x0800355d   0x00000003   PAD
    0x08003560   0x00000008   Data   RO         4820    .constdata          c_p.l(_printf_wctomb.o)
    0x08003568   0x00000028   Data   RO         4849    .constdata          c_p.l(_printf_hex_int_ll_ptr.o)
    0x08003590   0x00000011   Data   RO         4869    .constdata          c_p.l(__printf_flags_ss_wp.o)
    0x080035a1   0x00000003   PAD
    0x080035a4   0x00000094   Data   RO         4943    .constdata          c_p.l(bigflt0.o)
    0x08003638   0x00000089   Data   RO          142    .conststring        tnos_core.o
    0x080036c1   0x00000003   PAD
    0x080036c4   0x00000020   Data   RO         5101    Region$$Table       anon$$obj.o
    0x080036e4   0x0000001c   Data   RO         4949    locale$$data        c_p.l(lc_numeric_c.o)
    0x08003700   0x00000110   Data   RO         4977    locale$$data        c_p.l(lc_ctype_c.o)


    Execution Region RW_IRAM1 (Base: 0x20000000, Size: 0x00004150, Max: 0x00005000, ABSOLUTE)

    Base Addr    Size         Type   Attr      Idx    E Section Name        Object

    0x20000000   0x00000008   Data   RW           79    .data               tnos_test.o
    0x20000008   0x00000024   Data   RW          143    .data               tnos_core.o
    0x2000002c   0x00000008   Data   RW          567    .data               xtimer.o
    0x20000034   0x00000004   Data   RW         1183    .data               system_stm32l0xx.o
    0x20000038   0x00000004   Data   RW         1378    .data               stm32l0xx_hal.o
    0x2000003c   0x00003198   Zero   RW           78    .bss                tnos_test.o
    0x200031d4   0x00000284   Zero   RW          140    .bss                tnos_core.o
    0x20003458   0x00000018   Zero   RW          658    .bss                xprintf.o
    0x20003470   0x00000898   Zero   RW         1227    .bss                tnos_dev.o
    0x20003d08   0x00000060   Zero   RW         4970    .bss                c_p.l(libspace.o)
    0x20003d68   0x00000000   Zero   RW            2    HEAP                startup_stm32l073xx.o
    0x20003d68   0x000003e8   Zero   RW            1    STACK               startup_stm32l073xx.o


==============================================================================

Image component sizes


      Code (inc. data)   RO Data    RW Data    ZI Data      Debug   Object Name

        50          0          0          0          0       2411   clist.o
        12          0          0          0          0     292488   main.o
        44         18        184          0       1000        656   startup_stm32l073xx.o
         0          0          0          0          0     313880   stm32f10x_it.o
        12          6          0          4          0       1427   stm32l0xx_hal.o
       400         32          0          0          0       2264   stm32l0xx_hal_gpio.o
       184         44          0          0          0       3066   stm32l0xx_hal_rcc.o
       456         42          0          0          0       1661   stm32l0xx_hal_rcc_ex.o
        26          0          0          0          0         72   stm32l0xx_hal_tim.o
      1066         80          0          0          0       5528   stm32l0xx_hal_uart.o
        12          6          0          0          0       4956   stm32l0xx_ll_utils.o
       322         32          0          0          0      28830   system_init.o
         0          0         33          4          0        734   system_stm32l0xx.o
      1886        308        219         36        644      21747   tnos_core.o
       466        212          0          0          0       3925   tnos_cpu_c.o
       124         10          0          0          0        568   tnos_cpu_rvds.o
       422         74          0          0       2200      18661   tnos_dev.o
       252         56          0          0          0       9457   tnos_idle.o
         0          0          0          0          0       2965   tnos_msgcyc.o
       172         62         42          0          0       2184   tnos_sem.o
       352         94          0          8      12696       6609   tnos_test.o
       224         16          0          0         24       3343   xprintf.o
       366         10          0          8          0       8214   xtimer.o
       130          0          0          0          0       3565   xutils.o

    ----------------------------------------------------------------------
      7002       1102        516         60      16564     739211   Object Totals
         0          0         32          0          0          0   (incl. Generated)
        24          0          6          0          0          0   (incl. Padding)

    ----------------------------------------------------------------------

      Code (inc. data)   RO Data    RW Data    ZI Data      Debug   Library Member Name

         8          0          0          0          0         68   __main.o
       392          6         17          0          0         76   __printf_flags_ss_wp.o
        14          0          0          0          0         60   __printf_wp.o
         0          0          0          0          0          0   __rtentry.o
        12          0          0          0          0          0   __rtentry2.o
         6          0          0          0          0          0   __rtentry4.o
        60          8          0          0          0          0   __scatter.o
        26          0          0          0          0          0   __scatter_copy.o
        28          0          0          0          0          0   __scatter_zi.o
        10          0          0          0          0          0   _printf_a.o
        10          0          0          0          0          0   _printf_c.o
        46          0          0          0          0        100   _printf_char.o
        48          6          0          0          0         88   _printf_char_common.o
        38          0          0          0          0         60   _printf_charcount.o
        10          0          0          0          0          0   _printf_d.o
       108         18          0          0          0         76   _printf_dec.o
        10          0          0          0          0          0   _printf_e.o
        10          0          0          0          0          0   _printf_f.o
      1044         14          0          0          0        176   _printf_fp_dec.o
       136         16          0          0          0         76   _printf_fp_infnan.o
        10          0          0          0          0          0   _printf_g.o
       152          4         40          0          0        148   _printf_hex_int_ll_ptr.o
        10          0          0          0          0          0   _printf_i.o
       176          0          0          0          0         84   _printf_intcommon.o
        10          0          0          0          0          0   _printf_l.o
        10          0          0          0          0          0   _printf_lc.o
        10          0          0          0          0          0   _printf_ll.o
        10          0          0          0          0          0   _printf_lld.o
        10          0          0          0          0          0   _printf_lli.o
        10          0          0          0          0          0   _printf_llo.o
        10          0          0          0          0          0   _printf_llu.o
        10          0          0          0          0          0   _printf_llx.o
       112         18          0          0          0         76   _printf_longlong_dec.o
        10          0          0          0          0          0   _printf_ls.o
        10          0          0          0          0          0   _printf_n.o
        10          0          0          0          0          0   _printf_o.o
       112         10          0          0          0        112   _printf_oct_int_ll.o
        10          0          0          0          0          0   _printf_p.o
        78          0          0          0          0        100   _printf_pad.o
         2          0          0          0          0          0   _printf_percent.o
         4          0          0          0          0          0   _printf_percent_end.o
        10          0          0          0          0          0   _printf_s.o
        82          0          0          0          0         72   _printf_str.o
        36          0          0          0          0         76   _printf_truncate.o
        10          0          0          0          0          0   _printf_u.o
        46          0          0          0          0        100   _printf_wchar.o
       188          6          8          0          0         80   _printf_wctomb.o
        10          0          0          0          0          0   _printf_x.o
        16          0          0          0          0         60   _snputc.o
        10          0          0          0          0         60   _sputc.o
        64          0          0          0          0         72   _wcrtomb.o
       346          0          0          0          0         92   aeabi_sdiv.o
       200          4        148          0          0         80   bigflt0.o
      1240         12          0          0          0        316   btod.o
        56          6          0          0          0         72   c89vsnprintf.o
        12          0          0          0          0         64   exit.o
         6          0          0          0          0        136   heapauxi.o
         0          0          0          0          0          0   indicate_semi.o
        44         10        272          0          0         76   lc_ctype_c.o
        44         10         28          0          0         76   lc_numeric_c.o
         2          0          0          0          0          0   libinit.o
        30          0          0          0          0          0   libinit2.o
         2          0          0          0          0          0   libshutdown.o
         2          0          0          0          0          0   libshutdown2.o
         8          4          0          0         96         68   libspace.o
       258          0          0          0          0         88   lludiv.o
       122          0          0          0          0         72   lludiv10.o
        16          4          0          0          0         76   rt_ctype_table.o
         8          4          0          0          0         68   rt_locale_intlibspace.o
        64          0          0          0          0        108   rt_memclr.o
       186          0          0          0          0        144   rt_memcpy.o
         2          0          0          0          0          0   rtexit.o
        10          0          0          0          0          0   rtexit2.o
        40          0          0          0          0         60   rtudiv10.o
       136          4          0          0          0         72   strcmp.o
        68          6          0          0          0         72   strlen.o
        12          4          0          0          0         60   sys_exit.o
        62          0          0          0          0         80   sys_stackheap_outer.o
         2          0          0          0          0         68   use_no_semi.o
        16          4          0          0          0         76   printf1.o
         0          0          0          0          0          0   usenofp.o
        44          4          0          0          0         60   fpclassify.o

    ----------------------------------------------------------------------
      6318        182        516          0         96       3904   Library Totals
        16          0          3          0          0          0   (incl. Padding)

    ----------------------------------------------------------------------

      Code (inc. data)   RO Data    RW Data    ZI Data      Debug   Library Name

      6242        174        513          0         96       3768   c_p.l
        16          4          0          0          0         76   fz_ps.l
        44          4          0          0          0         60   m_ps.l

    ----------------------------------------------------------------------
      6318        182        516          0         96       3904   Library Totals

    ----------------------------------------------------------------------

==============================================================================


      Code (inc. data)   RO Data    RW Data    ZI Data      Debug   

     13320       1284       1032         60      16660     737539   Grand Totals
     13320       1284       1032         60      16660     737539   ELF Image Totals
     13320       1284       1032         60          0          0   ROM Totals

==============================================================================

    Total RO  Size (Code + RO Data)                14352 (  14.02kB)
    Total RW  Size (RW Data + ZI Data)             16720 (  16.33kB)
    Total ROM Size (Code + RO Data + RW Data)      14412 (  14.07kB)

==============================================================================

