<html>
<body>
<pre>
<h1>µVision Build Log</h1>
<h2>Tool Versions:</h2>
IDE-Version: ¦ÌVision V5.15
Copyright (C) 2015 ARM Ltd and ARM Germany GmbH. All rights reserved.
License Information: s Microsoft, Microsoft, LIC=NQQKP-M96NS-00TN9-4SYQD-FJ8CT-QA63S
 
Tool Versions:
Toolchain:       MDK-ARM Standard  Version: 5.15.0
Toolchain Path:  C:\Keil_v5\ARM\ARMCC\Bin
C Compiler:      Armcc.exe V5.05 update 2 (build 169)
Assembler:       Armasm.exe V5.05 update 2 (build 169)
Linker/Locator:  ArmLink.exe V5.05 update 2 (build 169)
Library Manager: ArmAr.exe V5.05 update 2 (build 169)
Hex Converter:   FromElf.exe V5.05 update 2 (build 169)
CPU DLL:         SARMCM3.DLL V5.15.0
Dialog DLL:      DCM.DLL V1.13.2.0
Target DLL:      STLink\ST-LINKIII-KEIL_SWO.dll V2.0.15.0_KEIL
Dialog DLL:      TCM.DLL V1.14.5.0
 
<h2>Project:</h2>
D:\vmShare\source\stm32\tnos_git\TNOS\board\stm32_f10x\Project\RVMDK_5\tnos.uvprojx
Project File Date:  09/13/2018

<h2>Output:</h2>
*** Using Compiler 'V5.05 update 2 (build 169)', folder: 'C:\Keil_v5\ARM\ARMCC\Bin'
Build target 'tnos'
compiling tnos_test.c...
..\..\..\..\tnos\tnos_test.c(765): warning:  #177-D: variable "tm_wait" was declared but never referenced
      ttimer_t tm_wait;
..\..\..\..\tnos\tnos_test.c(750): warning:  #177-D: variable "sw" was declared but never referenced
  static u32 sw = 0;
..\..\..\..\tnos\tnos_test.c(751): warning:  #550-D: variable "gs_delay_tab" was set but never used
  static u32 gs_delay_tab[ARRAY_SIZE(tcb) + 1];
..\..\..\..\tnos\tnos_test.c: 3 warnings, 0 errors
linking...
Program Size: Code=12600 RO-data=1152 RW-data=72 ZI-data=16664  
".\Objects\ISO-STM32.axf" - 0 Error(s), 3 Warning(s).

<h2>Collection of Component include folders:</h2>
  D:\vmShare\source\stm32\tnos_git\TNOS\board\stm32_f10x\Project\RVMDK_5\RTE
  C:\Keil_v5\ARM\PACK\Keil\STM32F1xx_DFP\1.1.0\Device\Include

<h2>Collection of Component Files used:</h2>
</pre>
</body>
</html>
