Component: ARM Compiler 5.05 update 2 (build 169) Tool: armlink [4d0f33]

==============================================================================

Section Cross References

    startup_stm32f10x_hd.o(STACK) refers (Special) to heapauxi.o(.text) for __use_two_region_memory
    startup_stm32f10x_hd.o(HEAP) refers (Special) to heapauxi.o(.text) for __use_two_region_memory
    startup_stm32f10x_hd.o(RESET) refers (Special) to heapauxi.o(.text) for __use_two_region_memory
    startup_stm32f10x_hd.o(RESET) refers to startup_stm32f10x_hd.o(STACK) for __initial_sp
    startup_stm32f10x_hd.o(RESET) refers to startup_stm32f10x_hd.o(.text) for Reset_Handler
    startup_stm32f10x_hd.o(RESET) refers to tnos_cpu_rvds.o(CODE) for HardFault_Handler
    startup_stm32f10x_hd.o(RESET) refers to tnos_dev.o(i.TIM4_IRQHandler) for TIM4_IRQHandler
    startup_stm32f10x_hd.o(RESET) refers to tnos_dev.o(i.USART1_IRQHandler) for USART1_IRQHandler
    startup_stm32f10x_hd.o(.text) refers (Special) to heapauxi.o(.text) for __use_two_region_memory
    startup_stm32f10x_hd.o(.text) refers to system_stm32f10x.o(i.SystemInit) for SystemInit
    startup_stm32f10x_hd.o(.text) refers to __main.o(!!!main) for __main
    startup_stm32f10x_hd.o(.text) refers to startup_stm32f10x_hd.o(HEAP) for Heap_Mem
    startup_stm32f10x_hd.o(.text) refers to startup_stm32f10x_hd.o(STACK) for Stack_Mem
    tnos_core.o(i.irq_disable) refers to tnos_core.o(.data) for .data
    tnos_core.o(i.irq_enable) refers to xprintf.o(i.xprintf) for xprintf
    tnos_core.o(i.irq_enable) refers to tnos_core.o(i.tnos_assert) for tnos_assert
    tnos_core.o(i.irq_enable) refers to tnos_core.o(.data) for .data
    tnos_core.o(i.irq_enable) refers to tnos_core.o(.constdata) for .constdata
    tnos_core.o(i.tnos_assert) refers to xprintf.o(i.xprintf) for xprintf
    tnos_core.o(i.tnos_delay_ms) refers to tnos_core.o(i.irq_disable) for irq_disable
    tnos_core.o(i.tnos_delay_ms) refers to tnos_core.o(i.tnos_sched_noral) for tnos_sched_noral
    tnos_core.o(i.tnos_delay_ms) refers to tnos_core.o(i.irq_enable) for irq_enable
    tnos_core.o(i.tnos_delay_ms) refers to xtimer.o(i.ttimer_delay_ms) for ttimer_delay_ms
    tnos_core.o(i.tnos_delay_ms) refers to tnos_core.o(.data) for .data
    tnos_core.o(i.tnos_delay_ms) refers to tnos_core.o(.bss) for .bss
    tnos_core.o(i.tnos_do_sched) refers to clist.o(i.list_remove) for list_remove
    tnos_core.o(i.tnos_do_sched) refers to tnos_core.o(i.tnos_set_ready) for tnos_set_ready
    tnos_core.o(i.tnos_do_sched) refers to xtimer.o(i.ttimer_time_less2) for ttimer_time_less2
    tnos_core.o(i.tnos_do_sched) refers to xtimer.o(i.ttimer_set2) for ttimer_set2
    tnos_core.o(i.tnos_do_sched) refers to tnos_core.o(i.tnos_insert_delay) for tnos_insert_delay
    tnos_core.o(i.tnos_do_sched) refers to clist.o(i.list_insert_before) for list_insert_before
    tnos_core.o(i.tnos_do_sched) refers to xtimer.o(i.pass_ticks) for pass_ticks
    tnos_core.o(i.tnos_do_sched) refers to tnos_core.o(.data) for .data
    tnos_core.o(i.tnos_do_sched) refers to tnos_core.o(.bss) for .bss
    tnos_core.o(i.tnos_do_sched) refers to tnos_core.o(.constdata) for .constdata
    tnos_core.o(i.tnos_do_sched) refers to xtimer.o(.data) for g_tick
    tnos_core.o(i.tnos_insert_delay) refers to clist.o(i.list_insert_before) for list_insert_before
    tnos_core.o(i.tnos_insert_delay) refers to tnos_core.o(.data) for .data
    tnos_core.o(i.tnos_interrupt_enter) refers to tnos_core.o(i.irq_disable) for irq_disable
    tnos_core.o(i.tnos_interrupt_enter) refers to tnos_core.o(i.irq_enable) for irq_enable
    tnos_core.o(i.tnos_interrupt_enter) refers to tnos_core.o(.data) for .data
    tnos_core.o(i.tnos_interrupt_exit) refers to tnos_core.o(i.irq_disable) for irq_disable
    tnos_core.o(i.tnos_interrupt_exit) refers to tnos_core.o(i.tnos_sched_noral) for tnos_sched_noral
    tnos_core.o(i.tnos_interrupt_exit) refers to xprintf.o(i.xprintf_w) for xprintf_w
    tnos_core.o(i.tnos_interrupt_exit) refers to tnos_core.o(i.tnos_assert) for tnos_assert
    tnos_core.o(i.tnos_interrupt_exit) refers to tnos_core.o(i.irq_enable) for irq_enable
    tnos_core.o(i.tnos_interrupt_exit) refers to tnos_core.o(.data) for .data
    tnos_core.o(i.tnos_interrupt_exit) refers to tnos_core.o(.constdata) for .constdata
    tnos_core.o(i.tnos_name) refers to tnos_core.o(.data) for .data
    tnos_core.o(i.tnos_sched) refers to tnos_core.o(i.irq_disable) for irq_disable
    tnos_core.o(i.tnos_sched) refers to tnos_core.o(i.tnos_sched_noral) for tnos_sched_noral
    tnos_core.o(i.tnos_sched) refers to tnos_core.o(i.irq_enable) for irq_enable
    tnos_core.o(i.tnos_sched) refers to tnos_core.o(i.tnos_irq_delay1) for tnos_irq_delay1
    tnos_core.o(i.tnos_sched_lock) refers to tnos_core.o(i.irq_disable) for irq_disable
    tnos_core.o(i.tnos_sched_lock) refers to tnos_core.o(i.irq_enable) for irq_enable
[...]
    .ARM.Collect$$libshutdown$$0000000B      0x08000256   Section        0  libshutdown2.o(.ARM.Collect$$libshutdown$$0000000B)
    .ARM.Collect$$libshutdown$$0000000E      0x08000256   Section        0  libshutdown2.o(.ARM.Collect$$libshutdown$$0000000E)
    .ARM.Collect$$libshutdown$$0000000F      0x08000256   Section        2  libshutdown2.o(.ARM.Collect$$libshutdown$$0000000F)
    .ARM.Collect$$rtentry$$00000000          0x08000258   Section        0  __rtentry.o(.ARM.Collect$$rtentry$$00000000)
    .ARM.Collect$$rtentry$$00000002          0x08000258   Section        0  __rtentry2.o(.ARM.Collect$$rtentry$$00000002)
    .ARM.Collect$$rtentry$$00000004          0x08000258   Section        6  __rtentry4.o(.ARM.Collect$$rtentry$$00000004)
    .ARM.Collect$$rtentry$$00000009          0x0800025e   Section        0  __rtentry2.o(.ARM.Collect$$rtentry$$00000009)
    .ARM.Collect$$rtentry$$0000000A          0x0800025e   Section        4  __rtentry2.o(.ARM.Collect$$rtentry$$0000000A)
    .ARM.Collect$$rtentry$$0000000C          0x08000262   Section        0  __rtentry2.o(.ARM.Collect$$rtentry$$0000000C)
    .ARM.Collect$$rtentry$$0000000D          0x08000262   Section        8  __rtentry2.o(.ARM.Collect$$rtentry$$0000000D)
    .ARM.Collect$$rtexit$$00000000           0x0800026a   Section        2  rtexit.o(.ARM.Collect$$rtexit$$00000000)
    .ARM.Collect$$rtexit$$00000002           0x0800026c   Section        0  rtexit2.o(.ARM.Collect$$rtexit$$00000002)
    .ARM.Collect$$rtexit$$00000003           0x0800026c   Section        4  rtexit2.o(.ARM.Collect$$rtexit$$00000003)
    .ARM.Collect$$rtexit$$00000004           0x08000270   Section        6  rtexit2.o(.ARM.Collect$$rtexit$$00000004)
    .emb_text                                0x08000278   Section       32  core_cm3.o(.emb_text)
    .text                                    0x08000298   Section       60  startup_stm32f10x_hd.o(.text)
    .text                                    0x080002d4   Section        0  vsnprintf.o(.text)
    .text                                    0x08000308   Section        0  strlen.o(.text)
    .text                                    0x08000346   Section      138  rt_memcpy_v6.o(.text)
    .text                                    0x080003d0   Section       78  rt_memclr_w.o(.text)
    .text                                    0x0800041e   Section        0  heapauxi.o(.text)
    .text                                    0x08000424   Section        0  _printf_pad.o(.text)
    .text                                    0x08000472   Section        0  _printf_truncate.o(.text)
    .text                                    0x08000496   Section        0  _printf_str.o(.text)
    .text                                    0x080004e8   Section        0  _printf_dec.o(.text)
    .text                                    0x08000560   Section        0  _printf_charcount.o(.text)
    .text                                    0x08000588   Section        0  _printf_char_common.o(.text)
    _printf_input_char                       0x08000589   Thumb Code    10  _printf_char_common.o(.text)
    .text                                    0x080005b8   Section        0  _sputc.o(.text)
    .text                                    0x080005c2   Section        0  _snputc.o(.text)
    .text                                    0x080005d4   Section        0  _printf_wctomb.o(.text)
    .text                                    0x08000690   Section        0  _printf_longlong_dec.o(.text)
    .text                                    0x0800070c   Section        0  _printf_oct_int_ll.o(.text)
    _printf_longlong_oct_internal            0x0800070d   Thumb Code     0  _printf_oct_int_ll.o(.text)
    .text                                    0x0800077c   Section        0  _printf_hex_int_ll_ptr.o(.text)
    _printf_hex_common                       0x0800077d   Thumb Code     0  _printf_hex_int_ll_ptr.o(.text)
    .text                                    0x08000810   Section        0  __printf_flags_ss_wp.o(.text)
    .text                                    0x08000998   Section      100  rt_memcpy_w.o(.text)
    .text                                    0x080009fc   Section      138  lludiv10.o(.text)
    .text                                    0x08000a86   Section        0  _printf_intcommon.o(.text)
    .text                                    0x08000b38   Section        0  _printf_fp_dec.o(.text)
    _fp_digits                               0x08000b3b   Thumb Code   428  _printf_fp_dec.o(.text)
    .text                                    0x08000f54   Section        0  _printf_fp_hex.o(.text)
    .text                                    0x08001250   Section        0  _printf_char.o(.text)
    .text                                    0x0800127c   Section        0  _printf_wchar.o(.text)
    .text                                    0x080012a8   Section        0  _wcrtomb.o(.text)
    .text                                    0x080012e8   Section       74  sys_stackheap_outer.o(.text)
    .text                                    0x08001334   Section       16  rt_ctype_table.o(.text)
    .text                                    0x08001344   Section        8  rt_locale_intlibspace.o(.text)
    .text                                    0x0800134c   Section        0  _printf_fp_infnan.o(.text)
    .text                                    0x080013cc   Section        0  bigflt0.o(.text)
    .text                                    0x080014a8   Section        0  exit.o(.text)
    .text                                    0x080014b4   Section        8  libspace.o(.text)
    .text                                    0x080014bc   Section      128  strcmpv7m.o(.text)
    .text                                    0x0800153c   Section        0  sys_exit.o(.text)
    .text                                    0x08001548   Section        2  use_no_semi.o(.text)
    .text                                    0x0800154a   Section        0  indicate_semi.o(.text)
    CL$$btod_d2e                             0x0800154a   Section       62  btod.o(CL$$btod_d2e)
    CL$$btod_d2e_denorm_low                  0x08001588   Section       70  btod.o(CL$$btod_d2e_denorm_low)
    CL$$btod_d2e_norm_op1                    0x080015ce   Section       96  btod.o(CL$$btod_d2e_norm_op1)
    CL$$btod_div_common                      0x0800162e   Section      824  btod.o(CL$$btod_div_common)
    CL$$btod_e2e                             0x08001966   Section      198  btod.o(CL$$btod_e2e)
    CL$$btod_ediv                            0x08001a2c   Section       40  btod.o(CL$$btod_ediv)
    CL$$btod_emul                            0x08001a54   Section       40  btod.o(CL$$btod_emul)
    CL$$btod_mult_common                     0x08001a7c   Section      580  btod.o(CL$$btod_mult_common)
    CODE                                     0x08001cc0   Section       92  tnos_cpu_rvds.o(CODE)
    i.GPIO_Init                              0x08001d1c   Section        0  stm32f10x_gpio.o(i.GPIO_Init)
    i.NVIC_Init                              0x08001dc0   Section        0  misc.o(i.NVIC_Init)
    i.NVIC_PriorityGroupConfig               0x08001e24   Section        0  misc.o(i.NVIC_PriorityGroupConfig)
    i.RCC_APB2PeriphClockCmd                 0x08001e38   Section        0  stm32f10x_rcc.o(i.RCC_APB2PeriphClockCmd)
    i.RCC_GetClocksFreq                      0x08001e50   Section        0  stm32f10x_rcc.o(i.RCC_GetClocksFreq)
    i.SetSysClockTo72                        0x08001ee0   Section        0  system_stm32f10x.o(i.SetSysClockTo72)
    SetSysClockTo72                          0x08001ee1   Thumb Code   160  system_stm32f10x.o(i.SetSysClockTo72)
    i.SystemInit                             0x08001f88   Section        0  system_stm32f10x.o(i.SystemInit)
    i.TIM4_IRQHandler                        0x08001fd8   Section        0  tnos_dev.o(i.TIM4_IRQHandler)
    i.USART1_IRQHandler                      0x08001fdc   Section        0  tnos_dev.o(i.USART1_IRQHandler)
    i.USART_ClearITPendingBit                0x08002010   Section        0  stm32f10x_usart.o(i.USART_ClearITPendingBit)
    i.USART_Cmd                              0x0800201c   Section        0  stm32f10x_usart.o(i.USART_Cmd)
    i.USART_Init                             0x08002030   Section        0  stm32f10x_usart.o(i.USART_Init)
    i.__ARM_fpclassify                       0x080020dc   Section        0  fpclassify.o(i.__ARM_fpclassify)
    i._is_digit                              0x08002104   Section        0  __printf_wp.o(i._is_digit)
    i.get_time_tick                          0x08002112   Section        0  xtimer.o(i.get_time_tick)
    get_time_tick                            0x08002113   Thumb Code    22  xtimer.o(i.get_time_tick)
    i.get_time_tick2                         0x08002128   Section        0  tnos_dev.o(i.get_time_tick2)
    i.hardfault_handler_proc                 0x08002168   Section        0  tnos_cpu_c.o(i.hardfault_handler_proc)
    i.idle_task                              0x080022ac   Section        0  tnos_idle.o(i.idle_task)
    i.irq_disable                            0x080023a4   Section        0  tnos_core.o(i.irq_disable)
    i.irq_enable                             0x080023b4   Section        0  tnos_core.o(i.irq_enable)
    i.list_insert_after                      0x08002404   Section        0  clist.o(i.list_insert_after)
    i.list_insert_before                     0x08002412   Section        0  clist.o(i.list_insert_before)
    i.list_remove                            0x08002420   Section        0  clist.o(i.list_remove)
    i.main                                   0x08002436   Section        0  main.o(i.main)
    i.pass_ticks                             0x08002440   Section        0  xtimer.o(i.pass_ticks)
    i.task1                                  0x0800246c   Section        0  tnos_test.o(i.task1)
    task1                                    0x0800246d   Thumb Code   142  tnos_test.o(i.task1)
    i.time_add                               0x08002538   Section        0  xtimer.o(i.time_add)
    time_add                                 0x08002539   Thumb Code    60  xtimer.o(i.time_add)
    i.tnos_app_init                          0x08002574   Section        0  tnos_test.o(i.tnos_app_init)
    i.tnos_assert                            0x08002578   Section        0  tnos_core.o(i.tnos_assert)
    i.tnos_board_other_init                  0x080025b8   Section        0  system_init.o(i.tnos_board_other_init)
    i.tnos_board_sys_pro_init                0x080025c2   Section        0  system_init.o(i.tnos_board_sys_pro_init)
    i.tnos_delay_ms                          0x08002604   Section        0  tnos_core.o(i.tnos_delay_ms)
    i.tnos_do_sched                          0x08002640   Section        0  tnos_core.o(i.tnos_do_sched)
    tnos_do_sched                            0x08002641   Thumb Code   464  tnos_core.o(i.tnos_do_sched)
    i.tnos_idle_hook                         0x08002824   Section        0  main.o(i.tnos_idle_hook)
    i.tnos_insert_delay                      0x08002828   Section        0  tnos_core.o(i.tnos_insert_delay)
    tnos_insert_delay                        0x08002829   Thumb Code    68  tnos_core.o(i.tnos_insert_delay)
    i.tnos_irq_delay1                        0x08002870   Section        0  tnos_core.o(i.tnos_irq_delay1)
    i.tnos_sched                             0x0800287a   Section        0  tnos_core.o(i.tnos_sched)
    i.tnos_sched_lock                        0x08002894   Section        0  tnos_core.o(i.tnos_sched_lock)
    i.tnos_sched_noral                       0x080028b0   Section        0  tnos_core.o(i.tnos_sched_noral)
    tnos_sched_noral                         0x080028b1   Thumb Code    50  tnos_core.o(i.tnos_sched_noral)
    i.tnos_sched_unlock                      0x080028e8   Section        0  tnos_core.o(i.tnos_sched_unlock)
    i.tnos_sem_init                          0x08002948   Section        0  tnos_sem.o(i.tnos_sem_init)
    i.tnos_sem_post                          0x08002984   Section        0  tnos_sem.o(i.tnos_sem_post)
    i.tnos_sem_wait                          0x080029bc   Section        0  tnos_sem.o(i.tnos_sem_wait)
    i.tnos_set_ready                         0x080029f8   Section        0  tnos_core.o(i.tnos_set_ready)
    tnos_set_ready                           0x080029f9   Thumb Code    64  tnos_core.o(i.tnos_set_ready)
    i.tnos_singal_init                       0x08002a3c   Section        0  tnos_core.o(i.tnos_singal_init)
    i.tnos_singal_send                       0x08002a44   Section        0  tnos_core.o(i.tnos_singal_send)
    i.tnos_singal_wait_ms                    0x08002a9c   Section        0  tnos_core.o(i.tnos_singal_wait_ms)
    i.tnos_start_rdy                         0x08002b20   Section        0  tnos_cpu_c.o(i.tnos_start_rdy)
    i.tnos_startup                           0x08002b34   Section        0  tnos_core.o(i.tnos_startup)
    i.tnos_taks_stk_check                    0x08002bf4   Section        0  tnos_cpu_c.o(i.tnos_taks_stk_check)
    i.tnos_task_create                       0x08002c1c   Section        0  tnos_core.o(i.tnos_task_create)
    i.tnos_task_init                         0x08002ce4   Section        0  tnos_test.o(i.tnos_task_init)
    i.tnos_task_return                       0x08002d90   Section        0  tnos_core.o(i.tnos_task_return)
    i.tnos_task_stk_init                     0x08002da0   Section        0  tnos_cpu_c.o(i.tnos_task_stk_init)
    i.tnos_tick_proess                       0x08002de4   Section        0  tnos_core.o(i.tnos_tick_proess)
    i.tnos_tim_ms_init                       0x08002e48   Section        0  tnos_dev.o(i.tnos_tim_ms_init)
    i.tnos_tim_ms_set                        0x08002e4c   Section        0  tnos_dev.o(i.tnos_tim_ms_set)
    i.tnos_val_init                          0x08002e80   Section        0  tnos_core.o(i.tnos_val_init)
    tnos_val_init                            0x08002e81   Thumb Code    94  tnos_core.o(i.tnos_val_init)
    i.ttimer_delay_ms                        0x08002ef8   Section        0  xtimer.o(i.ttimer_delay_ms)
    i.ttimer_init                            0x08002f0c   Section        0  tnos_dev.o(i.ttimer_init)
    i.ttimer_is_timeout                      0x08002f50   Section        0  xtimer.o(i.ttimer_is_timeout)
    i.ttimer_is_timeout2                     0x08002f64   Section        0  xtimer.o(i.ttimer_is_timeout2)
    i.ttimer_repeat_abs                      0x08002f94   Section        0  xtimer.o(i.ttimer_repeat_abs)
    i.ttimer_set                             0x08002fa2   Section        0  xtimer.o(i.ttimer_set)
    i.ttimer_set2                            0x08002fba   Section        0  xtimer.o(i.ttimer_set2)
    i.ttimer_time_less2                      0x08002fdc   Section        0  xtimer.o(i.ttimer_time_less2)
    i.ttimer_wait_timeout                    0x0800301a   Section        0  xtimer.o(i.ttimer_wait_timeout)
    i.xprintf                                0x0800302a   Section        0  xprintf.o(i.xprintf)
    i.xprintf_get_char                       0x08003040   Section        0  xprintf.o(i.xprintf_get_char)
    i.xprintf_init                           0x08003068   Section        0  tnos_dev.o(i.xprintf_init)
    i.xprintf_init_com                       0x080030f8   Section        0  xprintf.o(i.xprintf_init_com)
    i.xprintf_msg_put_irq                    0x08003110   Section        0  tnos_dev.o(i.xprintf_msg_put_irq)
    i.xprintf_put_char                       0x08003128   Section        0  tnos_dev.o(i.xprintf_put_char)
    i.xprintf_w                              0x0800313c   Section        0  xprintf.o(i.xprintf_w)
    i.xsnprintf                              0x08003150   Section        0  xutils.o(i.xsnprintf)
    i.xstrlen                                0x08003162   Section        0  xutils.o(i.xstrlen)
    i.xstrncpy                               0x0800316e   Section        0  xutils.o(i.xstrncpy)
    i.xvprintf                               0x080031a8   Section        0  xprintf.o(i.xvprintf)
    i.xvsnprintf                             0x08003220   Section        0  xutils.o(i.xvsnprintf)
    locale$$code                             0x08003248   Section       44  lc_numeric_c.o(locale$$code)
    locale$$code                             0x08003274   Section       44  lc_ctype_c.o(locale$$code)
    x$fpl$printf1                            0x080032a0   Section        4  printf1.o(x$fpl$printf1)
    x$fpl$printf2                            0x080032a4   Section        4  printf2.o(x$fpl$printf2)
    .constdata                               0x080032a8   Section      120  tnos_core.o(.constdata)
    x$fpl$usenofp                            0x080032a8   Section        0  usenofp.o(x$fpl$usenofp)
    gs_higth_rdy_tab                         0x080032a8   Data          16  tnos_core.o(.constdata)
    __FUNCTION__                             0x080032b8   Data          11  tnos_core.o(.constdata)
    __FUNCTION__                             0x080032c3   Data          17  tnos_core.o(.constdata)
    __FUNCTION__                             0x080032d4   Data          13  tnos_core.o(.constdata)
    __FUNCTION__                             0x080032e1   Data          13  tnos_core.o(.constdata)
    __FUNCTION__                             0x080032ee   Data          20  tnos_core.o(.constdata)
    __FUNCTION__                             0x08003302   Data          18  tnos_core.o(.constdata)
    __FUNCTION__                             0x08003314   Data          12  tnos_core.o(.constdata)
    .constdata                               0x08003320   Section       42  tnos_sem.o(.constdata)
    __FUNCTION__                             0x08003320   Data          14  tnos_sem.o(.constdata)
    __FUNCTION__                             0x0800332e   Data          14  tnos_sem.o(.constdata)
    __FUNCTION__                             0x0800333c   Data          14  tnos_sem.o(.constdata)
    .constdata                               0x0800334c   Section        8  _printf_wctomb.o(.constdata)
    initial_mbstate                          0x0800334c   Data           8  _printf_wctomb.o(.constdata)
    .constdata                               0x08003354   Section       40  _printf_hex_int_ll_ptr.o(.constdata)
    uc_hextab                                0x08003354   Data          20  _printf_hex_int_ll_ptr.o(.constdata)
    lc_hextab                                0x08003368   Data          20  _printf_hex_int_ll_ptr.o(.constdata)
    .constdata                               0x0800337c   Section       17  __printf_flags_ss_wp.o(.constdata)
    maptable                                 0x0800337c   Data          17  __printf_flags_ss_wp.o(.constdata)
    .constdata                               0x0800338d   Section       38  _printf_fp_hex.o(.constdata)
    lc_hextab                                0x0800338d   Data          19  _printf_fp_hex.o(.constdata)
    uc_hextab                                0x080033a0   Data          19  _printf_fp_hex.o(.constdata)
    .constdata                               0x080033b4   Section      148  bigflt0.o(.constdata)
    tenpwrs_x                                0x080033b4   Data          60  bigflt0.o(.constdata)
    tenpwrs_i                                0x080033f0   Data          64  bigflt0.o(.constdata)
    .conststring                             0x08003448   Section      137  tnos_core.o(.conststring)
    locale$$data                             0x080034f4   Section       28  lc_numeric_c.o(locale$$data)
    __lcnum_c_name                           0x080034f8   Data           2  lc_numeric_c.o(locale$$data)
    __lcnum_c_start                          0x08003500   Data           0  lc_numeric_c.o(locale$$data)
    __lcnum_c_point                          0x0800350c   Data           0  lc_numeric_c.o(locale$$data)
    __lcnum_c_thousands                      0x0800350e   Data           0  lc_numeric_c.o(locale$$data)
    __lcnum_c_grouping                       0x0800350f   Data           0  lc_numeric_c.o(locale$$data)
    locale$$data                             0x08003510   Section      272  lc_ctype_c.o(locale$$data)
    __lcnum_c_end                            0x08003510   Data           0  lc_numeric_c.o(locale$$data)
    __lcctype_c_name                         0x08003514   Data           2  lc_ctype_c.o(locale$$data)
    __lcctype_c_start                        0x0800351c   Data           0  lc_ctype_c.o(locale$$data)
    __lcctype_c_end                          0x08003620   Data           0  lc_ctype_c.o(locale$$data)
    .data                                    0x20000000   Section       36  tnos_core.o(.data)
    gs_rdy_grop                              0x20000000   Data           1  tnos_core.o(.data)
    gs_rdy_wait_grop                         0x20000001   Data           1  tnos_core.o(.data)
    gs_is_signal_send                        0x20000002   Data           1  tnos_core.o(.data)
    gs_tnos_shed_lock_cnt                    0x20000004   Data           2  tnos_core.o(.data)
    gs_irq_cnt                               0x20000006   Data           2  tnos_core.o(.data)
    gs_idle_sec                              0x20000010   Data           4  tnos_core.o(.data)
    gs_prdy                                  0x20000014   Data           4  tnos_core.o(.data)
    gs_prdy_wait                             0x20000018   Data           4  tnos_core.o(.data)
    gs_list_head_delay                       0x2000001c   Data           8  tnos_core.o(.data)
    .data                                    0x20000024   Section        8  xtimer.o(.data)
    .data                                    0x2000002c   Section        8  tnos_test.o(.data)
    gs_cnt                                   0x2000002c   Data           4  tnos_test.o(.data)
    gs_cnt_all                               0x20000030   Data           4  tnos_test.o(.data)
    .data                                    0x20000034   Section       20  stm32f10x_rcc.o(.data)
    ADCPrescTable                            0x20000034   Data           4  stm32f10x_rcc.o(.data)
    APBAHBPrescTable                         0x20000038   Data          16  stm32f10x_rcc.o(.data)
    .bss                                     0x20000048   Section      644  tnos_core.o(.bss)
    gs_idle_stk                              0x2000008c   Data         512  tnos_core.o(.bss)
    gs_list_rdy                              0x2000028c   Data          64  tnos_core.o(.bss)
    .bss                                     0x200002cc   Section       24  xprintf.o(.bss)
    gs_printf_ctrl                           0x200002cc   Data          24  xprintf.o(.bss)
    .bss                                     0x200002e4   Section    12696  tnos_test.o(.bss)
    tcb                                      0x200002e4   Data        1768  tnos_test.o(.bss)
    sem                                      0x200009cc   Data         312  tnos_test.o(.bss)
    stk                                      0x20000b04   Data       10400  tnos_test.o(.bss)
    gs_delay_tab                             0x200033a4   Data         108  tnos_test.o(.bss)
    gs_wait_tab                              0x20003410   Data         108  tnos_test.o(.bss)
    .bss                                     0x2000347c   Section     2200  tnos_dev.o(.bss)
    gs_buf_fmt                               0x2000347c   Data         200  tnos_dev.o(.bss)
    gs_buf_send_irq                          0x20003544   Data        2000  tnos_dev.o(.bss)
    .bss                                     0x20003d14   Section       96  libspace.o(.bss)
    HEAP                                     0x20003d78   Section        0  startup_stm32f10x_hd.o(HEAP)
    STACK                                    0x20003d78   Section     1000  startup_stm32f10x_hd.o(STACK)
    Heap_Mem                                 0x20003d78   Data           0  startup_stm32f10x_hd.o(HEAP)
    Stack_Mem                                0x20003d78   Data        1000  startup_stm32f10x_hd.o(STACK)
    __initial_sp                             0x20004160   Data           0  startup_stm32f10x_hd.o(STACK)

    Global Symbols

    Symbol Name                              Value     Ov Type        Size  Object(Section)

    BuildAttributes$$THM_ISAv4$P$D$K$B$S$PE$A:L22UL41UL21$X:L11$S22US41US21$IEEE1$IW$USESV6$~STKCKD$USESV7$~SHL$OTIME$ROPI$IEEEJ$EBA8$UX$STANDARDLIB$REQ8$PRES8$EABIv2 0x00000000   Number         0  anon$$obj.o ABSOLUTE
    __ARM_use_no_argv                        0x00000000   Number         0  main.o ABSOLUTE
    _printf_flags                            0x00000000   Number         0  printf_stubs.o ABSOLUTE
    _printf_return_value                     0x00000000   Number         0  printf_stubs.o ABSOLUTE
    _printf_sizespec                         0x00000000   Number         0  printf_stubs.o ABSOLUTE
    _printf_widthprec                        0x00000000   Number         0  printf_stubs.o ABSOLUTE
    __ARM_exceptions_init                     - Undefined Weak Reference
    __alloca_initialize                       - Undefined Weak Reference
    __arm_preinit_                            - Undefined Weak Reference
    __cpp_initialize__aeabi_                  - Undefined Weak Reference
    __cxa_finalize                            - Undefined Weak Reference
    __sigvec_lookup                           - Undefined Weak Reference
    _atexit_init                              - Undefined Weak Reference
    _call_atexit_fns                          - Undefined Weak Reference
    _clock_init                               - Undefined Weak Reference
    _fp_trap_init                             - Undefined Weak Reference
    _fp_trap_shutdown                         - Undefined Weak Reference
    _get_lc_collate                           - Undefined Weak Reference
    _get_lc_monetary                          - Undefined Weak Reference
    _get_lc_time                              - Undefined Weak Reference
    _getenv_init                              - Undefined Weak Reference
    _handle_redirection                       - Undefined Weak Reference
    _init_alloc                               - Undefined Weak Reference
    _init_user_alloc                          - Undefined Weak Reference
    _initio                                   - Undefined Weak Reference
    _printf_mbtowc                            - Undefined Weak Reference
    _printf_wc                                - Undefined Weak Reference
    _rand_init                                - Undefined Weak Reference
    _signal_finish                            - Undefined Weak Reference
    _signal_init                              - Undefined Weak Reference
    _terminate_alloc                          - Undefined Weak Reference
    _terminate_user_alloc                     - Undefined Weak Reference
    _terminateio                              - Undefined Weak Reference
    __Vectors_Size                           0x00000130   Number         0  startup_stm32f10x_hd.o ABSOLUTE
    __Vectors                                0x08000000   Data           4  startup_stm32f10x_hd.o(RESET)
    __Vectors_End                            0x08000130   Data           0  startup_stm32f10x_hd.o(RESET)
    __main                                   0x08000131   Thumb Code     8  __main.o(!!!main)
    __scatterload                            0x08000139   Thumb Code     0  __scatter.o(!!!scatter)
    __scatterload_rt2                        0x08000139   Thumb Code    44  __scatter.o(!!!scatter)
    __scatterload_rt2_thumb_only             0x08000139   Thumb Code     0  __scatter.o(!!!scatter)
    __scatterload_null                       0x08000147   Thumb Code     0  __scatter.o(!!!scatter)
    __scatterload_copy                       0x0800016d   Thumb Code    26  __scatter_copy.o(!!handler_copy)
    __scatterload_zeroinit                   0x08000189   Thumb Code    28  __scatter_zi.o(!!handler_zi)
    _printf_n                                0x080001a5   Thumb Code     0  _printf_n.o(.ARM.Collect$$_printf_percent$$00000001)
    _printf_percent                          0x080001a5   Thumb Code     0  _printf_percent.o(.ARM.Collect$$_printf_percent$$00000000)
    _printf_p                                0x080001ab   Thumb Code     0  _printf_p.o(.ARM.Collect$$_printf_percent$$00000002)
    _printf_f                                0x080001b1   Thumb Code     0  _printf_f.o(.ARM.Collect$$_printf_percent$$00000003)
    _printf_e                                0x080001b7   Thumb Code     0  _printf_e.o(.ARM.Collect$$_printf_percent$$00000004)
    _printf_g                                0x080001bd   Thumb Code     0  _printf_g.o(.ARM.Collect$$_printf_percent$$00000005)
    _printf_a                                0x080001c3   Thumb Code     0  _printf_a.o(.ARM.Collect$$_printf_percent$$00000006)
    _printf_ll                               0x080001c9   Thumb Code     0  _printf_ll.o(.ARM.Collect$$_printf_percent$$00000007)
    _printf_i                                0x080001d3   Thumb Code     0  _printf_i.o(.ARM.Collect$$_printf_percent$$00000008)
    _printf_d                                0x080001d9   Thumb Code     0  _printf_d.o(.ARM.Collect$$_printf_percent$$00000009)
    _printf_u                                0x080001df   Thumb Code     0  _printf_u.o(.ARM.Collect$$_printf_percent$$0000000A)
    _printf_o                                0x080001e5   Thumb Code     0  _printf_o.o(.ARM.Collect$$_printf_percent$$0000000B)
    _printf_x                                0x080001eb   Thumb Code     0  _printf_x.o(.ARM.Collect$$_printf_percent$$0000000C)
    _printf_lli                              0x080001f1   Thumb Code     0  _printf_lli.o(.ARM.Collect$$_printf_percent$$0000000D)
    _printf_lld                              0x080001f7   Thumb Code     0  _printf_lld.o(.ARM.Collect$$_printf_percent$$0000000E)
    _printf_llu                              0x080001fd   Thumb Code     0  _printf_llu.o(.ARM.Collect$$_printf_percent$$0000000F)
    _printf_llo                              0x08000203   Thumb Code     0  _printf_llo.o(.ARM.Collect$$_printf_percent$$00000010)
    _printf_llx                              0x08000209   Thumb Code     0  _printf_llx.o(.ARM.Collect$$_printf_percent$$00000011)
    _printf_l                                0x0800020f   Thumb Code     0  _printf_l.o(.ARM.Collect$$_printf_percent$$00000012)
    _printf_c                                0x08000219   Thumb Code     0  _printf_c.o(.ARM.Collect$$_printf_percent$$00000013)
    _printf_s                                0x0800021f   Thumb Code     0  _printf_s.o(.ARM.Collect$$_printf_percent$$00000014)
    _printf_lc                               0x08000225   Thumb Code     0  _printf_lc.o(.ARM.Collect$$_printf_percent$$00000015)
    _printf_ls                               0x0800022b   Thumb Code     0  _printf_ls.o(.ARM.Collect$$_printf_percent$$00000016)
    _printf_percent_end                      0x08000231   Thumb Code     0  _printf_percent_end.o(.ARM.Collect$$_printf_percent$$00000017)
    __rt_lib_init                            0x08000235   Thumb Code     0  libinit.o(.ARM.Collect$$libinit$$00000000)
    __rt_lib_init_fp_1                       0x08000237   Thumb Code     0  libinit2.o(.ARM.Collect$$libinit$$00000002)
    __rt_lib_init_heap_1                     0x08000237   Thumb Code     0  libinit2.o(.ARM.Collect$$libinit$$0000000A)
    __rt_lib_init_lc_common                  0x08000237   Thumb Code     0  libinit2.o(.ARM.Collect$$libinit$$0000000F)
    __rt_lib_init_preinit_1                  0x08000237   Thumb Code     0  libinit2.o(.ARM.Collect$$libinit$$00000004)
    __rt_lib_init_rand_1                     0x08000237   Thumb Code     0  libinit2.o(.ARM.Collect$$libinit$$0000000E)
    __rt_lib_init_user_alloc_1               0x08000237   Thumb Code     0  libinit2.o(.ARM.Collect$$libinit$$0000000C)
    __rt_lib_init_lc_collate_1               0x0800023d   Thumb Code     0  libinit2.o(.ARM.Collect$$libinit$$00000011)
    __rt_lib_init_lc_ctype_2                 0x0800023d   Thumb Code     0  libinit2.o(.ARM.Collect$$libinit$$00000012)
    __rt_lib_init_lc_ctype_1                 0x08000249   Thumb Code     0  libinit2.o(.ARM.Collect$$libinit$$00000013)
    __rt_lib_init_lc_monetary_1              0x08000249   Thumb Code     0  libinit2.o(.ARM.Collect$$libinit$$00000015)
    __rt_lib_init_lc_numeric_2               0x08000249   Thumb Code     0  libinit2.o(.ARM.Collect$$libinit$$00000016)
    __rt_lib_init_alloca_1                   0x08000253   Thumb Code     0  libinit2.o(.ARM.Collect$$libinit$$0000002E)
    __rt_lib_init_argv_1                     0x08000253   Thumb Code     0  libinit2.o(.ARM.Collect$$libinit$$0000002C)
    __rt_lib_init_atexit_1                   0x08000253   Thumb Code     0  libinit2.o(.ARM.Collect$$libinit$$0000001B)
    __rt_lib_init_clock_1                    0x08000253   Thumb Code     0  libinit2.o(.ARM.Collect$$libinit$$00000021)
    __rt_lib_init_cpp_1                      0x08000253   Thumb Code     0  libinit2.o(.ARM.Collect$$libinit$$00000032)
    __rt_lib_init_exceptions_1               0x08000253   Thumb Code     0  libinit2.o(.ARM.Collect$$libinit$$00000030)
    __rt_lib_init_fp_trap_1                  0x08000253   Thumb Code     0  libinit2.o(.ARM.Collect$$libinit$$0000001F)
    __rt_lib_init_getenv_1                   0x08000253   Thumb Code     0  libinit2.o(.ARM.Collect$$libinit$$00000023)
    __rt_lib_init_lc_numeric_1               0x08000253   Thumb Code     0  libinit2.o(.ARM.Collect$$libinit$$00000017)
    __rt_lib_init_lc_time_1                  0x08000253   Thumb Code     0  libinit2.o(.ARM.Collect$$libinit$$00000019)
    __rt_lib_init_return                     0x08000253   Thumb Code     0  libinit2.o(.ARM.Collect$$libinit$$00000033)
    __rt_lib_init_signal_1                   0x08000253   Thumb Code     0  libinit2.o(.ARM.Collect$$libinit$$0000001D)
    __rt_lib_init_stdio_1                    0x08000253   Thumb Code     0  libinit2.o(.ARM.Collect$$libinit$$00000025)
    __rt_lib_shutdown                        0x08000255   Thumb Code     0  libshutdown.o(.ARM.Collect$$libshutdown$$00000000)
    __rt_lib_shutdown_fp_trap_1              0x08000257   Thumb Code     0  libshutdown2.o(.ARM.Collect$$libshutdown$$00000006)
    __rt_lib_shutdown_heap_1                 0x08000257   Thumb Code     0  libshutdown2.o(.ARM.Collect$$libshutdown$$0000000E)
    __rt_lib_shutdown_return                 0x08000257   Thumb Code     0  libshutdown2.o(.ARM.Collect$$libshutdown$$0000000F)
    __rt_lib_shutdown_signal_1               0x08000257   Thumb Code     0  libshutdown2.o(.ARM.Collect$$libshutdown$$00000009)
    __rt_lib_shutdown_stdio_1                0x08000257   Thumb Code     0  libshutdown2.o(.ARM.Collect$$libshutdown$$00000003)
    __rt_lib_shutdown_user_alloc_1           0x08000257   Thumb Code     0  libshutdown2.o(.ARM.Collect$$libshutdown$$0000000B)
    __rt_entry                               0x08000259   Thumb Code     0  __rtentry.o(.ARM.Collect$$rtentry$$00000000)
    __rt_entry_presh_1                       0x08000259   Thumb Code     0  __rtentry2.o(.ARM.Collect$$rtentry$$00000002)
    __rt_entry_sh                            0x08000259   Thumb Code     0  __rtentry4.o(.ARM.Collect$$rtentry$$00000004)
    __rt_entry_li                            0x0800025f   Thumb Code     0  __rtentry2.o(.ARM.Collect$$rtentry$$0000000A)
    __rt_entry_postsh_1                      0x0800025f   Thumb Code     0  __rtentry2.o(.ARM.Collect$$rtentry$$00000009)
    __rt_entry_main                          0x08000263   Thumb Code     0  __rtentry2.o(.ARM.Collect$$rtentry$$0000000D)
    __rt_entry_postli_1                      0x08000263   Thumb Code     0  __rtentry2.o(.ARM.Collect$$rtentry$$0000000C)
    __rt_exit                                0x0800026b   Thumb Code     0  rtexit.o(.ARM.Collect$$rtexit$$00000000)
    __rt_exit_ls                             0x0800026d   Thumb Code     0  rtexit2.o(.ARM.Collect$$rtexit$$00000003)
    __rt_exit_prels_1                        0x0800026d   Thumb Code     0  rtexit2.o(.ARM.Collect$$rtexit$$00000002)
    __rt_exit_exit                           0x08000271   Thumb Code     0  rtexit2.o(.ARM.Collect$$rtexit$$00000004)
    __get_PSP                                0x08000279   Thumb Code     6  core_cm3.o(.emb_text)
    __set_PSP                                0x0800027f   Thumb Code     6  core_cm3.o(.emb_text)
    __get_MSP                                0x08000285   Thumb Code     6  core_cm3.o(.emb_text)
    __set_MSP                                0x0800028b   Thumb Code     6  core_cm3.o(.emb_text)
    __REV16                                  0x08000291   Thumb Code     4  core_cm3.o(.emb_text)
    __REVSH                                  0x08000295   Thumb Code     4  core_cm3.o(.emb_text)
    Reset_Handler                            0x08000299   Thumb Code     8  startup_stm32f10x_hd.o(.text)
    NMI_Handler                              0x080002a1   Thumb Code     2  startup_stm32f10x_hd.o(.text)
    MemManage_Handler                        0x080002a5   Thumb Code     2  startup_stm32f10x_hd.o(.text)
    BusFault_Handler                         0x080002a7   Thumb Code     2  startup_stm32f10x_hd.o(.text)
    UsageFault_Handler                       0x080002a9   Thumb Code     2  startup_stm32f10x_hd.o(.text)
    SVC_Handler                              0x080002ab   Thumb Code     2  startup_stm32f10x_hd.o(.text)
    DebugMon_Handler                         0x080002ad   Thumb Code     2  startup_stm32f10x_hd.o(.text)
    SysTick_Handler                          0x080002b1   Thumb Code     2  startup_stm32f10x_hd.o(.text)
    ADC1_2_IRQHandler                        0x080002b3   Thumb Code     0  startup_stm32f10x_hd.o(.text)
    ADC3_IRQHandler                          0x080002b3   Thumb Code     0  startup_stm32f10x_hd.o(.text)
    CAN1_RX1_IRQHandler                      0x080002b3   Thumb Code     0  startup_stm32f10x_hd.o(.text)
    CAN1_SCE_IRQHandler                      0x080002b3   Thumb Code     0  startup_stm32f10x_hd.o(.text)
    DMA1_Channel1_IRQHandler                 0x080002b3   Thumb Code     0  startup_stm32f10x_hd.o(.text)
    DMA1_Channel2_IRQHandler                 0x080002b3   Thumb Code     0  startup_stm32f10x_hd.o(.text)
    DMA1_Channel3_IRQHandler                 0x080002b3   Thumb Code     0  startup_stm32f10x_hd.o(.text)
    DMA1_Channel4_IRQHandler                 0x080002b3   Thumb Code     0  startup_stm32f10x_hd.o(.text)
    DMA1_Channel5_IRQHandler                 0x080002b3   Thumb Code     0  startup_stm32f10x_hd.o(.text)
    DMA1_Channel6_IRQHandler                 0x080002b3   Thumb Code     0  startup_stm32f10x_hd.o(.text)
    DMA1_Channel7_IRQHandler                 0x080002b3   Thumb Code     0  startup_stm32f10x_hd.o(.text)
    DMA2_Channel1_IRQHandler                 0x080002b3   Thumb Code     0  startup_stm32f10x_hd.o(.text)
    DMA2_Channel2_IRQHandler                 0x080002b3   Thumb Code     0  startup_stm32f10x_hd.o(.text)
    DMA2_Channel3_IRQHandler                 0x080002b3   Thumb Code     0  startup_stm32f10x_hd.o(.text)
    DMA2_Channel4_5_IRQHandler               0x080002b3   Thumb Code     0  startup_stm32f10x_hd.o(.text)
    EXTI0_IRQHandler                         0x080002b3   Thumb Code     0  startup_stm32f10x_hd.o(.text)
    EXTI15_10_IRQHandler                     0x080002b3   Thumb Code     0  startup_stm32f10x_hd.o(.text)
    EXTI1_IRQHandler                         0x080002b3   Thumb Code     0  startup_stm32f10x_hd.o(.text)
    EXTI2_IRQHandler                         0x080002b3   Thumb Code     0  startup_stm32f10x_hd.o(.text)
    EXTI3_IRQHandler                         0x080002b3   Thumb Code     0  startup_stm32f10x_hd.o(.text)
    EXTI4_IRQHandler                         0x080002b3   Thumb Code     0  startup_stm32f10x_hd.o(.text)
    EXTI9_5_IRQHandler                       0x080002b3   Thumb Code     0  startup_stm32f10x_hd.o(.text)
    FLASH_IRQHandler                         0x080002b3   Thumb Code     0  startup_stm32f10x_hd.o(.text)
    FSMC_IRQHandler                          0x080002b3   Thumb Code     0  startup_stm32f10x_hd.o(.text)
    I2C1_ER_IRQHandler                       0x080002b3   Thumb Code     0  startup_stm32f10x_hd.o(.text)
    I2C1_EV_IRQHandler                       0x080002b3   Thumb Code     0  startup_stm32f10x_hd.o(.text)
    I2C2_ER_IRQHandler                       0x080002b3   Thumb Code     0  startup_stm32f10x_hd.o(.text)
    I2C2_EV_IRQHandler                       0x080002b3   Thumb Code     0  startup_stm32f10x_hd.o(.text)
    PVD_IRQHandler                           0x080002b3   Thumb Code     0  startup_stm32f10x_hd.o(.text)
    RCC_IRQHandler                           0x080002b3   Thumb Code     0  startup_stm32f10x_hd.o(.text)
    RTCAlarm_IRQHandler                      0x080002b3   Thumb Code     0  startup_stm32f10x_hd.o(.text)
    RTC_IRQHandler                           0x080002b3   Thumb Code     0  startup_stm32f10x_hd.o(.text)
    SDIO_IRQHandler                          0x080002b3   Thumb Code     0  startup_stm32f10x_hd.o(.text)
    SPI1_IRQHandler                          0x080002b3   Thumb Code     0  startup_stm32f10x_hd.o(.text)
    SPI2_IRQHandler                          0x080002b3   Thumb Code     0  startup_stm32f10x_hd.o(.text)
    SPI3_IRQHandler                          0x080002b3   Thumb Code     0  startup_stm32f10x_hd.o(.text)
    TAMPER_IRQHandler                        0x080002b3   Thumb Code     0  startup_stm32f10x_hd.o(.text)
    TIM1_BRK_IRQHandler                      0x080002b3   Thumb Code     0  startup_stm32f10x_hd.o(.text)
    TIM1_CC_IRQHandler                       0x080002b3   Thumb Code     0  startup_stm32f10x_hd.o(.text)
    TIM1_TRG_COM_IRQHandler                  0x080002b3   Thumb Code     0  startup_stm32f10x_hd.o(.text)
    TIM1_UP_IRQHandler                       0x080002b3   Thumb Code     0  startup_stm32f10x_hd.o(.text)
    TIM2_IRQHandler                          0x080002b3   Thumb Code     0  startup_stm32f10x_hd.o(.text)
    TIM3_IRQHandler                          0x080002b3   Thumb Code     0  startup_stm32f10x_hd.o(.text)
    TIM5_IRQHandler                          0x080002b3   Thumb Code     0  startup_stm32f10x_hd.o(.text)
    TIM6_IRQHandler                          0x080002b3   Thumb Code     0  startup_stm32f10x_hd.o(.text)
    TIM7_IRQHandler                          0x080002b3   Thumb Code     0  startup_stm32f10x_hd.o(.text)
    TIM8_BRK_IRQHandler                      0x080002b3   Thumb Code     0  startup_stm32f10x_hd.o(.text)
    TIM8_CC_IRQHandler                       0x080002b3   Thumb Code     0  startup_stm32f10x_hd.o(.text)
    TIM8_TRG_COM_IRQHandler                  0x080002b3   Thumb Code     0  startup_stm32f10x_hd.o(.text)
    TIM8_UP_IRQHandler                       0x080002b3   Thumb Code     0  startup_stm32f10x_hd.o(.text)
    UART4_IRQHandler                         0x080002b3   Thumb Code     0  startup_stm32f10x_hd.o(.text)
    UART5_IRQHandler                         0x080002b3   Thumb Code     0  startup_stm32f10x_hd.o(.text)
    USART2_IRQHandler                        0x080002b3   Thumb Code     0  startup_stm32f10x_hd.o(.text)
    USART3_IRQHandler                        0x080002b3   Thumb Code     0  startup_stm32f10x_hd.o(.text)
    USBWakeUp_IRQHandler                     0x080002b3   Thumb Code     0  startup_stm32f10x_hd.o(.text)
    USB_HP_CAN1_TX_IRQHandler                0x080002b3   Thumb Code     0  startup_stm32f10x_hd.o(.text)
    USB_LP_CAN1_RX0_IRQHandler               0x080002b3   Thumb Code     0  startup_stm32f10x_hd.o(.text)
    WWDG_IRQHandler                          0x080002b3   Thumb Code     0  startup_stm32f10x_hd.o(.text)
    __user_initial_stackheap                 0x080002b5   Thumb Code     0  startup_stm32f10x_hd.o(.text)
    vsnprintf                                0x080002d5   Thumb Code    48  vsnprintf.o(.text)
    strlen                                   0x08000309   Thumb Code    62  strlen.o(.text)
    __aeabi_memcpy                           0x08000347   Thumb Code     0  rt_memcpy_v6.o(.text)
    __rt_memcpy                              0x08000347   Thumb Code   138  rt_memcpy_v6.o(.text)
    _memcpy_lastbytes                        0x080003ad   Thumb Code     0  rt_memcpy_v6.o(.text)
    __aeabi_memclr4                          0x080003d1   Thumb Code     0  rt_memclr_w.o(.text)
    __aeabi_memclr8                          0x080003d1   Thumb Code     0  rt_memclr_w.o(.text)
    __rt_memclr_w                            0x080003d1   Thumb Code    78  rt_memclr_w.o(.text)
    _memset_w                                0x080003d5   Thumb Code     0  rt_memclr_w.o(.text)
    __use_two_region_memory                  0x0800041f   Thumb Code     2  heapauxi.o(.text)
    __rt_heap_escrow$2region                 0x08000421   Thumb Code     2  heapauxi.o(.text)
    __rt_heap_expand$2region                 0x08000423   Thumb Code     2  heapauxi.o(.text)
    _printf_pre_padding                      0x08000425   Thumb Code    44  _printf_pad.o(.text)
    _printf_post_padding                     0x08000451   Thumb Code    34  _printf_pad.o(.text)
    _printf_truncate_signed                  0x08000473   Thumb Code    18  _printf_truncate.o(.text)
    _printf_truncate_unsigned                0x08000485   Thumb Code    18  _printf_truncate.o(.text)
    _printf_str                              0x08000497   Thumb Code    82  _printf_str.o(.text)
    _printf_int_dec                          0x080004e9   Thumb Code   104  _printf_dec.o(.text)
    _printf_charcount                        0x08000561   Thumb Code    40  _printf_charcount.o(.text)
    _printf_char_common                      0x08000593   Thumb Code    32  _printf_char_common.o(.text)
    _sputc                                   0x080005b9   Thumb Code    10  _sputc.o(.text)
    _snputc                                  0x080005c3   Thumb Code    16  _snputc.o(.text)
    _printf_wctomb                           0x080005d5   Thumb Code   182  _printf_wctomb.o(.text)
    _printf_longlong_dec                     0x08000691   Thumb Code   108  _printf_longlong_dec.o(.text)
    _printf_longlong_oct                     0x0800070d   Thumb Code    68  _printf_oct_int_ll.o(.text)
    _printf_int_oct                          0x08000751   Thumb Code    24  _printf_oct_int_ll.o(.text)
    _printf_ll_oct                           0x08000769   Thumb Code    12  _printf_oct_int_ll.o(.text)
    _printf_longlong_hex                     0x0800077d   Thumb Code    86  _printf_hex_int_ll_ptr.o(.text)
    _printf_int_hex                          0x080007d3   Thumb Code    28  _printf_hex_int_ll_ptr.o(.text)
    _printf_ll_hex                           0x080007ef   Thumb Code    12  _printf_hex_int_ll_ptr.o(.text)
    _printf_hex_ptr                          0x080007fb   Thumb Code    18  _printf_hex_int_ll_ptr.o(.text)
    __printf                                 0x08000811   Thumb Code   388  __printf_flags_ss_wp.o(.text)
    __aeabi_memcpy4                          0x08000999   Thumb Code     0  rt_memcpy_w.o(.text)
    __aeabi_memcpy8                          0x08000999   Thumb Code     0  rt_memcpy_w.o(.text)
    __rt_memcpy_w                            0x08000999   Thumb Code   100  rt_memcpy_w.o(.text)
    _memcpy_lastbytes_aligned                0x080009e1   Thumb Code     0  rt_memcpy_w.o(.text)
    _ll_udiv10                               0x080009fd   Thumb Code   138  lludiv10.o(.text)
    _printf_int_common                       0x08000a87   Thumb Code   178  _printf_intcommon.o(.text)
    __lib_sel_fp_printf                      0x08000b39   Thumb Code     2  _printf_fp_dec.o(.text)
    _printf_fp_dec_real                      0x08000ce7   Thumb Code   620  _printf_fp_dec.o(.text)
    _printf_fp_hex_real                      0x08000f55   Thumb Code   754  _printf_fp_hex.o(.text)
    _printf_cs_common                        0x08001251   Thumb Code    20  _printf_char.o(.text)
    _printf_char                             0x08001265   Thumb Code    16  _printf_char.o(.text)
    _printf_string                           0x08001275   Thumb Code     8  _printf_char.o(.text)
    _printf_lcs_common                       0x0800127d   Thumb Code    20  _printf_wchar.o(.text)
    _printf_wchar                            0x08001291   Thumb Code    16  _printf_wchar.o(.text)
    _printf_wstring                          0x080012a1   Thumb Code     8  _printf_wchar.o(.text)
    _wcrtomb                                 0x080012a9   Thumb Code    64  _wcrtomb.o(.text)
    __user_setup_stackheap                   0x080012e9   Thumb Code    74  sys_stackheap_outer.o(.text)
    __rt_ctype_table                         0x08001335   Thumb Code    16  rt_ctype_table.o(.text)
    __rt_locale                              0x08001345   Thumb Code     8  rt_locale_intlibspace.o(.text)
    _printf_fp_infnan                        0x0800134d   Thumb Code   112  _printf_fp_infnan.o(.text)
    _btod_etento                             0x080013cd   Thumb Code   216  bigflt0.o(.text)
    exit                                     0x080014a9   Thumb Code    12  exit.o(.text)
    __user_libspace                          0x080014b5   Thumb Code     8  libspace.o(.text)
    __user_perproc_libspace                  0x080014b5   Thumb Code     0  libspace.o(.text)
    __user_perthread_libspace                0x080014b5   Thumb Code     0  libspace.o(.text)
    strcmp                                   0x080014bd   Thumb Code   128  strcmpv7m.o(.text)
    _sys_exit                                0x0800153d   Thumb Code     8  sys_exit.o(.text)
    __I$use$semihosting                      0x08001549   Thumb Code     0  use_no_semi.o(.text)
    __use_no_semihosting_swi                 0x08001549   Thumb Code     2  use_no_semi.o(.text)
    __semihosting_library_function           0x0800154b   Thumb Code     0  indicate_semi.o(.text)
    _btod_d2e                                0x0800154b   Thumb Code    62  btod.o(CL$$btod_d2e)
    _d2e_denorm_low                          0x08001589   Thumb Code    70  btod.o(CL$$btod_d2e_denorm_low)
    _d2e_norm_op1                            0x080015cf   Thumb Code    96  btod.o(CL$$btod_d2e_norm_op1)
    __btod_div_common                        0x0800162f   Thumb Code   696  btod.o(CL$$btod_div_common)
    _e2e                                     0x08001967   Thumb Code   198  btod.o(CL$$btod_e2e)
    _btod_ediv                               0x08001a2d   Thumb Code    40  btod.o(CL$$btod_ediv)
    _btod_emul                               0x08001a55   Thumb Code    40  btod.o(CL$$btod_emul)
    __btod_mult_common                       0x08001a7d   Thumb Code   580  btod.o(CL$$btod_mult_common)
    PendSV_Handler                           0x08001cc1   Thumb Code    44  tnos_cpu_rvds.o(CODE)
    HardFault_Handler                        0x08001cef   Thumb Code    38  tnos_cpu_rvds.o(CODE)
    GPIO_Init                                0x08001d1d   Thumb Code   162  stm32f10x_gpio.o(i.GPIO_Init)
    NVIC_Init                                0x08001dc1   Thumb Code    94  misc.o(i.NVIC_Init)
    NVIC_PriorityGroupConfig                 0x08001e25   Thumb Code    10  misc.o(i.NVIC_PriorityGroupConfig)
    RCC_APB2PeriphClockCmd                   0x08001e39   Thumb Code    18  stm32f10x_rcc.o(i.RCC_APB2PeriphClockCmd)
    RCC_GetClocksFreq                        0x08001e51   Thumb Code   128  stm32f10x_rcc.o(i.RCC_GetClocksFreq)
    SystemInit                               0x08001f89   Thumb Code    64  system_stm32f10x.o(i.SystemInit)
    TIM4_IRQHandler                          0x08001fd9   Thumb Code     4  tnos_dev.o(i.TIM4_IRQHandler)
    USART1_IRQHandler                        0x08001fdd   Thumb Code    46  tnos_dev.o(i.USART1_IRQHandler)
    USART_ClearITPendingBit                  0x08002011   Thumb Code    12  stm32f10x_usart.o(i.USART_ClearITPendingBit)
    USART_Cmd                                0x0800201d   Thumb Code    20  stm32f10x_usart.o(i.USART_Cmd)
    USART_Init                               0x08002031   Thumb Code   166  stm32f10x_usart.o(i.USART_Init)
    __ARM_fpclassify                         0x080020dd   Thumb Code    40  fpclassify.o(i.__ARM_fpclassify)
    _is_digit                                0x08002105   Thumb Code    14  __printf_wp.o(i._is_digit)
    get_time_tick2                           0x08002129   Thumb Code    54  tnos_dev.o(i.get_time_tick2)
    hardfault_handler_proc                   0x08002169   Thumb Code   132  tnos_cpu_c.o(i.hardfault_handler_proc)
    idle_task                                0x080022ad   Thumb Code   196  tnos_idle.o(i.idle_task)
    irq_disable                              0x080023a5   Thumb Code    12  tnos_core.o(i.irq_disable)
    irq_enable                               0x080023b5   Thumb Code    46  tnos_core.o(i.irq_enable)
    list_insert_after                        0x08002405   Thumb Code    14  clist.o(i.list_insert_after)
    list_insert_before                       0x08002413   Thumb Code    14  clist.o(i.list_insert_before)
    list_remove                              0x08002421   Thumb Code    22  clist.o(i.list_remove)
    main                                     0x08002437   Thumb Code    10  main.o(i.main)
    pass_ticks                               0x08002441   Thumb Code    44  xtimer.o(i.pass_ticks)
    tnos_app_init                            0x08002575   Thumb Code     2  tnos_test.o(i.tnos_app_init)
    tnos_assert                              0x08002579   Thumb Code    14  tnos_core.o(i.tnos_assert)
    tnos_board_other_init                    0x080025b9   Thumb Code    10  system_init.o(i.tnos_board_other_init)
    tnos_board_sys_pro_init                  0x080025c3   Thumb Code    66  system_init.o(i.tnos_board_sys_pro_init)
    tnos_delay_ms                            0x08002605   Thumb Code    52  tnos_core.o(i.tnos_delay_ms)
    tnos_idle_hook                           0x08002825   Thumb Code     2  main.o(i.tnos_idle_hook)
    tnos_irq_delay1                          0x08002871   Thumb Code    10  tnos_core.o(i.tnos_irq_delay1)
    tnos_sched                               0x0800287b   Thumb Code    26  tnos_core.o(i.tnos_sched)
    tnos_sched_lock                          0x08002895   Thumb Code    22  tnos_core.o(i.tnos_sched_lock)
    tnos_sched_unlock                        0x080028e9   Thumb Code    60  tnos_core.o(i.tnos_sched_unlock)
    tnos_sem_init                            0x08002949   Thumb Code    38  tnos_sem.o(i.tnos_sem_init)
    tnos_sem_post                            0x08002985   Thumb Code    34  tnos_sem.o(i.tnos_sem_post)
    tnos_sem_wait                            0x080029bd   Thumb Code    40  tnos_sem.o(i.tnos_sem_wait)
    tnos_singal_init                         0x08002a3d   Thumb Code     8  tnos_core.o(i.tnos_singal_init)
    tnos_singal_send                         0x08002a45   Thumb Code    78  tnos_core.o(i.tnos_singal_send)
    tnos_singal_wait_ms                      0x08002a9d   Thumb Code   122  tnos_core.o(i.tnos_singal_wait_ms)
    tnos_start_rdy                           0x08002b21   Thumb Code    16  tnos_cpu_c.o(i.tnos_start_rdy)
    tnos_startup                             0x08002b35   Thumb Code    96  tnos_core.o(i.tnos_startup)
    tnos_taks_stk_check                      0x08002bf5   Thumb Code    36  tnos_cpu_c.o(i.tnos_taks_stk_check)
    tnos_task_create                         0x08002c1d   Thumb Code   186  tnos_core.o(i.tnos_task_create)
    tnos_task_init                           0x08002ce5   Thumb Code   152  tnos_test.o(i.tnos_task_init)
    tnos_task_return                         0x08002d91   Thumb Code    10  tnos_core.o(i.tnos_task_return)
    tnos_task_stk_init                       0x08002da1   Thumb Code    60  tnos_cpu_c.o(i.tnos_task_stk_init)
    tnos_tick_proess                         0x08002de5   Thumb Code    94  tnos_core.o(i.tnos_tick_proess)
    tnos_tim_ms_init                         0x08002e49   Thumb Code     2  tnos_dev.o(i.tnos_tim_ms_init)
    tnos_tim_ms_set                          0x08002e4d   Thumb Code    48  tnos_dev.o(i.tnos_tim_ms_set)
    ttimer_delay_ms                          0x08002ef9   Thumb Code    18  xtimer.o(i.ttimer_delay_ms)
    ttimer_init                              0x08002f0d   Thumb Code    60  tnos_dev.o(i.ttimer_init)
    ttimer_is_timeout                        0x08002f51   Thumb Code    20  xtimer.o(i.ttimer_is_timeout)
    ttimer_is_timeout2                       0x08002f65   Thumb Code    48  xtimer.o(i.ttimer_is_timeout2)
    ttimer_repeat_abs                        0x08002f95   Thumb Code    14  xtimer.o(i.ttimer_repeat_abs)
    ttimer_set                               0x08002fa3   Thumb Code    24  xtimer.o(i.ttimer_set)
    ttimer_set2                              0x08002fbb   Thumb Code    34  xtimer.o(i.ttimer_set2)
    ttimer_time_less2                        0x08002fdd   Thumb Code    62  xtimer.o(i.ttimer_time_less2)
    ttimer_wait_timeout                      0x0800301b   Thumb Code    16  xtimer.o(i.ttimer_wait_timeout)
    xprintf                                  0x0800302b   Thumb Code    20  xprintf.o(i.xprintf)
    xprintf_get_char                         0x08003041   Thumb Code    34  xprintf.o(i.xprintf_get_char)
    xprintf_init                             0x08003069   Thumb Code   132  tnos_dev.o(i.xprintf_init)
    xprintf_init_com                         0x080030f9   Thumb Code    20  xprintf.o(i.xprintf_init_com)
    xprintf_msg_put_irq                      0x08003111   Thumb Code    18  tnos_dev.o(i.xprintf_msg_put_irq)
    xprintf_put_char                         0x08003129   Thumb Code    16  tnos_dev.o(i.xprintf_put_char)
    xprintf_w                                0x0800313d   Thumb Code    20  xprintf.o(i.xprintf_w)
    xsnprintf                                0x08003151   Thumb Code    18  xutils.o(i.xsnprintf)
    xstrlen                                  0x08003163   Thumb Code    12  xutils.o(i.xstrlen)
    xstrncpy                                 0x0800316f   Thumb Code    58  xutils.o(i.xstrncpy)
    xvprintf                                 0x080031a9   Thumb Code   116  xprintf.o(i.xvprintf)
    xvsnprintf                               0x08003221   Thumb Code    40  xutils.o(i.xvsnprintf)
    _get_lc_numeric                          0x08003249   Thumb Code    44  lc_numeric_c.o(locale$$code)
    _get_lc_ctype                            0x08003275   Thumb Code    44  lc_ctype_c.o(locale$$code)
    _printf_fp_dec                           0x080032a1   Thumb Code     4  printf1.o(x$fpl$printf1)
    _printf_fp_hex                           0x080032a5   Thumb Code     4  printf2.o(x$fpl$printf2)
    __I$use$fp                               0x080032a8   Number         0  usenofp.o(x$fpl$usenofp)
    Region$$Table$$Base                      0x080034d4   Number         0  anon$$obj.o(Region$$Table)
    Region$$Table$$Limit                     0x080034f4   Number         0  anon$$obj.o(Region$$Table)
    __ctype                                  0x0800351d   Data           0  lc_ctype_c.o(locale$$data)
    gs_ptnos_tcb_cur                         0x20000008   Data           4  tnos_core.o(.data)
    gs_ptnos_tcb_ready                       0x2000000c   Data           4  tnos_core.o(.data)
    g_tick                                   0x20000024   Data           8  xtimer.o(.data)
    gs_idle_tcb                              0x20000048   Data          68  tnos_core.o(.bss)
    __libspace_start                         0x20003d14   Data          96  libspace.o(.bss)
    __temporary_stack_top$libspace           0x20003d74   Data           0  libspace.o(.bss)



==============================================================================

Memory Map of the image

  Image Entry point : 0x08000131

  Load Region LR_IROM1 (Base: 0x08000000, Size: 0x00003668, Max: 0x00080000, ABSOLUTE)

    Execution Region ER_IROM1 (Base: 0x08000000, Size: 0x00003620, Max: 0x00080000, ABSOLUTE)

    Base Addr    Size         Type   Attr      Idx    E Section Name        Object

    0x08000000   0x00000130   Data   RO            3    RESET               startup_stm32f10x_hd.o
    0x08000130   0x00000008   Code   RO         4131  * !!!main             c_w.l(__main.o)
    0x08000138   0x00000034   Code   RO         4457    !!!scatter          c_w.l(__scatter.o)
    0x0800016c   0x0000001a   Code   RO         4459    !!handler_copy      c_w.l(__scatter_copy.o)
    0x08000186   0x00000002   PAD
    0x08000188   0x0000001c   Code   RO         4461    !!handler_zi        c_w.l(__scatter_zi.o)
    0x080001a4   0x00000000   Code   RO         4217    .ARM.Collect$$_printf_percent$$00000000  c_w.l(_printf_percent.o)
    0x080001a4   0x00000006   Code   RO         4206    .ARM.Collect$$_printf_percent$$00000001  c_w.l(_printf_n.o)
    0x080001aa   0x00000006   Code   RO         4208    .ARM.Collect$$_printf_percent$$00000002  c_w.l(_printf_p.o)
    0x080001b0   0x00000006   Code   RO         4213    .ARM.Collect$$_printf_percent$$00000003  c_w.l(_printf_f.o)
    0x080001b6   0x00000006   Code   RO         4214    .ARM.Collect$$_printf_percent$$00000004  c_w.l(_printf_e.o)
    0x080001bc   0x00000006   Code   RO         4215    .ARM.Collect$$_printf_percent$$00000005  c_w.l(_printf_g.o)
    0x080001c2   0x00000006   Code   RO         4216    .ARM.Collect$$_printf_percent$$00000006  c_w.l(_printf_a.o)
    0x080001c8   0x0000000a   Code   RO         4221    .ARM.Collect$$_printf_percent$$00000007  c_w.l(_printf_ll.o)
    0x080001d2   0x00000006   Code   RO         4210    .ARM.Collect$$_printf_percent$$00000008  c_w.l(_printf_i.o)
    0x080001d8   0x00000006   Code   RO         4211    .ARM.Collect$$_printf_percent$$00000009  c_w.l(_printf_d.o)
    0x080001de   0x00000006   Code   RO         4212    .ARM.Collect$$_printf_percent$$0000000A  c_w.l(_printf_u.o)
    0x080001e4   0x00000006   Code   RO         4209    .ARM.Collect$$_printf_percent$$0000000B  c_w.l(_printf_o.o)
    0x080001ea   0x00000006   Code   RO         4207    .ARM.Collect$$_printf_percent$$0000000C  c_w.l(_printf_x.o)
    0x080001f0   0x00000006   Code   RO         4218    .ARM.Collect$$_printf_percent$$0000000D  c_w.l(_printf_lli.o)
    0x080001f6   0x00000006   Code   RO         4219    .ARM.Collect$$_printf_percent$$0000000E  c_w.l(_printf_lld.o)
    0x080001fc   0x00000006   Code   RO         4220    .ARM.Collect$$_printf_percent$$0000000F  c_w.l(_printf_llu.o)
    0x08000202   0x00000006   Code   RO         4225    .ARM.Collect$$_printf_percent$$00000010  c_w.l(_printf_llo.o)
    0x08000208   0x00000006   Code   RO         4226    .ARM.Collect$$_printf_percent$$00000011  c_w.l(_printf_llx.o)
    0x0800020e   0x0000000a   Code   RO         4222    .ARM.Collect$$_printf_percent$$00000012  c_w.l(_printf_l.o)
    0x08000218   0x00000006   Code   RO         4204    .ARM.Collect$$_printf_percent$$00000013  c_w.l(_printf_c.o)
    0x0800021e   0x00000006   Code   RO         4205    .ARM.Collect$$_printf_percent$$00000014  c_w.l(_printf_s.o)
    0x08000224   0x00000006   Code   RO         4223    .ARM.Collect$$_printf_percent$$00000015  c_w.l(_printf_lc.o)
    0x0800022a   0x00000006   Code   RO         4224    .ARM.Collect$$_printf_percent$$00000016  c_w.l(_printf_ls.o)
    0x08000230   0x00000004   Code   RO         4269    .ARM.Collect$$_printf_percent$$00000017  c_w.l(_printf_percent_end.o)
    0x08000234   0x00000002   Code   RO         4318    .ARM.Collect$$libinit$$00000000  c_w.l(libinit.o)
    0x08000236   0x00000000   Code   RO         4335    .ARM.Collect$$libinit$$00000002  c_w.l(libinit2.o)
    0x08000236   0x00000000   Code   RO         4337    .ARM.Collect$$libinit$$00000004  c_w.l(libinit2.o)
    0x08000236   0x00000000   Code   RO         4340    .ARM.Collect$$libinit$$0000000A  c_w.l(libinit2.o)
    0x08000236   0x00000000   Code   RO         4342    .ARM.Collect$$libinit$$0000000C  c_w.l(libinit2.o)
    0x08000236   0x00000000   Code   RO         4344    .ARM.Collect$$libinit$$0000000E  c_w.l(libinit2.o)
    0x08000236   0x00000006   Code   RO         4345    .ARM.Collect$$libinit$$0000000F  c_w.l(libinit2.o)
    0x0800023c   0x00000000   Code   RO         4347    .ARM.Collect$$libinit$$00000011  c_w.l(libinit2.o)
    0x0800023c   0x0000000c   Code   RO         4348    .ARM.Collect$$libinit$$00000012  c_w.l(libinit2.o)
    0x08000248   0x00000000   Code   RO         4349    .ARM.Collect$$libinit$$00000013  c_w.l(libinit2.o)
    0x08000248   0x00000000   Code   RO         4351    .ARM.Collect$$libinit$$00000015  c_w.l(libinit2.o)
    0x08000248   0x0000000a   Code   RO         4352    .ARM.Collect$$libinit$$00000016  c_w.l(libinit2.o)
    0x08000252   0x00000000   Code   RO         4353    .ARM.Collect$$libinit$$00000017  c_w.l(libinit2.o)
    0x08000252   0x00000000   Code   RO         4355    .ARM.Collect$$libinit$$00000019  c_w.l(libinit2.o)
    0x08000252   0x00000000   Code   RO         4357    .ARM.Collect$$libinit$$0000001B  c_w.l(libinit2.o)
    0x08000252   0x00000000   Code   RO         4359    .ARM.Collect$$libinit$$0000001D  c_w.l(libinit2.o)
    0x08000252   0x00000000   Code   RO         4361    .ARM.Collect$$libinit$$0000001F  c_w.l(libinit2.o)
    0x08000252   0x00000000   Code   RO         4363    .ARM.Collect$$libinit$$00000021  c_w.l(libinit2.o)
    0x08000252   0x00000000   Code   RO         4365    .ARM.Collect$$libinit$$00000023  c_w.l(libinit2.o)
    0x08000252   0x00000000   Code   RO         4367    .ARM.Collect$$libinit$$00000025  c_w.l(libinit2.o)
    0x08000252   0x00000000   Code   RO         4371    .ARM.Collect$$libinit$$0000002C  c_w.l(libinit2.o)
    0x08000252   0x00000000   Code   RO         4373    .ARM.Collect$$libinit$$0000002E  c_w.l(libinit2.o)
    0x08000252   0x00000000   Code   RO         4375    .ARM.Collect$$libinit$$00000030  c_w.l(libinit2.o)
    0x08000252   0x00000000   Code   RO         4377    .ARM.Collect$$libinit$$00000032  c_w.l(libinit2.o)
    0x08000252   0x00000002   Code   RO         4378    .ARM.Collect$$libinit$$00000033  c_w.l(libinit2.o)
    0x08000254   0x00000002   Code   RO         4398    .ARM.Collect$$libshutdown$$00000000  c_w.l(libshutdown.o)
    0x08000256   0x00000000   Code   RO         4412    .ARM.Collect$$libshutdown$$00000003  c_w.l(libshutdown2.o)
    0x08000256   0x00000000   Code   RO         4415    .ARM.Collect$$libshutdown$$00000006  c_w.l(libshutdown2.o)
    0x08000256   0x00000000   Code   RO         4418    .ARM.Collect$$libshutdown$$00000009  c_w.l(libshutdown2.o)
    0x08000256   0x00000000   Code   RO         4420    .ARM.Collect$$libshutdown$$0000000B  c_w.l(libshutdown2.o)
    0x08000256   0x00000000   Code   RO         4423    .ARM.Collect$$libshutdown$$0000000E  c_w.l(libshutdown2.o)
    0x08000256   0x00000002   Code   RO         4424    .ARM.Collect$$libshutdown$$0000000F  c_w.l(libshutdown2.o)
    0x08000258   0x00000000   Code   RO         4133    .ARM.Collect$$rtentry$$00000000  c_w.l(__rtentry.o)
    0x08000258   0x00000000   Code   RO         4240    .ARM.Collect$$rtentry$$00000002  c_w.l(__rtentry2.o)
    0x08000258   0x00000006   Code   RO         4252    .ARM.Collect$$rtentry$$00000004  c_w.l(__rtentry4.o)
    0x0800025e   0x00000000   Code   RO         4242    .ARM.Collect$$rtentry$$00000009  c_w.l(__rtentry2.o)
    0x0800025e   0x00000004   Code   RO         4243    .ARM.Collect$$rtentry$$0000000A  c_w.l(__rtentry2.o)
    0x08000262   0x00000000   Code   RO         4245    .ARM.Collect$$rtentry$$0000000C  c_w.l(__rtentry2.o)
    0x08000262   0x00000008   Code   RO         4246    .ARM.Collect$$rtentry$$0000000D  c_w.l(__rtentry2.o)
    0x0800026a   0x00000002   Code   RO         4327    .ARM.Collect$$rtexit$$00000000  c_w.l(rtexit.o)
    0x0800026c   0x00000000   Code   RO         4380    .ARM.Collect$$rtexit$$00000002  c_w.l(rtexit2.o)
    0x0800026c   0x00000004   Code   RO         4381    .ARM.Collect$$rtexit$$00000003  c_w.l(rtexit2.o)
    0x08000270   0x00000006   Code   RO         4382    .ARM.Collect$$rtexit$$00000004  c_w.l(rtexit2.o)
    0x08000276   0x00000002   PAD
    0x08000278   0x00000020   Code   RO         1127    .emb_text           core_cm3.o
    0x08000298   0x0000003c   Code   RO            4    .text               startup_stm32f10x_hd.o
    0x080002d4   0x00000034   Code   RO         4117    .text               c_w.l(vsnprintf.o)
    0x08000308   0x0000003e   Code   RO         4121    .text               c_w.l(strlen.o)
    0x08000346   0x0000008a   Code   RO         4123    .text               c_w.l(rt_memcpy_v6.o)
    0x080003d0   0x0000004e   Code   RO         4127    .text               c_w.l(rt_memclr_w.o)
    0x0800041e   0x00000006   Code   RO         4129    .text               c_w.l(heapauxi.o)
    0x08000424   0x0000004e   Code   RO         4136    .text               c_w.l(_printf_pad.o)
    0x08000472   0x00000024   Code   RO         4138    .text               c_w.l(_printf_truncate.o)
    0x08000496   0x00000052   Code   RO         4140    .text               c_w.l(_printf_str.o)
    0x080004e8   0x00000078   Code   RO         4142    .text               c_w.l(_printf_dec.o)
    0x08000560   0x00000028   Code   RO         4144    .text               c_w.l(_printf_charcount.o)
    0x08000588   0x00000030   Code   RO         4146    .text               c_w.l(_printf_char_common.o)
    0x080005b8   0x0000000a   Code   RO         4148    .text               c_w.l(_sputc.o)
    0x080005c2   0x00000010   Code   RO         4150    .text               c_w.l(_snputc.o)
    0x080005d2   0x00000002   PAD
    0x080005d4   0x000000bc   Code   RO         4152    .text               c_w.l(_printf_wctomb.o)
    0x08000690   0x0000007c   Code   RO         4155    .text               c_w.l(_printf_longlong_dec.o)
    0x0800070c   0x00000070   Code   RO         4161    .text               c_w.l(_printf_oct_int_ll.o)
    0x0800077c   0x00000094   Code   RO         4181    .text               c_w.l(_printf_hex_int_ll_ptr.o)
    0x08000810   0x00000188   Code   RO         4201    .text               c_w.l(__printf_flags_ss_wp.o)
    0x08000998   0x00000064   Code   RO         4227    .text               c_w.l(rt_memcpy_w.o)
    0x080009fc   0x0000008a   Code   RO         4254    .text               c_w.l(lludiv10.o)
    0x08000a86   0x000000b2   Code   RO         4256    .text               c_w.l(_printf_intcommon.o)
    0x08000b38   0x0000041a   Code   RO         4258    .text               c_w.l(_printf_fp_dec.o)
    0x08000f52   0x00000002   PAD
    0x08000f54   0x000002fc   Code   RO         4260    .text               c_w.l(_printf_fp_hex.o)
    0x08001250   0x0000002c   Code   RO         4265    .text               c_w.l(_printf_char.o)
    0x0800127c   0x0000002c   Code   RO         4267    .text               c_w.l(_printf_wchar.o)
    0x080012a8   0x00000040   Code   RO         4270    .text               c_w.l(_wcrtomb.o)
    0x080012e8   0x0000004a   Code   RO         4272    .text               c_w.l(sys_stackheap_outer.o)
    0x08001332   0x00000002   PAD
    0x08001334   0x00000010   Code   RO         4274    .text               c_w.l(rt_ctype_table.o)
    0x08001344   0x00000008   Code   RO         4279    .text               c_w.l(rt_locale_intlibspace.o)
    0x0800134c   0x00000080   Code   RO         4281    .text               c_w.l(_printf_fp_infnan.o)
    0x080013cc   0x000000dc   Code   RO         4283    .text               c_w.l(bigflt0.o)
    0x080014a8   0x0000000c   Code   RO         4311    .text               c_w.l(exit.o)
    0x080014b4   0x00000008   Code   RO         4324    .text               c_w.l(libspace.o)
    0x080014bc   0x00000080   Code   RO         4332    .text               c_w.l(strcmpv7m.o)
    0x0800153c   0x0000000c   Code   RO         4390    .text               c_w.l(sys_exit.o)
    0x08001548   0x00000002   Code   RO         4401    .text               c_w.l(use_no_semi.o)
    0x0800154a   0x00000000   Code   RO         4403    .text               c_w.l(indicate_semi.o)
    0x0800154a   0x0000003e   Code   RO         4286    CL$$btod_d2e        c_w.l(btod.o)
    0x08001588   0x00000046   Code   RO         4288    CL$$btod_d2e_denorm_low  c_w.l(btod.o)
    0x080015ce   0x00000060   Code   RO         4287    CL$$btod_d2e_norm_op1  c_w.l(btod.o)
    0x0800162e   0x00000338   Code   RO         4296    CL$$btod_div_common  c_w.l(btod.o)
    0x08001966   0x000000c6   Code   RO         4293    CL$$btod_e2e        c_w.l(btod.o)
    0x08001a2c   0x00000028   Code   RO         4290    CL$$btod_ediv       c_w.l(btod.o)
    0x08001a54   0x00000028   Code   RO         4289    CL$$btod_emul       c_w.l(btod.o)
    0x08001a7c   0x00000244   Code   RO         4295    CL$$btod_mult_common  c_w.l(btod.o)
    0x08001cc0   0x0000005c   Code   RO         1089    CODE                tnos_cpu_rvds.o
    0x08001d1c   0x000000a2   Code   RO         2315    i.GPIO_Init         stm32f10x_gpio.o
    0x08001dbe   0x00000002   PAD
    0x08001dc0   0x00000064   Code   RO         1166    i.NVIC_Init         misc.o
    0x08001e24   0x00000014   Code   RO         1167    i.NVIC_PriorityGroupConfig  misc.o
    0x08001e38   0x00000018   Code   RO         2733    i.RCC_APB2PeriphClockCmd  stm32f10x_rcc.o
    0x08001e50   0x00000090   Code   RO         2741    i.RCC_GetClocksFreq  stm32f10x_rcc.o
    0x08001ee0   0x000000a8   Code   RO         1137    i.SetSysClockTo72   system_stm32f10x.o
    0x08001f88   0x00000050   Code   RO         1139    i.SystemInit        system_stm32f10x.o
    0x08001fd8   0x00000004   Code   RO         1014    i.TIM4_IRQHandler   tnos_dev.o
    0x08001fdc   0x00000034   Code   RO         1015    i.USART1_IRQHandler  tnos_dev.o
    0x08002010   0x0000000c   Code   RO         3882    i.USART_ClearITPendingBit  stm32f10x_usart.o
    0x0800201c   0x00000014   Code   RO         3885    i.USART_Cmd         stm32f10x_usart.o
    0x08002030   0x000000ac   Code   RO         3892    i.USART_Init        stm32f10x_usart.o
    0x080020dc   0x00000028   Code   RO         4322    i.__ARM_fpclassify  m_ws.l(fpclassify.o)
    0x08002104   0x0000000e   Code   RO         4194    i._is_digit         c_w.l(__printf_wp.o)
    0x08002112   0x00000016   Code   RO          516    i.get_time_tick     xtimer.o
    0x08002128   0x00000040   Code   RO         1016    i.get_time_tick2    tnos_dev.o
    0x08002168   0x00000144   Code   RO         1093    i.hardfault_handler_proc  tnos_cpu_c.o
    0x080022ac   0x000000f8   Code   RO          235    i.idle_task         tnos_idle.o
    0x080023a4   0x00000010   Code   RO           10    i.irq_disable       tnos_core.o
    0x080023b4   0x00000050   Code   RO           11    i.irq_enable        tnos_core.o
    0x08002404   0x0000000e   Code   RO          483    i.list_insert_after  clist.o
    0x08002412   0x0000000e   Code   RO          484    i.list_insert_before  clist.o
    0x08002420   0x00000016   Code   RO          485    i.list_remove       clist.o
    0x08002436   0x0000000a   Code   RO          782    i.main              main.o
    0x08002440   0x0000002c   Code   RO          517    i.pass_ticks        xtimer.o
    0x0800246c   0x000000cc   Code   RO          745    i.task1             tnos_test.o
    0x08002538   0x0000003c   Code   RO          520    i.time_add          xtimer.o
    0x08002574   0x00000002   Code   RO          746    i.tnos_app_init     tnos_test.o
    0x08002576   0x00000002   PAD
    0x08002578   0x00000040   Code   RO           12    i.tnos_assert       tnos_core.o
    0x080025b8   0x0000000a   Code   RO          993    i.tnos_board_other_init  system_init.o
    0x080025c2   0x00000042   Code   RO          994    i.tnos_board_sys_pro_init  system_init.o
    0x08002604   0x0000003c   Code   RO           13    i.tnos_delay_ms     tnos_core.o
    0x08002640   0x000001e4   Code   RO           14    i.tnos_do_sched     tnos_core.o
    0x08002824   0x00000002   Code   RO          784    i.tnos_idle_hook    main.o
    0x08002826   0x00000002   PAD
    0x08002828   0x00000048   Code   RO           15    i.tnos_insert_delay  tnos_core.o
    0x08002870   0x0000000a   Code   RO           18    i.tnos_irq_delay1   tnos_core.o
    0x0800287a   0x0000001a   Code   RO           21    i.tnos_sched        tnos_core.o
    0x08002894   0x0000001c   Code   RO           22    i.tnos_sched_lock   tnos_core.o
    0x080028b0   0x00000038   Code   RO           23    i.tnos_sched_noral  tnos_core.o
    0x080028e8   0x00000060   Code   RO           24    i.tnos_sched_unlock  tnos_core.o
    0x08002948   0x0000003c   Code   RO          386    i.tnos_sem_init     tnos_sem.o
    0x08002984   0x00000038   Code   RO          387    i.tnos_sem_post     tnos_sem.o
    0x080029bc   0x0000003c   Code   RO          388    i.tnos_sem_wait     tnos_sem.o
    0x080029f8   0x00000044   Code   RO           28    i.tnos_set_ready    tnos_core.o
    0x08002a3c   0x00000008   Code   RO           29    i.tnos_singal_init  tnos_core.o
    0x08002a44   0x00000058   Code   RO           30    i.tnos_singal_send  tnos_core.o
    0x08002a9c   0x00000084   Code   RO           31    i.tnos_singal_wait_ms  tnos_core.o
    0x08002b20   0x00000014   Code   RO         1094    i.tnos_start_rdy    tnos_cpu_c.o
    0x08002b34   0x000000c0   Code   RO           32    i.tnos_startup      tnos_core.o
    0x08002bf4   0x00000028   Code   RO         1095    i.tnos_taks_stk_check  tnos_cpu_c.o
    0x08002c1c   0x000000c8   Code   RO           33    i.tnos_task_create  tnos_core.o
    0x08002ce4   0x000000ac   Code   RO          747    i.tnos_task_init    tnos_test.o
    0x08002d90   0x00000010   Code   RO           34    i.tnos_task_return  tnos_core.o
    0x08002da0   0x00000044   Code   RO         1096    i.tnos_task_stk_init  tnos_cpu_c.o
    0x08002de4   0x00000064   Code   RO           36    i.tnos_tick_proess  tnos_core.o
    0x08002e48   0x00000002   Code   RO         1017    i.tnos_tim_ms_init  tnos_dev.o
    0x08002e4a   0x00000002   PAD
    0x08002e4c   0x00000034   Code   RO         1018    i.tnos_tim_ms_set   tnos_dev.o
    0x08002e80   0x00000078   Code   RO           37    i.tnos_val_init     tnos_core.o
    0x08002ef8   0x00000012   Code   RO          521    i.ttimer_delay_ms   xtimer.o
    0x08002f0a   0x00000002   PAD
    0x08002f0c   0x00000044   Code   RO         1019    i.ttimer_init       tnos_dev.o
    0x08002f50   0x00000014   Code   RO          522    i.ttimer_is_timeout  xtimer.o
    0x08002f64   0x00000030   Code   RO          523    i.ttimer_is_timeout2  xtimer.o
    0x08002f94   0x0000000e   Code   RO          525    i.ttimer_repeat_abs  xtimer.o
    0x08002fa2   0x00000018   Code   RO          526    i.ttimer_set        xtimer.o
    0x08002fba   0x00000022   Code   RO          527    i.ttimer_set2       xtimer.o
    0x08002fdc   0x0000003e   Code   RO          530    i.ttimer_time_less2  xtimer.o
    0x0800301a   0x00000010   Code   RO          531    i.ttimer_wait_timeout  xtimer.o
    0x0800302a   0x00000014   Code   RO          618    i.xprintf           xprintf.o
    0x0800303e   0x00000002   PAD
    0x08003040   0x00000028   Code   RO          619    i.xprintf_get_char  xprintf.o
    0x08003068   0x00000090   Code   RO         1020    i.xprintf_init      tnos_dev.o
    0x080030f8   0x00000018   Code   RO          620    i.xprintf_init_com  xprintf.o
    0x08003110   0x00000018   Code   RO         1021    i.xprintf_msg_put_irq  tnos_dev.o
    0x08003128   0x00000014   Code   RO         1022    i.xprintf_put_char  tnos_dev.o
    0x0800313c   0x00000014   Code   RO          621    i.xprintf_w         xprintf.o
    0x08003150   0x00000012   Code   RO          669    i.xsnprintf         xutils.o
    0x08003162   0x0000000c   Code   RO          670    i.xstrlen           xutils.o
    0x0800316e   0x0000003a   Code   RO          671    i.xstrncpy          xutils.o
    0x080031a8   0x00000078   Code   RO          622    i.xvprintf          xprintf.o
    0x08003220   0x00000028   Code   RO          674    i.xvsnprintf        xutils.o
    0x08003248   0x0000002c   Code   RO         4309    locale$$code        c_w.l(lc_numeric_c.o)
    0x08003274   0x0000002c   Code   RO         4330    locale$$code        c_w.l(lc_ctype_c.o)
    0x080032a0   0x00000004   Code   RO         4231    x$fpl$printf1       fz_ws.l(printf1.o)
    0x080032a4   0x00000004   Code   RO         4233    x$fpl$printf2       fz_ws.l(printf2.o)
    0x080032a8   0x00000000   Code   RO         4321    x$fpl$usenofp       fz_ws.l(usenofp.o)
    0x080032a8   0x00000078   Data   RO           39    .constdata          tnos_core.o
    0x08003320   0x0000002a   Data   RO          389    .constdata          tnos_sem.o
    0x0800334a   0x00000002   PAD
    0x0800334c   0x00000008   Data   RO         4153    .constdata          c_w.l(_printf_wctomb.o)
    0x08003354   0x00000028   Data   RO         4182    .constdata          c_w.l(_printf_hex_int_ll_ptr.o)
    0x0800337c   0x00000011   Data   RO         4202    .constdata          c_w.l(__printf_flags_ss_wp.o)
    0x0800338d   0x00000026   Data   RO         4261    .constdata          c_w.l(_printf_fp_hex.o)
    0x080033b3   0x00000001   PAD
    0x080033b4   0x00000094   Data   RO         4284    .constdata          c_w.l(bigflt0.o)
    0x08003448   0x00000089   Data   RO           40    .conststring        tnos_core.o
    0x080034d1   0x00000003   PAD
    0x080034d4   0x00000020   Data   RO         4455    Region$$Table       anon$$obj.o
    0x080034f4   0x0000001c   Data   RO         4308    locale$$data        c_w.l(lc_numeric_c.o)
    0x08003510   0x00000110   Data   RO         4329    locale$$data        c_w.l(lc_ctype_c.o)


    Execution Region RW_IRAM1 (Base: 0x20000000, Size: 0x00004160, Max: 0x00010000, ABSOLUTE)

    Base Addr    Size         Type   Attr      Idx    E Section Name        Object

    0x20000000   0x00000024   Data   RW           41    .data               tnos_core.o
    0x20000024   0x00000008   Data   RW          532    .data               xtimer.o
    0x2000002c   0x00000008   Data   RW          749    .data               tnos_test.o
    0x20000034   0x00000014   Data   RW         2761    .data               stm32f10x_rcc.o
    0x20000048   0x00000284   Zero   RW           38    .bss                tnos_core.o
    0x200002cc   0x00000018   Zero   RW          623    .bss                xprintf.o
    0x200002e4   0x00003198   Zero   RW          748    .bss                tnos_test.o
    0x2000347c   0x00000898   Zero   RW         1023    .bss                tnos_dev.o
    0x20003d14   0x00000060   Zero   RW         4325    .bss                c_w.l(libspace.o)
    0x20003d74   0x00000004   PAD
    0x20003d78   0x00000000   Zero   RW            2    HEAP                startup_stm32f10x_hd.o
    0x20003d78   0x000003e8   Zero   RW            1    STACK               startup_stm32f10x_hd.o


==============================================================================

Image component sizes


      Code (inc. data)   RO Data    RW Data    ZI Data      Debug   Object Name

        50          0          0          0          0       2431   clist.o
        32          0          0          0          0        572   core_cm3.o
        12          0          0          0          0     225724   main.o
       120         16          0          0          0       1519   misc.o
        60         22        304          0       1000        884   startup_stm32f10x_hd.o
       162          0          0          0          0       1900   stm32f10x_gpio.o
         0          0          0          0          0     228008   stm32f10x_it.o
       168         22          0         20          0       3929   stm32f10x_rcc.o
       204          6          0          0          0       3519   stm32f10x_usart.o
        76          0          0          0          0       1550   system_init.o
       248         24          0          0          0       1641   system_stm32f10x.o
      1916        340        257         36        644      26895   tnos_core.o
       452        208          0          0          0       3477   tnos_cpu_c.o
        92          8          0          0          0        544   tnos_cpu_rvds.o
       430         50          0          0       2200       6187   tnos_dev.o
       248         52          0          0          0       5093   tnos_idle.o
         0          0          0          0          0       2969   tnos_msgq.o
       176         64         42          0          0       2224   tnos_sem.o
       378         82          0          8      12696       5581   tnos_test.o
       224         14          0          0         24       4868   xprintf.o
       362          0          0          8          0       8206   xtimer.o
       128          0          0          0          0       3557   xutils.o

    ----------------------------------------------------------------------
      5550        908        640         72      16564     541278   Object Totals
         0          0         32          0          0          0   (incl. Generated)
        12          0          5          0          0          0   (incl. Padding)

    ----------------------------------------------------------------------

      Code (inc. data)   RO Data    RW Data    ZI Data      Debug   Library Member Name

         8          0          0          0          0         68   __main.o
       392          4         17          0          0         92   __printf_flags_ss_wp.o
        14          0          0          0          0         68   __printf_wp.o
         0          0          0          0          0          0   __rtentry.o
        12          0          0          0          0          0   __rtentry2.o
         6          0          0          0          0          0   __rtentry4.o
        52          8          0          0          0          0   __scatter.o
        26          0          0          0          0          0   __scatter_copy.o
        28          0          0          0          0          0   __scatter_zi.o
         6          0          0          0          0          0   _printf_a.o
         6          0          0          0          0          0   _printf_c.o
        44          0          0          0          0        108   _printf_char.o
        48          6          0          0          0         96   _printf_char_common.o
        40          0          0          0          0         68   _printf_charcount.o
         6          0          0          0          0          0   _printf_d.o
       120         16          0          0          0         92   _printf_dec.o
         6          0          0          0          0          0   _printf_e.o
         6          0          0          0          0          0   _printf_f.o
      1050          0          0          0          0        216   _printf_fp_dec.o
       764         10         38          0          0        100   _printf_fp_hex.o
       128         16          0          0          0         84   _printf_fp_infnan.o
         6          0          0          0          0          0   _printf_g.o
       148          4         40          0          0        160   _printf_hex_int_ll_ptr.o
         6          0          0          0          0          0   _printf_i.o
       178          0          0          0          0         88   _printf_intcommon.o
        10          0          0          0          0          0   _printf_l.o
         6          0          0          0          0          0   _printf_lc.o
        10          0          0          0          0          0   _printf_ll.o
         6          0          0          0          0          0   _printf_lld.o
         6          0          0          0          0          0   _printf_lli.o
         6          0          0          0          0          0   _printf_llo.o
         6          0          0          0          0          0   _printf_llu.o
         6          0          0          0          0          0   _printf_llx.o
       124         16          0          0          0         92   _printf_longlong_dec.o
         6          0          0          0          0          0   _printf_ls.o
         6          0          0          0          0          0   _printf_n.o
         6          0          0          0          0          0   _printf_o.o
       112          8          0          0          0        124   _printf_oct_int_ll.o
         6          0          0          0          0          0   _printf_p.o
        78          0          0          0          0        108   _printf_pad.o
         0          0          0          0          0          0   _printf_percent.o
         4          0          0          0          0          0   _printf_percent_end.o
         6          0          0          0          0          0   _printf_s.o
        82          0          0          0          0         80   _printf_str.o
        36          0          0          0          0         84   _printf_truncate.o
         6          0          0          0          0          0   _printf_u.o
        44          0          0          0          0        108   _printf_wchar.o
       188          6          8          0          0         92   _printf_wctomb.o
         6          0          0          0          0          0   _printf_x.o
        16          0          0          0          0         68   _snputc.o
        10          0          0          0          0         68   _sputc.o
        64          0          0          0          0         92   _wcrtomb.o
       220          4        148          0          0         96   bigflt0.o
      1910        128          0          0          0        672   btod.o
        12          0          0          0          0         72   exit.o
         6          0          0          0          0        152   heapauxi.o
         0          0          0          0          0          0   indicate_semi.o
        44         10        272          0          0         76   lc_ctype_c.o
        44         10         28          0          0         76   lc_numeric_c.o
         2          0          0          0          0          0   libinit.o
        30          0          0          0          0          0   libinit2.o
         2          0          0          0          0          0   libshutdown.o
         2          0          0          0          0          0   libshutdown2.o
         8          4          0          0         96         68   libspace.o
       138          0          0          0          0         80   lludiv10.o
        16          4          0          0          0         76   rt_ctype_table.o
         8          4          0          0          0         68   rt_locale_intlibspace.o
        78          0          0          0          0         80   rt_memclr_w.o
       138          0          0          0          0         68   rt_memcpy_v6.o
       100          0          0          0          0         80   rt_memcpy_w.o
         2          0          0          0          0          0   rtexit.o
        10          0          0          0          0          0   rtexit2.o
       128          0          0          0          0         68   strcmpv7m.o
        62          0          0          0          0         76   strlen.o
        12          4          0          0          0         68   sys_exit.o
        74          0          0          0          0         80   sys_stackheap_outer.o
         2          0          0          0          0         68   use_no_semi.o
        52          4          0          0          0         80   vsnprintf.o
         4          0          0          0          0         68   printf1.o
         4          0          0          0          0         68   printf2.o
         0          0          0          0          0          0   usenofp.o
        40          0          0          0          0         68   fpclassify.o

    ----------------------------------------------------------------------
      7114        266        552          0        100       4464   Library Totals
        10          0          1          0          4          0   (incl. Padding)

    ----------------------------------------------------------------------

      Code (inc. data)   RO Data    RW Data    ZI Data      Debug   Library Name

      7056        266        551          0         96       4260   c_w.l
         8          0          0          0          0        136   fz_ws.l
        40          0          0          0          0         68   m_ws.l

    ----------------------------------------------------------------------
      7114        266        552          0        100       4464   Library Totals

    ----------------------------------------------------------------------

==============================================================================


      Code (inc. data)   RO Data    RW Data    ZI Data      Debug   

     12664       1174       1192         72      16664     539394   Grand Totals
     12664       1174       1192         72      16664     539394   ELF Image Totals
     12664       1174       1192         72          0          0   ROM Totals

==============================================================================

    Total RO  Size (Code + RO Data)                13856 (  13.53kB)
    Total RW  Size (RW Data + ZI Data)             16736 (  16.34kB)
    Total ROM Size (Code + RO Data + RW Data)      13928 (  13.60kB)

==============================================================================

