<html>
<body>
<pre>
<h1>µVision Build Log</h1>
<h2>Tool Versions:</h2>
IDE-Version: ¦ÌVision V5.15
Copyright (C) 2015 ARM Ltd and ARM Germany GmbH. All rights reserved.
License Information: s Microsoft, Microsoft, LIC=NQQKP-M96NS-00TN9-4SYQD-FJ8CT-QA63S
 
Tool Versions:
Toolchain:       MDK-ARM Standard  Version: 5.15.0
Toolchain Path:  C:\Keil_v5\ARM\ARMCC\Bin
C Compiler:      Armcc.exe V5.05 update 2 (build 169)
Assembler:       Armasm.exe V5.05 update 2 (build 169)
Linker/Locator:  ArmLink.exe V5.05 update 2 (build 169)
Library Manager: ArmAr.exe V5.05 update 2 (build 169)
Hex Converter:   FromElf.exe V5.05 update 2 (build 169)
CPU DLL:         SARMCM3.DLL V5.15.0
Dialog DLL:      DARMCM1.DLL V1.12.0.0
Target DLL:      STLink\ST-LINKIII-KEIL_SWO.dll V2.0.15.0_KEIL
Dialog DLL:      TARMCM1.DLL V1.9.0.0
 
<h2>Project:</h2>
D:\vmShare\source\stm32\tnos_git\TNOS\board\stm32_l0\Project\RVMDK_5\tnos.uvprojx
Project File Date:  09/17/2018

<h2>Output:</h2>
*** Using Compiler 'V5.05 update 2 (build 169)', folder: 'C:\Keil_v5\ARM\ARMCC\Bin'
Build target 'tnos'
assembling startup_stm32l073xx.s...
compiling tnos_idle.c...
compiling tnos_test.c...
..\..\..\..\tnos\tnos_test.c(765): warning:  #177-D: variable "tm_wait" was declared but never referenced
      ttimer_t tm_wait;
..\..\..\..\tnos\tnos_test.c(750): warning:  #177-D: variable "sw" was declared but never referenced
  static u32 sw = 0;
..\..\..\..\tnos\tnos_test.c(751): warning:  #550-D: variable "gs_delay_tab" was set but never used
  static u32 gs_delay_tab[ARRAY_SIZE(tcb) + 1];
..\..\..\..\tnos\tnos_test.c: 3 warnings, 0 errors
compiling tnos_core.c...
compiling tnos_msgcyc.c...
compiling tnos_msgq.c...
compiling tnos_mutex.c...
compiling tnos_sem.c...
compiling clist.c...
compiling xtimer.c...
compiling xprintf.c...
compiling xutils.c...
compiling main.c...
compiling stm32f10x_it.c...
compiling system_init.c...
..\..\system_init.c(146): warning:  #177-D: function "spi_config" was declared but never referenced
  static void spi_config(void)
..\..\system_init.c: 1 warning, 0 errors
compiling system_stm32l0xx.c...
compiling tnos_dev.c...
compiling tnos_cpu_c.c...
assembling tnos_cpu_rvds.S...
compiling stm32l0xx_hal.c...
compiling stm32l0xx_hal_adc.c...
compiling stm32l0xx_hal_adc_ex.c...
compiling stm32l0xx_hal_comp.c...
compiling stm32l0xx_hal_comp_ex.c...
compiling stm32l0xx_hal_cortex.c...
compiling stm32l0xx_hal_crc.c...
compiling stm32l0xx_hal_crc_ex.c...
compiling stm32l0xx_hal_cryp.c...
compiling stm32l0xx_hal_cryp_ex.c...
compiling stm32l0xx_hal_dac.c...
compiling stm32l0xx_hal_dac_ex.c...
compiling stm32l0xx_hal_dma.c...
compiling stm32l0xx_hal_firewall.c...
compiling stm32l0xx_hal_flash.c...
compiling stm32l0xx_hal_flash_ex.c...
compiling stm32l0xx_hal_flash_ramfunc.c...
compiling stm32l0xx_hal_gpio.c...
compiling stm32l0xx_hal_i2c.c...
compiling stm32l0xx_hal_i2c_ex.c...
compiling stm32l0xx_hal_i2s.c...
compiling stm32l0xx_hal_irda.c...
compiling stm32l0xx_hal_iwdg.c...
compiling stm32l0xx_hal_lcd.c...
compiling stm32l0xx_hal_lptim.c...
compiling stm32l0xx_hal_msp_template.c...
compiling stm32l0xx_hal_pcd.c...
compiling stm32l0xx_hal_pcd_ex.c...
compiling stm32l0xx_hal_pwr.c...
compiling stm32l0xx_hal_pwr_ex.c...
compiling stm32l0xx_hal_rcc.c...
compiling stm32l0xx_hal_rcc_ex.c...
compiling stm32l0xx_hal_rng.c...
compiling stm32l0xx_hal_rtc.c...
compiling stm32l0xx_hal_rtc_ex.c...
compiling stm32l0xx_hal_smartcard.c...
compiling stm32l0xx_hal_smartcard_ex.c...
compiling stm32l0xx_hal_smbus.c...
compiling stm32l0xx_hal_spi.c...
compiling stm32l0xx_hal_tim.c...
compiling stm32l0xx_hal_tim_ex.c...
compiling stm32l0xx_hal_tsc.c...
compiling stm32l0xx_hal_uart.c...
compiling stm32l0xx_hal_uart_ex.c...
compiling stm32l0xx_hal_usart.c...
compiling stm32l0xx_hal_wwdg.c...
compiling stm32l0xx_ll_adc.c...
compiling stm32l0xx_ll_comp.c...
compiling stm32l0xx_ll_crc.c...
compiling stm32l0xx_ll_crs.c...
compiling stm32l0xx_ll_dac.c...
compiling stm32l0xx_ll_dma.c...
compiling stm32l0xx_ll_exti.c...
compiling stm32l0xx_ll_gpio.c...
compiling stm32l0xx_ll_i2c.c...
compiling stm32l0xx_ll_lptim.c...
compiling stm32l0xx_ll_lpuart.c...
compiling stm32l0xx_ll_pwr.c...
compiling stm32l0xx_ll_rcc.c...
compiling stm32l0xx_ll_rng.c...
compiling stm32l0xx_ll_rtc.c...
compiling stm32l0xx_ll_spi.c...
compiling stm32l0xx_ll_tim.c...
compiling stm32l0xx_ll_usart.c...
compiling stm32l0xx_ll_utils.c...
linking...
Program Size: Code=13348 RO-data=1068 RW-data=60 ZI-data=16660  
".\Objects\ISO-STM32.axf" - 0 Error(s), 4 Warning(s).

<h2>Collection of Component include folders:</h2>
  D:\vmShare\source\stm32\tnos_git\TNOS\board\stm32_l0\Project\RVMDK_5\RTE
  C:\Keil_v5\ARM\PACK\Keil\STM32L0xx_DFP\1.6.1\Device\Include

<h2>Collection of Component Files used:</h2>
</pre>
</body>
</html>
